<html>
<body>
<pre>
<h1>礦ision Build Log</h1>
<h2>Tool Versions:</h2>
IDE-Version: μVision V5.23.0.0
Copyright (C) 2017 ARM Ltd and ARM Germany GmbH. All rights reserved.
License Information: kuangtiao Microsoft, Microsoft, LIC=50DWF-6FXYT-8WQ2D-8FIHV-48UHP-NGFZL
 
Tool Versions:
Toolchain:       MDK-ARM Professional  Version: 5.23
Toolchain Path:  d:\Keil_v5\ARM\ARMCC\Bin
C Compiler:      Armcc.exe V5.06 update 4 (build 422)
Assembler:       Armasm.exe V5.06 update 4 (build 422)
Linker/Locator:  ArmLink.exe V5.06 update 4 (build 422)
Library Manager: ArmAr.exe V5.06 update 4 (build 422)
Hex Converter:   FromElf.exe V5.06 update 4 (build 422)
CPU DLL:         
Dialog DLL:      
Target DLL:      Segger\JL2CM3.dll V2.99.23.0
Dialog DLL:      TCM.DLL V1.27.0.0
 
<h2>Project:</h2>
F:\防丢器\ZX-N52S_开发板资料\6.官方SDK\6.官方SDK\SDK15.0\nRF5SDK1500a53641a\nRF5_SDK_15.0.0_a53641a\examples\peripheral\saadc\pca10040\blank\arm5_no_packs\saadc_pca10040.uvprojx
Project File Date:  08/15/2021

<h2>Output:</h2>
*** Using Compiler 'V5.06 update 4 (build 422)', folder: 'd:\Keil_v5\ARM\ARMCC\Bin'
Rebuild target 'nrf52832_xxaa'
compiling nrf_drv_ppi.c...
compiling boards.c...
compiling main.c...
compiling nrfx_prs.c...
compiling nrfx_ppi.c...
compiling nrf_drv_uart.c...
compiling nrfx_uart.c...
compiling nrfx_timer.c...
compiling nrfx_saadc.c...
compiling app_error.c...
compiling app_error_handler_keil.c...
compiling nrfx_uarte.c...
compiling app_error_weak.c...
compiling nrf_assert.c...
compiling app_util_platform.c...
compiling nrf_atomic.c...
compiling nrf_balloc.c...
compiling nrf_fprintf.c...
compiling nrf_fprintf_format.c...
compiling nrf_memobj.c...
compiling nrf_pwr_mgmt.c...
compiling nrf_section_iter.c...
compiling nrf_strerror.c...
compiling nrf_log_backend_rtt.c...
compiling nrf_log_backend_serial.c...
compiling nrf_log_default_backends.c...
compiling nrf_log_backend_uart.c...
compiling nrf_log_frontend.c...
compiling nrf_log_str_formatter.c...
compiling SEGGER_RTT_Syscalls_KEIL.c...
compiling SEGGER_RTT.c...
assembling arm_startup_nrf52.s...
compiling SEGGER_RTT_printf.c...
compiling system_nrf52.c...
linking...
Program Size: Code=10804 RO-data=2644 RW-data=204 ZI-data=9684  
FromELF: creating hex file...
".\_build\nrf52832_xxaa.axf" - 0 Error(s), 0 Warning(s).

<h2>Software Packages used:</h2>

Package Vendor: ARM
                http://www.keil.com/pack/ARM.CMSIS.4.5.0.pack
                ARM::CMSIS:CORE:4.3.0
                CMSIS (Cortex Microcontroller Software Interface Standard)
   * Component: CORE Version: 4.3.0

Package Vendor: NordicSemiconductor
                http://developer.nordicsemi.com/nRF5_SDK/pieces/nRF_DeviceFamilyPack/NordicSemiconductor.nRF_DeviceFamilyPack.8.16.0.pack
                NordicSemiconductor::Device:Startup:8.16.0
                Nordic Semiconductor nRF ARM devices Device Family Pack with Nordic License.
   * Component: Startup Version: 8.16.0

<h2>Collection of Component include folders:</h2>
  .\RTE\_nrf52832_xxaa
  d:\Keil_v5\ARM\PACK\ARM\CMSIS\4.5.0\CMSIS\Include
  d:\Keil_v5\ARM\PACK\NordicSemiconductor\nRF_DeviceFamilyPack\8.16.0\Device\Include
  d:\Keil_v5\ARM\PACK\NordicSemiconductor\nRF_DeviceFamilyPack_NordicLicense\8.27.0\Device\Include

<h2>Collection of Component Files used:</h2>

   * Component: ARM::CMSIS:CORE:4.3.0

   * Component: NordicSemiconductor::Device:Startup:8.16.0
      Source file:   Device\Source\arm\arm_startup_nrf52.s
      Source file:   Device\Source\system_nrf52.c
      Include file:  Device\Include\system_nrf52.h
Build Time Elapsed:  00:00:24
</pre>
</body>
</html>
