Component: ARM Compiler 5.06 update 4 (build 422) Tool: armlink [4d35d2]

==============================================================================

Section Cross References

    main.o(i.main) refers to nrf_log_frontend.o(i.nrf_log_init) for nrf_log_init
    main.o(i.main) refers to app_error.o(i.app_error_handler_bare) for app_error_handler_bare
    main.o(i.main) refers to nrf_log_default_backends.o(i.nrf_log_default_backends_init) for nrf_log_default_backends_init
    main.o(i.main) refers to nrf_log_frontend.o(i.nrf_log_frontend_std_0) for nrf_log_frontend_std_0
    main.o(i.main) refers to nrf_log_frontend.o(i.nrf_log_frontend_std_1) for nrf_log_frontend_std_1
    main.o(i.main) refers to nrf_log_frontend.o(i.nrf_log_frontend_dequeue) for nrf_log_frontend_dequeue
    main.o(i.main) refers to nrf_log_frontend.o(log_dynamic_data) for m_nrf_log_app_logs_data_dynamic
    main.o(i.main) refers to main.o(.constdata) for .constdata
    boards.o(i.bsp_board_button_idx_to_pin) refers to boards.o(.constdata) for .constdata
    boards.o(i.bsp_board_button_state_get) refers to boards.o(.constdata) for .constdata
    boards.o(i.bsp_board_init) refers to boards.o(i.nrf_gpio_cfg) for nrf_gpio_cfg
    boards.o(i.bsp_board_init) refers to boards.o(i.bsp_board_leds_off) for bsp_board_leds_off
    boards.o(i.bsp_board_init) refers to boards.o(.constdata) for .constdata
    boards.o(i.bsp_board_led_idx_to_pin) refers to boards.o(.constdata) for .constdata
    boards.o(i.bsp_board_led_invert) refers to boards.o(.constdata) for .constdata
    boards.o(i.bsp_board_led_off) refers to boards.o(i.nrf_gpio_pin_write) for nrf_gpio_pin_write
    boards.o(i.bsp_board_led_off) refers to boards.o(.constdata) for .constdata
    boards.o(i.bsp_board_led_on) refers to boards.o(i.nrf_gpio_pin_write) for nrf_gpio_pin_write
    boards.o(i.bsp_board_led_on) refers to boards.o(.constdata) for .constdata
    boards.o(i.bsp_board_led_state_get) refers to boards.o(.constdata) for .constdata
    boards.o(i.bsp_board_leds_off) refers to boards.o(i.bsp_board_led_off) for bsp_board_led_off
    boards.o(i.bsp_board_leds_on) refers to boards.o(i.bsp_board_led_on) for bsp_board_led_on
    boards.o(i.bsp_board_pin_to_button_idx) refers to boards.o(.constdata) for .constdata
    boards.o(i.bsp_board_pin_to_led_idx) refers to boards.o(.constdata) for .constdata
    nrf_drv_uart.o(i.nrf_drv_uart_init) refers to memcpya.o(.text) for __aeabi_memcpy4
    nrf_drv_uart.o(i.nrf_drv_uart_init) refers to nrfx_uarte.o(i.nrfx_uarte_init) for nrfx_uarte_init
    nrf_drv_uart.o(i.nrf_drv_uart_init) refers to nrfx_uart.o(i.nrfx_uart_init) for nrfx_uart_init
    nrf_drv_uart.o(i.nrf_drv_uart_init) refers to nrf_drv_uart.o(.data) for .data
    nrf_drv_uart.o(i.nrf_drv_uart_init) refers to nrf_drv_uart.o(i.uarte_evt_handler) for uarte_evt_handler
    nrf_drv_uart.o(i.nrf_drv_uart_init) refers to nrf_drv_uart.o(i.uart_evt_handler) for uart_evt_handler
    nrf_drv_uart.o(i.uart_evt_handler) refers to nrf_drv_uart.o(.data) for .data
    nrf_drv_uart.o(i.uarte_evt_handler) refers to nrf_drv_uart.o(.data) for .data
    nrfx_prs.o(i.UARTE0_UART0_IRQHandler) refers to nrfx_prs.o(.data) for .data
    nrfx_prs.o(i.nrfx_prs_acquire) refers to nrfx_prs.o(i.prs_box_get) for prs_box_get
    nrfx_prs.o(i.nrfx_prs_acquire) refers to app_util_platform.o(i.app_util_critical_region_enter) for app_util_critical_region_enter
    nrfx_prs.o(i.nrfx_prs_acquire) refers to app_util_platform.o(i.app_util_critical_region_exit) for app_util_critical_region_exit
    nrfx_prs.o(i.nrfx_prs_release) refers to nrfx_prs.o(i.prs_box_get) for prs_box_get
    nrfx_prs.o(i.prs_box_get) refers to nrfx_prs.o(.data) for .data
    nrfx_prs.o(log_const_data) refers to nrfx_prs.o(.conststrlit) for .conststrlit
    nrfx_uart.o(i.apply_config) refers to nrfx_uart.o(i.nrf_gpio_cfg_output) for nrf_gpio_cfg_output
    nrfx_uart.o(i.apply_config) refers to nrfx_uart.o(i.nrf_gpio_cfg_input) for nrf_gpio_cfg_input
    nrfx_uart.o(i.nrf_gpio_cfg_default) refers to nrfx_uart.o(i.nrf_gpio_cfg) for nrf_gpio_cfg
    nrfx_uart.o(i.nrf_gpio_cfg_input) refers to nrfx_uart.o(i.nrf_gpio_cfg) for nrf_gpio_cfg
    nrfx_uart.o(i.nrf_gpio_cfg_output) refers to nrfx_uart.o(i.nrf_gpio_cfg) for nrf_gpio_cfg
    nrfx_uart.o(i.nrfx_uart_0_irq_handler) refers to nrfx_uart.o(i.uart_irq_handler) for uart_irq_handler
    nrfx_uart.o(i.nrfx_uart_0_irq_handler) refers to nrfx_uart.o(.bss) for .bss
    nrfx_uart.o(i.nrfx_uart_errorsrc_get) refers to nrfx_uart.o(i.nrf_uart_event_clear) for nrf_uart_event_clear
    nrfx_uart.o(i.nrfx_uart_init) refers to nrfx_prs.o(i.nrfx_prs_acquire) for nrfx_prs_acquire
    nrfx_uart.o(i.nrfx_uart_init) refers to nrfx_uart.o(i.apply_config) for apply_config
    nrfx_uart.o(i.nrfx_uart_init) refers to nrfx_uart.o(i.nrf_uart_event_clear) for nrf_uart_event_clear
    nrfx_uart.o(i.nrfx_uart_init) refers to nrfx_uart.o(.bss) for .bss
[...]
    segger_rtt_printf.o(i._PrintUnsigned) refers to segger_rtt_printf.o(i._StoreChar) for _StoreChar
    segger_rtt_printf.o(i._PrintUnsigned) refers to segger_rtt_printf.o(.constdata) for .constdata
    segger_rtt_printf.o(i._StoreChar) refers to segger_rtt.o(i.SEGGER_RTT_Write) for SEGGER_RTT_Write
    arm_startup_nrf52.o(RESET) refers to arm_startup_nrf52.o(STACK) for __initial_sp
    arm_startup_nrf52.o(RESET) refers to arm_startup_nrf52.o(.text) for Reset_Handler
    arm_startup_nrf52.o(RESET) refers to nrfx_prs.o(i.UARTE0_UART0_IRQHandler) for UARTE0_UART0_IRQHandler
    arm_startup_nrf52.o(.text) refers to system_nrf52.o(i.SystemInit) for SystemInit
    arm_startup_nrf52.o(.text) refers to entry.o(.ARM.Collect$$$$00000000) for __main
    system_nrf52.o(i.SystemCoreClockUpdate) refers to system_nrf52.o(.data) for .data
    system_nrf52.o(i.SystemInit) refers to system_nrf52.o(.data) for .data
    entry.o(.ARM.Collect$$$$00000000) refers (Special) to entry10a.o(.ARM.Collect$$$$0000000D) for __rt_final_cpp
    entry.o(.ARM.Collect$$$$00000000) refers (Special) to entry11a.o(.ARM.Collect$$$$0000000F) for __rt_final_exit
    entry.o(.ARM.Collect$$$$00000000) refers (Special) to entry7b.o(.ARM.Collect$$$$00000008) for _main_clock
    entry.o(.ARM.Collect$$$$00000000) refers (Special) to entry8b.o(.ARM.Collect$$$$0000000A) for _main_cpp_init
    entry.o(.ARM.Collect$$$$00000000) refers (Special) to entry9a.o(.ARM.Collect$$$$0000000B) for _main_init
    entry.o(.ARM.Collect$$$$00000000) refers (Special) to entry5.o(.ARM.Collect$$$$00000004) for _main_scatterload
    entry.o(.ARM.Collect$$$$00000000) refers (Special) to entry2.o(.ARM.Collect$$$$00000001) for _main_stk
    fputc.o(i.fputc) refers (Special) to iusesemip.o(.text) for __I$use$semihosting$fputc
    fputc.o(i.fputc) refers (Special) to semi.o(.text) for __semihosting_library_function
    ctype_o.o(.text) refers to ctype_o.o(.constdata) for .constdata
    ctype_o.o(.constdata) refers to ctype_o.o(.constdata) for __ctype_table
    isalnum_o.o(.text) refers to ctype_o.o(.text) for __rt_ctype_table
    isalpha_o.o(.text) refers to ctype_o.o(.text) for __rt_ctype_table
    isblank_o.o(.text) refers to ctype_o.o(.constdata) for __ctype_table
    iscntrl_o.o(.text) refers to ctype_o.o(.text) for __rt_ctype_table
    isdigit_o.o(.text) refers to ctype_o.o(.text) for __rt_ctype_table
    isgraph_o.o(.text) refers to ctype_o.o(.text) for __rt_ctype_table
    islower_o.o(.text) refers to ctype_o.o(.text) for __rt_ctype_table
    isprint_o.o(.text) refers to ctype_o.o(.text) for __rt_ctype_table
    ispunct_o.o(.text) refers to ctype_o.o(.text) for __rt_ctype_table
    isspace_o.o(.text) refers to ctype_o.o(.text) for __rt_ctype_table
    isupper_o.o(.text) refers to ctype_o.o(.text) for __rt_ctype_table
    isxdigit_o.o(.text) refers to ctype_o.o(.text) for __rt_ctype_table
    entry2.o(.ARM.Collect$$$$00000001) refers to entry2.o(.ARM.Collect$$$$00002712) for __lit__00000000
    entry2.o(.ARM.Collect$$$$00002712) refers to arm_startup_nrf52.o(STACK) for __initial_sp
    entry2.o(__vectab_stack_and_reset_area) refers to arm_startup_nrf52.o(STACK) for __initial_sp
    entry2.o(__vectab_stack_and_reset_area) refers to entry.o(.ARM.Collect$$$$00000000) for __main
    entry5.o(.ARM.Collect$$$$00000004) refers to init.o(.text) for __scatterload
    entry9a.o(.ARM.Collect$$$$0000000B) refers to main.o(i.main) for main
    entry9b.o(.ARM.Collect$$$$0000000C) refers to main.o(i.main) for main
    init.o(.text) refers to entry5.o(.ARM.Collect$$$$00000004) for __main_after_scatterload


==============================================================================

Removing Unused input sections from the image.

    Removing main.o(.rev16_text), (4 bytes).
    Removing main.o(.revsh_text), (4 bytes).
    Removing main.o(.rrx_text), (6 bytes).
    Removing boards.o(.rev16_text), (4 bytes).
    Removing boards.o(.revsh_text), (4 bytes).
    Removing boards.o(.rrx_text), (6 bytes).
    Removing boards.o(i.bsp_board_button_idx_to_pin), (12 bytes).
    Removing boards.o(i.bsp_board_button_state_get), (32 bytes).
    Removing boards.o(i.bsp_board_init), (84 bytes).
    Removing boards.o(i.bsp_board_led_idx_to_pin), (12 bytes).
    Removing boards.o(i.bsp_board_led_invert), (36 bytes).
    Removing boards.o(i.bsp_board_led_off), (16 bytes).
    Removing boards.o(i.bsp_board_led_on), (16 bytes).
    Removing boards.o(i.bsp_board_led_state_get), (32 bytes).
    Removing boards.o(i.bsp_board_leds_off), (18 bytes).
    Removing boards.o(i.bsp_board_leds_on), (18 bytes).
    Removing boards.o(i.bsp_board_pin_to_button_idx), (36 bytes).
    Removing boards.o(i.bsp_board_pin_to_led_idx), (36 bytes).
    Removing boards.o(i.nrf_gpio_cfg), (36 bytes).
    Removing boards.o(i.nrf_gpio_pin_write), (22 bytes).
    Removing boards.o(.constdata), (8 bytes).
    Removing nrf_drv_uart.o(.rev16_text), (4 bytes).
    Removing nrf_drv_uart.o(.revsh_text), (4 bytes).
    Removing nrf_drv_uart.o(.rrx_text), (6 bytes).
    Removing nrfx_prs.o(.rev16_text), (4 bytes).
    Removing nrfx_prs.o(.revsh_text), (4 bytes).
    Removing nrfx_prs.o(.rrx_text), (6 bytes).
    Removing nrfx_prs.o(.constdata), (17 bytes).
    Removing nrfx_uart.o(.rev16_text), (4 bytes).
    Removing nrfx_uart.o(.revsh_text), (4 bytes).
    Removing nrfx_uart.o(.rrx_text), (6 bytes).
    Removing nrfx_uart.o(i.nrfx_uart_errorsrc_get), (26 bytes).
    Removing nrfx_uart.o(i.nrfx_uart_rx), (236 bytes).
    Removing nrfx_uart.o(i.nrfx_uart_rx_abort), (18 bytes).
    Removing nrfx_uart.o(i.nrfx_uart_rx_disable), (36 bytes).
    Removing nrfx_uart.o(i.nrfx_uart_rx_enable), (60 bytes).
    Removing nrfx_uart.o(i.nrfx_uart_rx_ready), (14 bytes).
    Removing nrfx_uart.o(i.nrfx_uart_tx_abort), (48 bytes).
    Removing nrfx_uart.o(i.rx_enable), (32 bytes).
    Removing nrfx_uart.o(.constdata), (15 bytes).
    Removing nrfx_uart.o(.constdata), (13 bytes).
    Removing nrfx_uart.o(.constdata), (13 bytes).
    Removing nrfx_uarte.o(.rev16_text), (4 bytes).
    Removing nrfx_uarte.o(.revsh_text), (4 bytes).
    Removing nrfx_uarte.o(.rrx_text), (6 bytes).
    Removing nrfx_uarte.o(i.nrfx_uarte_errorsrc_get), (26 bytes).
    Removing nrfx_uarte.o(i.nrfx_uarte_rx), (260 bytes).
    Removing nrfx_uarte.o(i.nrfx_uarte_rx_abort), (8 bytes).
    Removing nrfx_uarte.o(i.nrfx_uarte_rx_ready), (14 bytes).
    Removing nrfx_uarte.o(i.nrfx_uarte_tx_abort), (56 bytes).
    Removing nrfx_uarte.o(.constdata), (16 bytes).
    Removing nrfx_uarte.o(.constdata), (14 bytes).
    Removing nrfx_uarte.o(.constdata), (14 bytes).
    Removing app_error.o(.rev16_text), (4 bytes).
    Removing app_error.o(.revsh_text), (4 bytes).
    Removing app_error.o(.rrx_text), (6 bytes).
    Removing app_error.o(i.app_error_save_and_stop), (100 bytes).
    Removing app_error.o(.bss), (32 bytes).
    Removing app_error_handler_keil.o(.rev16_text), (4 bytes).
    Removing app_error_handler_keil.o(.revsh_text), (4 bytes).
    Removing app_error_handler_keil.o(.rrx_text), (6 bytes).
    Removing app_error_handler_keil.o(.emb_text), (26 bytes).
    Removing app_error_weak.o(.rev16_text), (4 bytes).
    Removing app_error_weak.o(.revsh_text), (4 bytes).
    Removing app_error_weak.o(.rrx_text), (6 bytes).
    Removing app_util_platform.o(.rev16_text), (4 bytes).
    Removing app_util_platform.o(.revsh_text), (4 bytes).
    Removing app_util_platform.o(.rrx_text), (6 bytes).
    Removing app_util_platform.o(i.current_int_priority_get), (48 bytes).
    Removing app_util_platform.o(i.privilege_level_get), (26 bytes).
    Removing nrf_assert.o(.rev16_text), (4 bytes).
    Removing nrf_assert.o(.revsh_text), (4 bytes).
    Removing nrf_assert.o(.rrx_text), (6 bytes).
    Removing nrf_assert.o(i.assert_nrf_callback), (22 bytes).
    Removing nrf_atomic.o(.rev16_text), (4 bytes).
    Removing nrf_atomic.o(.revsh_text), (4 bytes).
    Removing nrf_atomic.o(.rrx_text), (6 bytes).
    Removing nrf_atomic.o(i.nrf_atomic_flag_clear), (6 bytes).
    Removing nrf_atomic.o(i.nrf_atomic_flag_set_fetch), (6 bytes).
    Removing nrf_atomic.o(i.nrf_atomic_u32_and), (12 bytes).
    Removing nrf_atomic.o(i.nrf_atomic_u32_cmp_exch), (4 bytes).
    Removing nrf_atomic.o(i.nrf_atomic_u32_fetch_add), (10 bytes).
    Removing nrf_atomic.o(i.nrf_atomic_u32_fetch_or), (10 bytes).
    Removing nrf_atomic.o(i.nrf_atomic_u32_fetch_sub), (10 bytes).
    Removing nrf_atomic.o(i.nrf_atomic_u32_fetch_sub_hs), (10 bytes).
    Removing nrf_atomic.o(i.nrf_atomic_u32_fetch_xor), (10 bytes).
    Removing nrf_atomic.o(i.nrf_atomic_u32_store), (12 bytes).
    Removing nrf_atomic.o(i.nrf_atomic_u32_sub_hs), (12 bytes).
    Removing nrf_atomic.o(i.nrf_atomic_u32_xor), (12 bytes).
    Removing nrf_balloc.o(.rev16_text), (4 bytes).
    Removing nrf_balloc.o(.revsh_text), (4 bytes).
    Removing nrf_balloc.o(.rrx_text), (6 bytes).
    Removing nrf_fprintf.o(.rev16_text), (4 bytes).
    Removing nrf_fprintf.o(.revsh_text), (4 bytes).
    Removing nrf_fprintf.o(.rrx_text), (6 bytes).
    Removing nrf_fprintf_format.o(.rev16_text), (4 bytes).
    Removing nrf_fprintf_format.o(.revsh_text), (4 bytes).
    Removing nrf_fprintf_format.o(.rrx_text), (6 bytes).
    Removing nrf_memobj.o(.rev16_text), (4 bytes).
    Removing nrf_memobj.o(.revsh_text), (4 bytes).
    Removing nrf_memobj.o(.rrx_text), (6 bytes).
    Removing nrf_strerror.o(.rev16_text), (4 bytes).
    Removing nrf_strerror.o(.revsh_text), (4 bytes).
    Removing nrf_strerror.o(.rrx_text), (6 bytes).
    Removing nrf_strerror.o(i.nrf_strerror_find), (56 bytes).
    Removing nrf_strerror.o(i.nrf_strerror_get), (20 bytes).
    Removing nrf_strerror.o(.constdata), (300 bytes).
    Removing nrf_strerror.o(.conststring), (957 bytes).
    Removing nrf_log_backend_rtt.o(.rev16_text), (4 bytes).
    Removing nrf_log_backend_rtt.o(.revsh_text), (4 bytes).
    Removing nrf_log_backend_rtt.o(.rrx_text), (6 bytes).
    Removing nrf_log_backend_serial.o(.rev16_text), (4 bytes).
    Removing nrf_log_backend_serial.o(.revsh_text), (4 bytes).
    Removing nrf_log_backend_serial.o(.rrx_text), (6 bytes).
    Removing nrf_log_backend_uart.o(.rev16_text), (4 bytes).
    Removing nrf_log_backend_uart.o(.revsh_text), (4 bytes).
    Removing nrf_log_backend_uart.o(.rrx_text), (6 bytes).
    Removing nrf_log_default_backends.o(.rev16_text), (4 bytes).
    Removing nrf_log_default_backends.o(.revsh_text), (4 bytes).
    Removing nrf_log_default_backends.o(.rrx_text), (6 bytes).
    Removing nrf_log_frontend.o(.rev16_text), (4 bytes).
    Removing nrf_log_frontend.o(.revsh_text), (4 bytes).
    Removing nrf_log_frontend.o(.rrx_text), (6 bytes).
    Removing nrf_log_frontend.o(i.cont_buf_prealloc), (124 bytes).
    Removing nrf_log_frontend.o(i.nrf_log_backend_remove), (40 bytes).
    Removing nrf_log_frontend.o(i.nrf_log_frontend_hexdump), (168 bytes).
    Removing nrf_log_frontend.o(i.nrf_log_frontend_std_2), (16 bytes).
    Removing nrf_log_frontend.o(i.nrf_log_frontend_std_3), (18 bytes).
    Removing nrf_log_frontend.o(i.nrf_log_frontend_std_4), (20 bytes).
    Removing nrf_log_frontend.o(i.nrf_log_frontend_std_5), (28 bytes).
    Removing nrf_log_frontend.o(i.nrf_log_frontend_std_6), (28 bytes).
    Removing nrf_log_frontend.o(i.nrf_log_module_filter_get), (36 bytes).
    Removing nrf_log_frontend.o(i.nrf_log_module_filter_set), (2 bytes).
    Removing nrf_log_frontend.o(i.nrf_log_push), (104 bytes).
    Removing nrf_log_str_formatter.o(.rev16_text), (4 bytes).
    Removing nrf_log_str_formatter.o(.revsh_text), (4 bytes).
    Removing nrf_log_str_formatter.o(.rrx_text), (6 bytes).
    Removing nrf_log_str_formatter.o(i.nrf_log_str_formatter_timestamp_freq_set), (32 bytes).
    Removing segger_rtt.o(.rev16_text), (4 bytes).
    Removing segger_rtt.o(.revsh_text), (4 bytes).
    Removing segger_rtt.o(.rrx_text), (6 bytes).
    Removing segger_rtt.o(i.SEGGER_RTT_AllocDownBuffer), (104 bytes).
    Removing segger_rtt.o(i.SEGGER_RTT_AllocUpBuffer), (104 bytes).
    Removing segger_rtt.o(i.SEGGER_RTT_ConfigDownBuffer), (92 bytes).
    Removing segger_rtt.o(i.SEGGER_RTT_ConfigUpBuffer), (92 bytes).
    Removing segger_rtt.o(i.SEGGER_RTT_GetKey), (28 bytes).
    Removing segger_rtt.o(i.SEGGER_RTT_HasData), (24 bytes).
    Removing segger_rtt.o(i.SEGGER_RTT_HasKey), (32 bytes).
    Removing segger_rtt.o(i.SEGGER_RTT_Init), (4 bytes).
    Removing segger_rtt.o(i.SEGGER_RTT_PutChar), (88 bytes).
    Removing segger_rtt.o(i.SEGGER_RTT_PutCharSkip), (76 bytes).
    Removing segger_rtt.o(i.SEGGER_RTT_PutCharSkipNoLock), (52 bytes).
    Removing segger_rtt.o(i.SEGGER_RTT_Read), (36 bytes).
    Removing segger_rtt.o(i.SEGGER_RTT_ReadNoLock), (120 bytes).
    Removing segger_rtt.o(i.SEGGER_RTT_SetFlagsDownBuffer), (60 bytes).
    Removing segger_rtt.o(i.SEGGER_RTT_SetFlagsUpBuffer), (60 bytes).
    Removing segger_rtt.o(i.SEGGER_RTT_SetNameDownBuffer), (60 bytes).
    Removing segger_rtt.o(i.SEGGER_RTT_SetNameUpBuffer), (60 bytes).
    Removing segger_rtt.o(i.SEGGER_RTT_SetTerminal), (128 bytes).
    Removing segger_rtt.o(i.SEGGER_RTT_TerminalOut), (168 bytes).
    Removing segger_rtt.o(i.SEGGER_RTT_WaitKey), (14 bytes).
    Removing segger_rtt.o(i.SEGGER_RTT_Write), (52 bytes).
    Removing segger_rtt.o(i.SEGGER_RTT_WriteNoLock), (92 bytes).
    Removing segger_rtt.o(i.SEGGER_RTT_WriteSkipNoLock), (116 bytes).
    Removing segger_rtt.o(i.SEGGER_RTT_WriteString), (26 bytes).
    Removing segger_rtt.o(i.SEGGER_RTT_WriteWithOverwriteNoLock), (148 bytes).
    Removing segger_rtt.o(i._DoInit), (104 bytes).
    Removing segger_rtt.o(i._GetAvailWriteSpace), (22 bytes).
    Removing segger_rtt.o(i._PostTerminalSwitch), (32 bytes).
    Removing segger_rtt.o(i._WriteBlocking), (90 bytes).
    Removing segger_rtt.o(i._WriteNoCheck), (66 bytes).
    Removing segger_rtt.o(.bss), (648 bytes).
    Removing segger_rtt.o(.data), (17 bytes).
    Removing segger_rtt_syscalls_keil.o(.rev16_text), (4 bytes).
    Removing segger_rtt_syscalls_keil.o(.revsh_text), (4 bytes).
    Removing segger_rtt_syscalls_keil.o(.rrx_text), (6 bytes).
    Removing segger_rtt_syscalls_keil.o(i._sys_close), (4 bytes).
    Removing segger_rtt_syscalls_keil.o(i._sys_command_string), (2 bytes).
    Removing segger_rtt_syscalls_keil.o(i._sys_ensure), (6 bytes).
    Removing segger_rtt_syscalls_keil.o(i._sys_exit), (2 bytes).
    Removing segger_rtt_syscalls_keil.o(i._sys_flen), (4 bytes).
    Removing segger_rtt_syscalls_keil.o(i._sys_istty), (14 bytes).
    Removing segger_rtt_syscalls_keil.o(i._sys_open), (44 bytes).
    Removing segger_rtt_syscalls_keil.o(i._sys_read), (4 bytes).
    Removing segger_rtt_syscalls_keil.o(i._sys_seek), (4 bytes).
    Removing segger_rtt_syscalls_keil.o(i._sys_tmpnam), (4 bytes).
    Removing segger_rtt_syscalls_keil.o(i._sys_write), (26 bytes).
    Removing segger_rtt_syscalls_keil.o(i._ttywrch), (24 bytes).
    Removing segger_rtt_syscalls_keil.o(.constdata), (14 bytes).
    Removing segger_rtt_printf.o(.rev16_text), (4 bytes).
    Removing segger_rtt_printf.o(.revsh_text), (4 bytes).
    Removing segger_rtt_printf.o(.rrx_text), (6 bytes).
    Removing segger_rtt_printf.o(i.SEGGER_RTT_printf), (22 bytes).
    Removing segger_rtt_printf.o(i.SEGGER_RTT_vprintf), (406 bytes).
    Removing segger_rtt_printf.o(i._PrintInt), (198 bytes).
    Removing segger_rtt_printf.o(i._PrintUnsigned), (212 bytes).
    Removing segger_rtt_printf.o(i._StoreChar), (62 bytes).
    Removing segger_rtt_printf.o(.constdata), (16 bytes).
    Removing arm_startup_nrf52.o(HEAP), (8192 bytes).
    Removing system_nrf52.o(.rev16_text), (4 bytes).
    Removing system_nrf52.o(.revsh_text), (4 bytes).
    Removing system_nrf52.o(.rrx_text), (6 bytes).
    Removing system_nrf52.o(i.SystemCoreClockUpdate), (16 bytes).

203 unused section(s) (total 16136 bytes) removed from the image.

==============================================================================

Image Symbol Table

    Local Symbols

    Symbol Name                              Value     Ov Type        Size  Object(Section)

    RESET                                    0x00000000   Section      512  arm_startup_nrf52.o(RESET)
    ../clib/microlib/ctype/ctype.c           0x00000000   Number         0  isxdigit_o.o ABSOLUTE
    ../clib/microlib/ctype/ctype.c           0x00000000   Number         0  isupper_o.o ABSOLUTE
    ../clib/microlib/ctype/ctype.c           0x00000000   Number         0  ispunct_o.o ABSOLUTE
    ../clib/microlib/ctype/ctype.c           0x00000000   Number         0  isspace_o.o ABSOLUTE
    ../clib/microlib/ctype/ctype.c           0x00000000   Number         0  isprint_o.o ABSOLUTE
    ../clib/microlib/ctype/ctype.c           0x00000000   Number         0  islower_o.o ABSOLUTE
    ../clib/microlib/ctype/ctype.c           0x00000000   Number         0  isgraph_o.o ABSOLUTE
    ../clib/microlib/ctype/ctype.c           0x00000000   Number         0  isdigit_o.o ABSOLUTE
    ../clib/microlib/ctype/ctype.c           0x00000000   Number         0  isblank_o.o ABSOLUTE
    ../clib/microlib/ctype/ctype.c           0x00000000   Number         0  isalpha_o.o ABSOLUTE
    ../clib/microlib/ctype/ctype.c           0x00000000   Number         0  iscntrl_o.o ABSOLUTE
    ../clib/microlib/ctype/ctype.c           0x00000000   Number         0  isalnum_o.o ABSOLUTE
    ../clib/microlib/ctype/ctype.c           0x00000000   Number         0  ctype_o.o ABSOLUTE
    ../clib/microlib/init/entry.s            0x00000000   Number         0  entry10a.o ABSOLUTE
    ../clib/microlib/init/entry.s            0x00000000   Number         0  entry9b.o ABSOLUTE
    ../clib/microlib/init/entry.s            0x00000000   Number         0  entry11b.o ABSOLUTE
    ../clib/microlib/init/entry.s            0x00000000   Number         0  entry9a.o ABSOLUTE
    ../clib/microlib/init/entry.s            0x00000000   Number         0  entry2.o ABSOLUTE
    ../clib/microlib/init/entry.s            0x00000000   Number         0  entry8b.o ABSOLUTE
    ../clib/microlib/init/entry.s            0x00000000   Number         0  entry8a.o ABSOLUTE
    ../clib/microlib/init/entry.s            0x00000000   Number         0  entry5.o ABSOLUTE
    ../clib/microlib/init/entry.s            0x00000000   Number         0  entry7b.o ABSOLUTE
    ../clib/microlib/init/entry.s            0x00000000   Number         0  entry7a.o ABSOLUTE
    ../clib/microlib/init/entry.s            0x00000000   Number         0  entry.o ABSOLUTE
    ../clib/microlib/init/entry.s            0x00000000   Number         0  entry11a.o ABSOLUTE
    ../clib/microlib/init/entry.s            0x00000000   Number         0  entry10b.o ABSOLUTE
    ../clib/microlib/stdio/fflush.c          0x00000000   Number         0  fflush.o ABSOLUTE
    ../clib/microlib/stdio/fputc.c           0x00000000   Number         0  fputc.o ABSOLUTE
    ../clib/microlib/stdio/semi.s            0x00000000   Number         0  semi.o ABSOLUTE
    ../clib/microlib/stdio/streams.c         0x00000000   Number         0  stdout.o ABSOLUTE
    ../clib/microlib/string/memcpy.c         0x00000000   Number         0  memcpyb.o ABSOLUTE
    ../clib/microlib/string/memcpy.c         0x00000000   Number         0  memcpya.o ABSOLUTE
    ../clib/microlib/string/memset.c         0x00000000   Number         0  memseta.o ABSOLUTE
    ../clib/microlib/string/strcmp.c         0x00000000   Number         0  strcmp.o ABSOLUTE
    ../clib/microlib/string/strcpy.c         0x00000000   Number         0  strcpy.o ABSOLUTE
    ../clib/microlib/string/strlen.c         0x00000000   Number         0  strlen.o ABSOLUTE
    ../clib/microlib/stubs.s                 0x00000000   Number         0  iusesemip.o ABSOLUTE
    ../clib/microlib/stubs.s                 0x00000000   Number         0  useno.o ABSOLUTE
    ..\..\..\..\..\..\components\boards\boards.c 0x00000000   Number         0  boards.o ABSOLUTE
    ..\..\..\..\..\..\components\libraries\atomic\nrf_atomic.c 0x00000000   Number         0  nrf_atomic.o ABSOLUTE
    ..\..\..\..\..\..\components\libraries\balloc\nrf_balloc.c 0x00000000   Number         0  nrf_balloc.o ABSOLUTE
    ..\..\..\..\..\..\components\libraries\experimental_log\src\nrf_log_backend_rtt.c 0x00000000   Number         0  nrf_log_backend_rtt.o ABSOLUTE
    ..\..\..\..\..\..\components\libraries\experimental_log\src\nrf_log_backend_serial.c 0x00000000   Number         0  nrf_log_backend_serial.o ABSOLUTE
    ..\..\..\..\..\..\components\libraries\experimental_log\src\nrf_log_backend_uart.c 0x00000000   Number         0  nrf_log_backend_uart.o ABSOLUTE
    ..\..\..\..\..\..\components\libraries\experimental_log\src\nrf_log_default_backends.c 0x00000000   Number         0  nrf_log_default_backends.o ABSOLUTE
    ..\..\..\..\..\..\components\libraries\experimental_log\src\nrf_log_frontend.c 0x00000000   Number         0  nrf_log_frontend.o ABSOLUTE
    ..\..\..\..\..\..\components\libraries\experimental_log\src\nrf_log_str_formatter.c 0x00000000   Number         0  nrf_log_str_formatter.o ABSOLUTE
    ..\..\..\..\..\..\components\libraries\experimental_memobj\nrf_memobj.c 0x00000000   Number         0  nrf_memobj.o ABSOLUTE
    ..\..\..\..\..\..\components\libraries\strerror\nrf_strerror.c 0x00000000   Number         0  nrf_strerror.o ABSOLUTE
    ..\..\..\..\..\..\components\libraries\util\app_error.c 0x00000000   Number         0  app_error.o ABSOLUTE
    ..\..\..\..\..\..\components\libraries\util\app_error_handler_keil.c 0x00000000   Number         0  app_error_handler_keil.o ABSOLUTE
    ..\..\..\..\..\..\components\libraries\util\app_error_weak.c 0x00000000   Number         0  app_error_weak.o ABSOLUTE
    ..\..\..\..\..\..\components\libraries\util\app_util_platform.c 0x00000000   Number         0  app_util_platform.o ABSOLUTE
    ..\..\..\..\..\..\components\libraries\util\nrf_assert.c 0x00000000   Number         0  nrf_assert.o ABSOLUTE
    ..\..\..\..\..\..\external\fprintf\nrf_fprintf.c 0x00000000   Number         0  nrf_fprintf.o ABSOLUTE
    ..\..\..\..\..\..\external\fprintf\nrf_fprintf_format.c 0x00000000   Number         0  nrf_fprintf_format.o ABSOLUTE
    ..\..\..\..\..\..\external\segger_rtt\SEGGER_RTT.c 0x00000000   Number         0  segger_rtt.o ABSOLUTE
    ..\..\..\..\..\..\external\segger_rtt\SEGGER_RTT_Syscalls_KEIL.c 0x00000000   Number         0  segger_rtt_syscalls_keil.o ABSOLUTE
    ..\..\..\..\..\..\external\segger_rtt\SEGGER_RTT_printf.c 0x00000000   Number         0  segger_rtt_printf.o ABSOLUTE
    ..\..\..\..\..\..\integration\nrfx\legacy\nrf_drv_uart.c 0x00000000   Number         0  nrf_drv_uart.o ABSOLUTE
    ..\..\..\..\..\..\modules\nrfx\drivers\src\nrfx_uart.c 0x00000000   Number         0  nrfx_uart.o ABSOLUTE
    ..\..\..\..\..\..\modules\nrfx\drivers\src\nrfx_uarte.c 0x00000000   Number         0  nrfx_uarte.o ABSOLUTE
    ..\..\..\..\..\..\modules\nrfx\drivers\src\prs\nrfx_prs.c 0x00000000   Number         0  nrfx_prs.o ABSOLUTE
    ..\..\..\main.c                          0x00000000   Number         0  main.o ABSOLUTE
    ..\\..\\..\\..\\..\\..\\components\\boards\\boards.c 0x00000000   Number         0  boards.o ABSOLUTE
    ..\\..\\..\\..\\..\\..\\components\\libraries\\atomic\\nrf_atomic.c 0x00000000   Number         0  nrf_atomic.o ABSOLUTE
    ..\\..\\..\\..\\..\\..\\components\\libraries\\balloc\\nrf_balloc.c 0x00000000   Number         0  nrf_balloc.o ABSOLUTE
    ..\\..\\..\\..\\..\\..\\components\\libraries\\experimental_log\\src\\nrf_log_backend_rtt.c 0x00000000   Number         0  nrf_log_backend_rtt.o ABSOLUTE
    ..\\..\\..\\..\\..\\..\\components\\libraries\\experimental_log\\src\\nrf_log_backend_serial.c 0x00000000   Number         0  nrf_log_backend_serial.o ABSOLUTE
    ..\\..\\..\\..\\..\\..\\components\\libraries\\experimental_log\\src\\nrf_log_backend_uart.c 0x00000000   Number         0  nrf_log_backend_uart.o ABSOLUTE
    ..\\..\\..\\..\\..\\..\\components\\libraries\\experimental_log\\src\\nrf_log_default_backends.c 0x00000000   Number         0  nrf_log_default_backends.o ABSOLUTE
    ..\\..\\..\\..\\..\\..\\components\\libraries\\experimental_log\\src\\nrf_log_frontend.c 0x00000000   Number         0  nrf_log_frontend.o ABSOLUTE
    ..\\..\\..\\..\\..\\..\\components\\libraries\\experimental_log\\src\\nrf_log_str_formatter.c 0x00000000   Number         0  nrf_log_str_formatter.o ABSOLUTE
    ..\\..\\..\\..\\..\\..\\components\\libraries\\experimental_memobj\\nrf_memobj.c 0x00000000   Number         0  nrf_memobj.o ABSOLUTE
    ..\\..\\..\\..\\..\\..\\components\\libraries\\strerror\\nrf_strerror.c 0x00000000   Number         0  nrf_strerror.o ABSOLUTE
    ..\\..\\..\\..\\..\\..\\components\\libraries\\util\\app_error.c 0x00000000   Number         0  app_error.o ABSOLUTE
    ..\\..\\..\\..\\..\\..\\components\\libraries\\util\\app_error_handler_keil.c 0x00000000   Number         0  app_error_handler_keil.o ABSOLUTE
    ..\\..\\..\\..\\..\\..\\components\\libraries\\util\\app_error_weak.c 0x00000000   Number         0  app_error_weak.o ABSOLUTE
    ..\\..\\..\\..\\..\\..\\components\\libraries\\util\\app_util_platform.c 0x00000000   Number         0  app_util_platform.o ABSOLUTE
    ..\\..\\..\\..\\..\\..\\components\\libraries\\util\\nrf_assert.c 0x00000000   Number         0  nrf_assert.o ABSOLUTE
    ..\\..\\..\\..\\..\\..\\external\\fprintf\\nrf_fprintf.c 0x00000000   Number         0  nrf_fprintf.o ABSOLUTE
    ..\\..\\..\\..\\..\\..\\external\\fprintf\\nrf_fprintf_format.c 0x00000000   Number         0  nrf_fprintf_format.o ABSOLUTE
    ..\\..\\..\\..\\..\\..\\external\\segger_rtt\\SEGGER_RTT.c 0x00000000   Number         0  segger_rtt.o ABSOLUTE
    ..\\..\\..\\..\\..\\..\\external\\segger_rtt\\SEGGER_RTT_Syscalls_KEIL.c 0x00000000   Number         0  segger_rtt_syscalls_keil.o ABSOLUTE
    ..\\..\\..\\..\\..\\..\\external\\segger_rtt\\SEGGER_RTT_printf.c 0x00000000   Number         0  segger_rtt_printf.o ABSOLUTE
    ..\\..\\..\\..\\..\\..\\integration\\nrfx\\legacy\\nrf_drv_uart.c 0x00000000   Number         0  nrf_drv_uart.o ABSOLUTE
    ..\\..\\..\\..\\..\\..\\modules\\nrfx\\drivers\\src\\nrfx_uart.c 0x00000000   Number         0  nrfx_uart.o ABSOLUTE
    ..\\..\\..\\..\\..\\..\\modules\\nrfx\\drivers\\src\\nrfx_uarte.c 0x00000000   Number         0  nrfx_uarte.o ABSOLUTE
    ..\\..\\..\\..\\..\\..\\modules\\nrfx\\drivers\\src\\prs\\nrfx_prs.c 0x00000000   Number         0  nrfx_prs.o ABSOLUTE
    ..\\..\\..\\main.c                       0x00000000   Number         0  main.o ABSOLUTE
    RTE\Device\nRF52832_xxAA\arm_startup_nrf52.s 0x00000000   Number         0  arm_startup_nrf52.o ABSOLUTE
    RTE\Device\nRF52832_xxAA\system_nrf52.c  0x00000000   Number         0  system_nrf52.o ABSOLUTE
    RTE\\Device\\nRF52832_xxAA\\system_nrf52.c 0x00000000   Number         0  system_nrf52.o ABSOLUTE
    dc.s                                     0x00000000   Number         0  dc.o ABSOLUTE
    handlers.s                               0x00000000   Number         0  handlers.o ABSOLUTE
    init.s                                   0x00000000   Number         0  init.o ABSOLUTE
    .ARM.Collect$$$$00000000                 0x00000200   Section        0  entry.o(.ARM.Collect$$$$00000000)
    .ARM.Collect$$$$00000001                 0x00000200   Section        4  entry2.o(.ARM.Collect$$$$00000001)
    .ARM.Collect$$$$00000004                 0x00000204   Section        4  entry5.o(.ARM.Collect$$$$00000004)
    .ARM.Collect$$$$00000008                 0x00000208   Section        0  entry7b.o(.ARM.Collect$$$$00000008)
    .ARM.Collect$$$$0000000A                 0x00000208   Section        0  entry8b.o(.ARM.Collect$$$$0000000A)
    .ARM.Collect$$$$0000000B                 0x00000208   Section        8  entry9a.o(.ARM.Collect$$$$0000000B)
    .ARM.Collect$$$$0000000D                 0x00000210   Section        0  entry10a.o(.ARM.Collect$$$$0000000D)
    .ARM.Collect$$$$0000000F                 0x00000210   Section        0  entry11a.o(.ARM.Collect$$$$0000000F)
    .ARM.Collect$$$$00002712                 0x00000210   Section        4  entry2.o(.ARM.Collect$$$$00002712)
    __lit__00000000                          0x00000210   Data           4  entry2.o(.ARM.Collect$$$$00002712)
    .emb_text                                0x00000214   Section      226  nrf_atomic.o(.emb_text)
    $v0                                      0x00000214   Number         0  nrf_atomic.o(.emb_text)
    .text                                    0x000002f8   Section       36  arm_startup_nrf52.o(.text)
    $v0                                      0x000002f8   Number         0  arm_startup_nrf52.o(.text)
    .text                                    0x0000031c   Section        0  ctype_o.o(.text)
    .text                                    0x00000324   Section        0  memcpya.o(.text)
    .text                                    0x00000348   Section        0  memseta.o(.text)
    .text                                    0x0000036c   Section        0  strlen.o(.text)
    .text                                    0x0000037c   Section       36  init.o(.text)
    i.SystemInit                             0x000003a0   Section        0  system_nrf52.o(i.SystemInit)
    i.UARTE0_UART0_IRQHandler                0x000006bc   Section        0  nrfx_prs.o(i.UARTE0_UART0_IRQHandler)
    i.__scatterload_copy                     0x000006c8   Section       14  handlers.o(i.__scatterload_copy)
    i.__scatterload_null                     0x000006d6   Section        2  handlers.o(i.__scatterload_null)
    i.__scatterload_zeroinit                 0x000006d8   Section       14  handlers.o(i.__scatterload_zeroinit)
    i.app_error_fault_handler                0x000006e8   Section        0  app_error_weak.o(i.app_error_fault_handler)
    i.app_error_handler_bare                 0x00000764   Section        0  app_error.o(i.app_error_handler_bare)
    i.app_util_critical_region_enter         0x0000077a   Section        0  app_util_platform.o(i.app_util_critical_region_enter)
    i.app_util_critical_region_exit          0x0000077e   Section        0  app_util_platform.o(i.app_util_critical_region_exit)
    i.app_util_disable_irq                   0x00000784   Section        0  app_util_platform.o(i.app_util_disable_irq)
    i.app_util_enable_irq                    0x00000794   Section        0  app_util_platform.o(i.app_util_enable_irq)
    i.apply_config                           0x000007a8   Section        0  nrfx_uart.o(i.apply_config)
    apply_config                             0x000007a9   Thumb Code   136  nrfx_uart.o(i.apply_config)
    i.apply_config                           0x00000830   Section        0  nrfx_uarte.o(i.apply_config)
    apply_config                             0x00000831   Thumb Code   136  nrfx_uarte.o(i.apply_config)
    i.buf_prealloc                           0x000008b8   Section        0  nrf_log_frontend.o(i.buf_prealloc)
    buf_prealloc                             0x000008b9   Thumb Code   130  nrf_log_frontend.o(i.buf_prealloc)
    i.buffer_add                             0x00000940   Section        0  nrf_fprintf_format.o(i.buffer_add)
    buffer_add                               0x00000941   Thumb Code    30  nrf_fprintf_format.o(i.buffer_add)
    i.buffer_is_empty                        0x00000960   Section        0  nrf_log_frontend.o(i.buffer_is_empty)
    i.dropped_sat16_get                      0x00000974   Section        0  nrf_log_frontend.o(i.dropped_sat16_get)
    dropped_sat16_get                        0x00000975   Thumb Code    16  nrf_log_frontend.o(i.dropped_sat16_get)
    i.int_print                              0x00000988   Section        0  nrf_fprintf_format.o(i.int_print)
    int_print                                0x00000989   Thumb Code   166  nrf_fprintf_format.o(i.int_print)
    i.interrupts_enable                      0x00000a30   Section        0  nrfx_uarte.o(i.interrupts_enable)
    interrupts_enable                        0x00000a31   Thumb Code   122  nrfx_uarte.o(i.interrupts_enable)
    i.invalid_packets_pushed_str_omit        0x00000ab0   Section        0  nrf_log_frontend.o(i.invalid_packets_pushed_str_omit)
    invalid_packets_pushed_str_omit          0x00000ab1   Thumb Code    76  nrf_log_frontend.o(i.invalid_packets_pushed_str_omit)
    i.log_skip                               0x00000afc   Section        0  nrf_log_frontend.o(i.log_skip)
    log_skip                                 0x00000afd   Thumb Code   148  nrf_log_frontend.o(i.log_skip)
    i.main                                   0x00000b98   Section        0  main.o(i.main)
    i.memobj_op                              0x00000c84   Section        0  nrf_memobj.o(i.memobj_op)
    memobj_op                                0x00000c85   Thumb Code   118  nrf_memobj.o(i.memobj_op)
    i.module_idx_get                         0x00000cfc   Section        0  nrf_log_frontend.o(i.module_idx_get)
    module_idx_get                           0x00000cfd   Thumb Code    44  nrf_log_frontend.o(i.module_idx_get)
    i.nrf_atomic_flag_clear_fetch            0x00000d2c   Section        0  nrf_atomic.o(i.nrf_atomic_flag_clear_fetch)
    i.nrf_atomic_flag_set                    0x00000d32   Section        0  nrf_atomic.o(i.nrf_atomic_flag_set)
    i.nrf_atomic_u32_add                     0x00000d38   Section        0  nrf_atomic.o(i.nrf_atomic_u32_add)
    i.nrf_atomic_u32_fetch_and               0x00000d44   Section        0  nrf_atomic.o(i.nrf_atomic_u32_fetch_and)
    i.nrf_atomic_u32_fetch_store             0x00000d4e   Section        0  nrf_atomic.o(i.nrf_atomic_u32_fetch_store)
    i.nrf_atomic_u32_or                      0x00000d58   Section        0  nrf_atomic.o(i.nrf_atomic_u32_or)
    i.nrf_atomic_u32_sub                     0x00000d64   Section        0  nrf_atomic.o(i.nrf_atomic_u32_sub)
    i.nrf_balloc_alloc                       0x00000d70   Section        0  nrf_balloc.o(i.nrf_balloc_alloc)
    i.nrf_balloc_free                        0x00000dae   Section        0  nrf_balloc.o(i.nrf_balloc_free)
    i.nrf_balloc_init                        0x00000dd8   Section        0  nrf_balloc.o(i.nrf_balloc_init)
    i.nrf_drv_uart_init                      0x00000e08   Section        0  nrf_drv_uart.o(i.nrf_drv_uart_init)
    i.nrf_fprintf                            0x00000e70   Section        0  nrf_fprintf.o(i.nrf_fprintf)
    i.nrf_fprintf_buffer_flush               0x00000e8a   Section        0  nrf_fprintf.o(i.nrf_fprintf_buffer_flush)
    i.nrf_fprintf_fmt                        0x00000ea2   Section        0  nrf_fprintf_format.o(i.nrf_fprintf_fmt)
    i.nrf_gpio_cfg                           0x0000107c   Section        0  nrfx_uart.o(i.nrf_gpio_cfg)
    nrf_gpio_cfg                             0x0000107d   Thumb Code    36  nrfx_uart.o(i.nrf_gpio_cfg)
    i.nrf_gpio_cfg                           0x000010a0   Section        0  nrfx_uarte.o(i.nrf_gpio_cfg)
    nrf_gpio_cfg                             0x000010a1   Thumb Code    36  nrfx_uarte.o(i.nrf_gpio_cfg)
    i.nrf_gpio_cfg_default                   0x000010c4   Section        0  nrfx_uart.o(i.nrf_gpio_cfg_default)
    nrf_gpio_cfg_default                     0x000010c5   Thumb Code    18  nrfx_uart.o(i.nrf_gpio_cfg_default)
    i.nrf_gpio_cfg_default                   0x000010d6   Section        0  nrfx_uarte.o(i.nrf_gpio_cfg_default)
    nrf_gpio_cfg_default                     0x000010d7   Thumb Code    18  nrfx_uarte.o(i.nrf_gpio_cfg_default)
    i.nrf_gpio_cfg_input                     0x000010e8   Section        0  nrfx_uart.o(i.nrf_gpio_cfg_input)
    nrf_gpio_cfg_input                       0x000010e9   Thumb Code    18  nrfx_uart.o(i.nrf_gpio_cfg_input)
    i.nrf_gpio_cfg_input                     0x000010fa   Section        0  nrfx_uarte.o(i.nrf_gpio_cfg_input)
    nrf_gpio_cfg_input                       0x000010fb   Thumb Code    18  nrfx_uarte.o(i.nrf_gpio_cfg_input)
    i.nrf_gpio_cfg_output                    0x0000110c   Section        0  nrfx_uart.o(i.nrf_gpio_cfg_output)
    nrf_gpio_cfg_output                      0x0000110d   Thumb Code    20  nrfx_uart.o(i.nrf_gpio_cfg_output)
    i.nrf_gpio_cfg_output                    0x00001120   Section        0  nrfx_uarte.o(i.nrf_gpio_cfg_output)
    nrf_gpio_cfg_output                      0x00001121   Thumb Code    20  nrfx_uarte.o(i.nrf_gpio_cfg_output)
    i.nrf_log_backend_add                    0x00001134   Section        0  nrf_log_frontend.o(i.nrf_log_backend_add)
    i.nrf_log_backend_serial_put             0x00001184   Section        0  nrf_log_backend_serial.o(i.nrf_log_backend_serial_put)
    i.nrf_log_backend_uart_flush             0x0000124c   Section        0  nrf_log_backend_uart.o(i.nrf_log_backend_uart_flush)
    nrf_log_backend_uart_flush               0x0000124d   Thumb Code     2  nrf_log_backend_uart.o(i.nrf_log_backend_uart_flush)
    i.nrf_log_backend_uart_init              0x0000124e   Section        0  nrf_log_backend_uart.o(i.nrf_log_backend_uart_init)
    i.nrf_log_backend_uart_panic_set         0x00001254   Section        0  nrf_log_backend_uart.o(i.nrf_log_backend_uart_panic_set)
    nrf_log_backend_uart_panic_set           0x00001255   Thumb Code    36  nrf_log_backend_uart.o(i.nrf_log_backend_uart_panic_set)
    i.nrf_log_backend_uart_put               0x00001280   Section        0  nrf_log_backend_uart.o(i.nrf_log_backend_uart_put)
    nrf_log_backend_uart_put                 0x00001281   Thumb Code    16  nrf_log_backend_uart.o(i.nrf_log_backend_uart_put)
    i.nrf_log_color_id_get                   0x00001298   Section        0  nrf_log_frontend.o(i.nrf_log_color_id_get)
    i.nrf_log_default_backends_init          0x000012c8   Section        0  nrf_log_default_backends.o(i.nrf_log_default_backends_init)
    i.nrf_log_frontend_dequeue               0x000012e4   Section        0  nrf_log_frontend.o(i.nrf_log_frontend_dequeue)
    i.nrf_log_frontend_std_0                 0x000014fc   Section        0  nrf_log_frontend.o(i.nrf_log_frontend_std_0)
    i.nrf_log_frontend_std_1                 0x00001504   Section        0  nrf_log_frontend.o(i.nrf_log_frontend_std_1)
    i.nrf_log_hexdump_entry_process          0x00001514   Section        0  nrf_log_str_formatter.o(i.nrf_log_hexdump_entry_process)
    i.nrf_log_init                           0x000015c0   Section        0  nrf_log_frontend.o(i.nrf_log_init)
    i.nrf_log_module_cnt_get                 0x00001618   Section        0  nrf_log_frontend.o(i.nrf_log_module_cnt_get)
    i.nrf_log_module_name_get                0x0000162c   Section        0  nrf_log_frontend.o(i.nrf_log_module_name_get)
    i.nrf_log_panic                          0x00001648   Section        0  nrf_log_frontend.o(i.nrf_log_panic)
    i.nrf_log_std_entry_process              0x00001670   Section        0  nrf_log_str_formatter.o(i.nrf_log_std_entry_process)
    i.nrf_memobj_alloc                       0x00001726   Section        0  nrf_memobj.o(i.nrf_memobj_alloc)
    i.nrf_memobj_free                        0x00001786   Section        0  nrf_memobj.o(i.nrf_memobj_free)
    i.nrf_memobj_get                         0x000017b8   Section        0  nrf_memobj.o(i.nrf_memobj_get)
    i.nrf_memobj_pool_init                   0x000017c0   Section        0  nrf_memobj.o(i.nrf_memobj_pool_init)
    i.nrf_memobj_put                         0x000017c4   Section        0  nrf_memobj.o(i.nrf_memobj_put)
    i.nrf_memobj_read                        0x000017e2   Section        0  nrf_memobj.o(i.nrf_memobj_read)
    i.nrf_memobj_write                       0x000017ee   Section        0  nrf_memobj.o(i.nrf_memobj_write)
    i.nrf_uart_event_check                   0x000017fa   Section        0  nrfx_uart.o(i.nrf_uart_event_check)
    nrf_uart_event_check                     0x000017fb   Thumb Code    10  nrfx_uart.o(i.nrf_uart_event_check)
    i.nrf_uart_event_clear                   0x00001804   Section        0  nrfx_uart.o(i.nrf_uart_event_clear)
    nrf_uart_event_clear                     0x00001805   Thumb Code    12  nrfx_uart.o(i.nrf_uart_event_clear)
    i.nrf_uart_int_enable_check              0x00001810   Section        0  nrfx_uart.o(i.nrf_uart_int_enable_check)
    nrf_uart_int_enable_check                0x00001811   Thumb Code    12  nrfx_uart.o(i.nrf_uart_int_enable_check)
    i.nrf_uarte_event_check                  0x0000181c   Section        0  nrfx_uarte.o(i.nrf_uarte_event_check)
    nrf_uarte_event_check                    0x0000181d   Thumb Code    10  nrfx_uarte.o(i.nrf_uarte_event_check)
    i.nrf_uarte_event_clear                  0x00001826   Section        0  nrfx_uarte.o(i.nrf_uarte_event_clear)
    nrf_uarte_event_clear                    0x00001827   Thumb Code    12  nrfx_uarte.o(i.nrf_uarte_event_clear)
    i.nrfx_is_in_ram                         0x00001832   Section        0  nrfx_uarte.o(i.nrfx_is_in_ram)
    nrfx_is_in_ram                           0x00001833   Thumb Code    16  nrfx_uarte.o(i.nrfx_is_in_ram)
    i.nrfx_prs_acquire                       0x00001842   Section        0  nrfx_prs.o(i.nrfx_prs_acquire)
    i.nrfx_prs_release                       0x00001872   Section        0  nrfx_prs.o(i.nrfx_prs_release)
    i.nrfx_uart_0_irq_handler                0x00001884   Section        0  nrfx_uart.o(i.nrfx_uart_0_irq_handler)
    i.nrfx_uart_init                         0x00001894   Section        0  nrfx_uart.o(i.nrfx_uart_init)
    i.nrfx_uart_tx                           0x00001968   Section        0  nrfx_uart.o(i.nrfx_uart_tx)
    i.nrfx_uart_tx_in_progress               0x00001a0c   Section        0  nrfx_uart.o(i.nrfx_uart_tx_in_progress)
    i.nrfx_uart_uninit                       0x00001a2c   Section        0  nrfx_uart.o(i.nrfx_uart_uninit)
    i.nrfx_uarte_0_irq_handler               0x00001ae0   Section        0  nrfx_uarte.o(i.nrfx_uarte_0_irq_handler)
    i.nrfx_uarte_init                        0x00001af0   Section        0  nrfx_uarte.o(i.nrfx_uarte_init)
    i.nrfx_uarte_tx                          0x00001b5c   Section        0  nrfx_uarte.o(i.nrfx_uarte_tx)
    i.nrfx_uarte_tx_in_progress              0x00001bec   Section        0  nrfx_uarte.o(i.nrfx_uarte_tx_in_progress)
    i.nrfx_uarte_uninit                      0x00001c08   Section        0  nrfx_uarte.o(i.nrfx_uarte_uninit)
    i.postfix_process                        0x00001cb8   Section        0  nrf_log_str_formatter.o(i.postfix_process)
    postfix_process                          0x00001cb9   Thumb Code    48  nrf_log_str_formatter.o(i.postfix_process)
    i.prefix_process                         0x00001cf4   Section        0  nrf_log_str_formatter.o(i.prefix_process)
    prefix_process                           0x00001cf5   Thumb Code    90  nrf_log_str_formatter.o(i.prefix_process)
    i.prs_box_get                            0x00001d8c   Section        0  nrfx_prs.o(i.prs_box_get)
    prs_box_get                              0x00001d8d   Thumb Code    14  nrfx_prs.o(i.prs_box_get)
    i.rx_byte                                0x00001da4   Section        0  nrfx_uart.o(i.rx_byte)
    rx_byte                                  0x00001da5   Thumb Code    50  nrfx_uart.o(i.rx_byte)
    i.rx_done_event                          0x00001dd6   Section        0  nrfx_uart.o(i.rx_done_event)
    rx_done_event                            0x00001dd7   Thumb Code    22  nrfx_uart.o(i.rx_done_event)
    i.rx_done_event                          0x00001dec   Section        0  nrfx_uarte.o(i.rx_done_event)
    rx_done_event                            0x00001ded   Thumb Code    24  nrfx_uarte.o(i.rx_done_event)
    i.serial_tx                              0x00001e04   Section        0  nrf_log_backend_uart.o(i.serial_tx)
    serial_tx                                0x00001e05   Thumb Code    54  nrf_log_backend_uart.o(i.serial_tx)
    i.std_n                                  0x00001e44   Section        0  nrf_log_frontend.o(i.std_n)
    std_n                                    0x00001e45   Thumb Code   136  nrf_log_frontend.o(i.std_n)
    i.tx_byte                                0x00001ed0   Section        0  nrfx_uart.o(i.tx_byte)
    tx_byte                                  0x00001ed1   Thumb Code    32  nrfx_uart.o(i.tx_byte)
    i.tx_done_event                          0x00001ef0   Section        0  nrfx_uart.o(i.tx_done_event)
    tx_done_event                            0x00001ef1   Thumb Code    26  nrfx_uart.o(i.tx_done_event)
    i.uart_evt_handler                       0x00001f0c   Section        0  nrf_drv_uart.o(i.uart_evt_handler)
    uart_evt_handler                         0x00001f0d   Thumb Code    42  nrf_drv_uart.o(i.uart_evt_handler)
    i.uart_evt_handler                       0x00001f3c   Section        0  nrf_log_backend_uart.o(i.uart_evt_handler)
    uart_evt_handler                         0x00001f3d   Thumb Code     8  nrf_log_backend_uart.o(i.uart_evt_handler)
    i.uart_init                              0x00001f48   Section        0  nrf_log_backend_uart.o(i.uart_init)
    uart_init                                0x00001f49   Thumb Code    66  nrf_log_backend_uart.o(i.uart_init)
    i.uart_irq_handler                       0x00001f98   Section        0  nrfx_uart.o(i.uart_irq_handler)
    uart_irq_handler                         0x00001f99   Thumb Code   296  nrfx_uart.o(i.uart_irq_handler)
    i.uarte_evt_handler                      0x000020c0   Section        0  nrf_drv_uart.o(i.uarte_evt_handler)
    uarte_evt_handler                        0x000020c1   Thumb Code    42  nrf_drv_uart.o(i.uarte_evt_handler)
    i.uarte_irq_handler                      0x000020f0   Section        0  nrfx_uarte.o(i.uarte_irq_handler)
    uarte_irq_handler                        0x000020f1   Thumb Code   244  nrfx_uarte.o(i.uarte_irq_handler)
    i.unsigned_print                         0x000021e4   Section        0  nrf_fprintf_format.o(i.unsigned_print)
    unsigned_print                           0x000021e5   Thumb Code   176  nrf_fprintf_format.o(i.unsigned_print)
    .constdata                               0x000022a0   Section        6  main.o(.constdata)
    delay_bytecode                           0x000022a0   Data           6  main.o(.constdata)
    .constdata                               0x000022a8   Section        4  nrfx_uart.o(.constdata)
    irq_handlers                             0x000022a8   Data           4  nrfx_uart.o(.constdata)
    .constdata                               0x000022ac   Section        4  nrfx_uarte.o(.constdata)
    irq_handlers                             0x000022ac   Data           4  nrfx_uarte.o(.constdata)
    .constdata                               0x000022b0   Section       16  nrf_fprintf_format.o(.constdata)
    _aV2C                                    0x000022b0   Data          16  nrf_fprintf_format.o(.constdata)
    .constdata                               0x000022c0   Section       12  nrf_log_backend_uart.o(.constdata)
    .constdata                               0x000022cc   Section       32  nrf_log_backend_uart.o(.constdata)
    .constdata                               0x000022ec   Section      129  ctype_o.o(.constdata)
    .constdata                               0x00002370   Section        4  ctype_o.o(.constdata)
    table                                    0x00002370   Data           4  ctype_o.o(.constdata)
    .conststring                             0x00002374   Section      102  nrf_log_str_formatter.o(.conststring)
    .conststrlit                             0x000023dc   Section        4  nrfx_prs.o(.conststrlit)
    .conststrlit                             0x000023e0   Section        5  nrfx_uart.o(.conststrlit)
    .conststrlit                             0x000023e8   Section        6  nrfx_uarte.o(.conststrlit)
    .conststrlit                             0x000023f0   Section       24  nrf_log_frontend.o(.conststrlit)
    log_const_data                           0x00002428   Section        8  nrfx_prs.o(log_const_data)
    __tagsym$$used                           0x00002428   Number         0  nrfx_prs.o(log_const_data)
    log_const_data                           0x00002430   Section        8  nrfx_uart.o(log_const_data)
    __tagsym$$used                           0x00002430   Number         0  nrfx_uart.o(log_const_data)
    log_const_data                           0x00002438   Section        8  nrfx_uarte.o(log_const_data)
    __tagsym$$used                           0x00002438   Number         0  nrfx_uarte.o(log_const_data)
    log_const_data                           0x00002440   Section       16  nrf_log_frontend.o(log_const_data)
    __tagsym$$used                           0x00002440   Number         0  nrf_log_frontend.o(log_const_data)
    __tagsym$$used                           0x00002448   Number         0  nrf_log_frontend.o(log_const_data)
    nrf_balloc                               0x00002450   Section       24  nrf_log_frontend.o(nrf_balloc)
    __tagsym$$used                           0x00002450   Number         0  nrf_log_frontend.o(nrf_balloc)
    .data                                    0x20000000   Section       12  nrf_drv_uart.o(.data)
    m_handlers                               0x20000004   Data           4  nrf_drv_uart.o(.data)
    m_contexts                               0x20000008   Data           4  nrf_drv_uart.o(.data)
    .data                                    0x2000000c   Section        8  nrfx_prs.o(.data)
    m_prs_box_4                              0x2000000c   Data           8  nrfx_prs.o(.data)
    .data                                    0x20000014   Section        4  app_util_platform.o(.data)
    m_in_critical_region                     0x20000014   Data           4  app_util_platform.o(.data)
    .data                                    0x20000018   Section       24  nrf_log_backend_uart.o(.data)
    m_xfer_done                              0x20000018   Data           1  nrf_log_backend_uart.o(.data)
    m_async_mode                             0x20000019   Data           1  nrf_log_backend_uart.o(.data)
    .data                                    0x20000030   Section       12  nrf_log_default_backends.o(.data)
    uart_log_backend                         0x20000030   Data          12  nrf_log_default_backends.o(.data)
    .data                                    0x2000003c   Section        8  nrf_log_frontend.o(.data)
    log_mempool_nrf_balloc_pool_stack        0x2000003c   Data           8  nrf_log_frontend.o(.data)
    .data                                    0x20000044   Section        8  nrf_log_frontend.o(.data)
    log_mempool_nrf_balloc_cb                0x20000044   Data           8  nrf_log_frontend.o(.data)
    .data                                    0x2000004c   Section       64  nrf_log_str_formatter.o(.data)
    m_freq                                   0x2000004c   Data           4  nrf_log_str_formatter.o(.data)
    m_timestamp_div                          0x20000050   Data           4  nrf_log_str_formatter.o(.data)
    severity_names                           0x20000054   Data          20  nrf_log_str_formatter.o(.data)
    m_colors                                 0x20000068   Data          36  nrf_log_str_formatter.o(.data)
    .data                                    0x2000008c   Section        4  system_nrf52.o(.data)
    __tagsym$$used                           0x2000008c   Number         0  system_nrf52.o(.data)
    log_dynamic_data                         0x20000090   Section        4  nrfx_prs.o(log_dynamic_data)
    __tagsym$$used                           0x20000090   Number         0  nrfx_prs.o(log_dynamic_data)
    log_dynamic_data                         0x20000094   Section        4  nrfx_uart.o(log_dynamic_data)
    __tagsym$$used                           0x20000094   Number         0  nrfx_uart.o(log_dynamic_data)
    log_dynamic_data                         0x20000098   Section        4  nrfx_uarte.o(log_dynamic_data)
    __tagsym$$used                           0x20000098   Number         0  nrfx_uarte.o(log_dynamic_data)
    log_dynamic_data                         0x2000009c   Section        8  nrf_log_frontend.o(log_dynamic_data)
    __tagsym$$used                           0x2000009c   Number         0  nrf_log_frontend.o(log_dynamic_data)
    __tagsym$$used                           0x200000a0   Number         0  nrf_log_frontend.o(log_dynamic_data)
    .bss                                     0x200000a4   Section       44  nrfx_uart.o(.bss)
    m_cb                                     0x200000a4   Data          44  nrfx_uart.o(.bss)
    .bss                                     0x200000d0   Section       36  nrfx_uarte.o(.bss)
    m_cb                                     0x200000d0   Data          36  nrfx_uarte.o(.bss)
    .bss                                     0x200000f4   Section       64  nrf_log_backend_uart.o(.bss)
    m_string_buff                            0x200000f4   Data          64  nrf_log_backend_uart.o(.bss)
    .bss                                     0x20000134   Section      192  nrf_log_frontend.o(.bss)
    log_mempool_nrf_balloc_pool_mem          0x20000134   Data         192  nrf_log_frontend.o(.bss)
    .bss                                     0x200001f4   Section     1060  nrf_log_frontend.o(.bss)
    m_log_data                               0x200001f4   Data        1060  nrf_log_frontend.o(.bss)
    STACK                                    0x20000618   Section     8192  arm_startup_nrf52.o(STACK)

    Global Symbols

    Symbol Name                              Value     Ov Type        Size  Object(Section)

    BuildAttributes$$THM_ISAv4$E$P$D$K$B$S$7EM$VFPi3$EXTD16$VFPS$VFMA$PE$A:L22UL41UL21$X:L11$S22US41US21$IEEE1$IW$USESV6$~STKCKD$USESV7$~SHL$OSPACE$EBA8$MICROLIB$REQ8$EABIv2 0x00000000   Number         0  anon$$obj.o ABSOLUTE
    __ARM_use_no_argv                        0x00000000   Number         0  main.o ABSOLUTE
    __Vectors                                0x00000000   Data           4  arm_startup_nrf52.o(RESET)
    __use_no_errno                           0x00000000   Number         0  useno.o ABSOLUTE
    __use_no_exception_handling              0x00000000   Number         0  useno.o ABSOLUTE
    __use_no_fp                              0x00000000   Number         0  useno.o ABSOLUTE
    __use_no_heap                            0x00000000   Number         0  useno.o ABSOLUTE
    __use_no_heap_region                     0x00000000   Number         0  useno.o ABSOLUTE
    __use_no_semihosting                     0x00000000   Number         0  useno.o ABSOLUTE
    __use_no_semihosting_swi                 0x00000000   Number         0  useno.o ABSOLUTE
    __use_no_signal_handling                 0x00000000   Number         0  useno.o ABSOLUTE
    __cpp_initialize__aeabi_                  - Undefined Weak Reference
    __cxa_finalize                            - Undefined Weak Reference
    __decompress                              - Undefined Weak Reference
    _clock_init                               - Undefined Weak Reference
    _microlib_exit                            - Undefined Weak Reference
    __Vectors_End                            0x00000200   Data           0  arm_startup_nrf52.o(RESET)
    __Vectors_Size                           0x00000200   Number         0  arm_startup_nrf52.o ABSOLUTE
    __main                                   0x00000201   Thumb Code     0  entry.o(.ARM.Collect$$$$00000000)
    _main_stk                                0x00000201   Thumb Code     0  entry2.o(.ARM.Collect$$$$00000001)
    _main_scatterload                        0x00000205   Thumb Code     0  entry5.o(.ARM.Collect$$$$00000004)
    __main_after_scatterload                 0x00000209   Thumb Code     0  entry5.o(.ARM.Collect$$$$00000004)
    _main_clock                              0x00000209   Thumb Code     0  entry7b.o(.ARM.Collect$$$$00000008)
    _main_cpp_init                           0x00000209   Thumb Code     0  entry8b.o(.ARM.Collect$$$$0000000A)
    _main_init                               0x00000209   Thumb Code     0  entry9a.o(.ARM.Collect$$$$0000000B)
    __rt_final_cpp                           0x00000211   Thumb Code     0  entry10a.o(.ARM.Collect$$$$0000000D)
    __rt_final_exit                          0x00000211   Thumb Code     0  entry11a.o(.ARM.Collect$$$$0000000F)
    __asm___12_nrf_atomic_c_85ca2469__nrf_atomic_internal_mov 0x00000215   Thumb Code    24  nrf_atomic.o(.emb_text)
    __asm___12_nrf_atomic_c_85ca2469__nrf_atomic_internal_orr 0x0000022d   Thumb Code    26  nrf_atomic.o(.emb_text)
    __asm___12_nrf_atomic_c_85ca2469__nrf_atomic_internal_and 0x00000247   Thumb Code    26  nrf_atomic.o(.emb_text)
    __asm___12_nrf_atomic_c_85ca2469__nrf_atomic_internal_eor 0x00000261   Thumb Code    26  nrf_atomic.o(.emb_text)
    __asm___12_nrf_atomic_c_85ca2469__nrf_atomic_internal_add 0x0000027b   Thumb Code    26  nrf_atomic.o(.emb_text)
    __asm___12_nrf_atomic_c_85ca2469__nrf_atomic_internal_sub 0x00000295   Thumb Code    26  nrf_atomic.o(.emb_text)
    __asm___12_nrf_atomic_c_85ca2469__nrf_atomic_internal_cmp_exch 0x000002af   Thumb Code    42  nrf_atomic.o(.emb_text)
    __asm___12_nrf_atomic_c_85ca2469__nrf_atomic_internal_sub_hs 0x000002d9   Thumb Code    30  nrf_atomic.o(.emb_text)
    Reset_Handler                            0x000002f9   Thumb Code     8  arm_startup_nrf52.o(.text)
    NMI_Handler                              0x00000301   Thumb Code     2  arm_startup_nrf52.o(.text)
    HardFault_Handler                        0x00000303   Thumb Code     2  arm_startup_nrf52.o(.text)
    MemoryManagement_Handler                 0x00000305   Thumb Code     2  arm_startup_nrf52.o(.text)
    BusFault_Handler                         0x00000307   Thumb Code     2  arm_startup_nrf52.o(.text)
    UsageFault_Handler                       0x00000309   Thumb Code     2  arm_startup_nrf52.o(.text)
    SVC_Handler                              0x0000030b   Thumb Code     2  arm_startup_nrf52.o(.text)
    DebugMon_Handler                         0x0000030d   Thumb Code     2  arm_startup_nrf52.o(.text)
    PendSV_Handler                           0x0000030f   Thumb Code     2  arm_startup_nrf52.o(.text)
    SysTick_Handler                          0x00000311   Thumb Code     2  arm_startup_nrf52.o(.text)
    CCM_AAR_IRQHandler                       0x00000313   Thumb Code     0  arm_startup_nrf52.o(.text)
    COMP_LPCOMP_IRQHandler                   0x00000313   Thumb Code     0  arm_startup_nrf52.o(.text)
    ECB_IRQHandler                           0x00000313   Thumb Code     0  arm_startup_nrf52.o(.text)
    FPU_IRQHandler                           0x00000313   Thumb Code     0  arm_startup_nrf52.o(.text)
    GPIOTE_IRQHandler                        0x00000313   Thumb Code     0  arm_startup_nrf52.o(.text)
    I2S_IRQHandler                           0x00000313   Thumb Code     0  arm_startup_nrf52.o(.text)
    MWU_IRQHandler                           0x00000313   Thumb Code     0  arm_startup_nrf52.o(.text)
    NFCT_IRQHandler                          0x00000313   Thumb Code     0  arm_startup_nrf52.o(.text)
    PDM_IRQHandler                           0x00000313   Thumb Code     0  arm_startup_nrf52.o(.text)
    POWER_CLOCK_IRQHandler                   0x00000313   Thumb Code     0  arm_startup_nrf52.o(.text)
    PWM0_IRQHandler                          0x00000313   Thumb Code     0  arm_startup_nrf52.o(.text)
    PWM1_IRQHandler                          0x00000313   Thumb Code     0  arm_startup_nrf52.o(.text)
    PWM2_IRQHandler                          0x00000313   Thumb Code     0  arm_startup_nrf52.o(.text)
    QDEC_IRQHandler                          0x00000313   Thumb Code     0  arm_startup_nrf52.o(.text)
    RADIO_IRQHandler                         0x00000313   Thumb Code     0  arm_startup_nrf52.o(.text)
    RNG_IRQHandler                           0x00000313   Thumb Code     0  arm_startup_nrf52.o(.text)
    RTC0_IRQHandler                          0x00000313   Thumb Code     0  arm_startup_nrf52.o(.text)
    RTC1_IRQHandler                          0x00000313   Thumb Code     0  arm_startup_nrf52.o(.text)
    RTC2_IRQHandler                          0x00000313   Thumb Code     0  arm_startup_nrf52.o(.text)
    SAADC_IRQHandler                         0x00000313   Thumb Code     0  arm_startup_nrf52.o(.text)
    SPIM0_SPIS0_TWIM0_TWIS0_SPI0_TWI0_IRQHandler 0x00000313   Thumb Code     0  arm_startup_nrf52.o(.text)
    SPIM1_SPIS1_TWIM1_TWIS1_SPI1_TWI1_IRQHandler 0x00000313   Thumb Code     0  arm_startup_nrf52.o(.text)
    SPIM2_SPIS2_SPI2_IRQHandler              0x00000313   Thumb Code     0  arm_startup_nrf52.o(.text)
    SWI0_EGU0_IRQHandler                     0x00000313   Thumb Code     0  arm_startup_nrf52.o(.text)
    SWI1_EGU1_IRQHandler                     0x00000313   Thumb Code     0  arm_startup_nrf52.o(.text)
    SWI2_EGU2_IRQHandler                     0x00000313   Thumb Code     0  arm_startup_nrf52.o(.text)
    SWI3_EGU3_IRQHandler                     0x00000313   Thumb Code     0  arm_startup_nrf52.o(.text)
    SWI4_EGU4_IRQHandler                     0x00000313   Thumb Code     0  arm_startup_nrf52.o(.text)
    SWI5_EGU5_IRQHandler                     0x00000313   Thumb Code     0  arm_startup_nrf52.o(.text)
    TEMP_IRQHandler                          0x00000313   Thumb Code     0  arm_startup_nrf52.o(.text)
    TIMER0_IRQHandler                        0x00000313   Thumb Code     0  arm_startup_nrf52.o(.text)
    TIMER1_IRQHandler                        0x00000313   Thumb Code     0  arm_startup_nrf52.o(.text)
    TIMER2_IRQHandler                        0x00000313   Thumb Code     0  arm_startup_nrf52.o(.text)
    TIMER3_IRQHandler                        0x00000313   Thumb Code     0  arm_startup_nrf52.o(.text)
    TIMER4_IRQHandler                        0x00000313   Thumb Code     0  arm_startup_nrf52.o(.text)
    WDT_IRQHandler                           0x00000313   Thumb Code     0  arm_startup_nrf52.o(.text)
    __rt_ctype_table                         0x0000031d   Thumb Code     4  ctype_o.o(.text)
    __aeabi_memcpy                           0x00000325   Thumb Code    36  memcpya.o(.text)
    __aeabi_memcpy4                          0x00000325   Thumb Code     0  memcpya.o(.text)
    __aeabi_memcpy8                          0x00000325   Thumb Code     0  memcpya.o(.text)
    __aeabi_memset                           0x00000349   Thumb Code    14  memseta.o(.text)
    __aeabi_memset4                          0x00000349   Thumb Code     0  memseta.o(.text)
    __aeabi_memset8                          0x00000349   Thumb Code     0  memseta.o(.text)
    __aeabi_memclr                           0x00000357   Thumb Code     4  memseta.o(.text)
    __aeabi_memclr4                          0x00000357   Thumb Code     0  memseta.o(.text)
    __aeabi_memclr8                          0x00000357   Thumb Code     0  memseta.o(.text)
    _memset$wrapper                          0x0000035b   Thumb Code    18  memseta.o(.text)
    strlen                                   0x0000036d   Thumb Code    14  strlen.o(.text)
    __scatterload                            0x0000037d   Thumb Code    28  init.o(.text)
    __scatterload_rt2                        0x0000037d   Thumb Code     0  init.o(.text)
    SystemInit                               0x000003a1   Thumb Code   726  system_nrf52.o(i.SystemInit)
    UARTE0_UART0_IRQHandler                  0x000006bd   Thumb Code     6  nrfx_prs.o(i.UARTE0_UART0_IRQHandler)
    __scatterload_copy                       0x000006c9   Thumb Code    14  handlers.o(i.__scatterload_copy)
    __scatterload_null                       0x000006d7   Thumb Code     2  handlers.o(i.__scatterload_null)
    __scatterload_zeroinit                   0x000006d9   Thumb Code    14  handlers.o(i.__scatterload_zeroinit)
    app_error_fault_handler                  0x000006e9   Thumb Code    84  app_error_weak.o(i.app_error_fault_handler)
    app_error_handler_bare                   0x00000765   Thumb Code    22  app_error.o(i.app_error_handler_bare)
    app_util_critical_region_enter           0x0000077b   Thumb Code     4  app_util_platform.o(i.app_util_critical_region_enter)
    app_util_critical_region_exit            0x0000077f   Thumb Code     4  app_util_platform.o(i.app_util_critical_region_exit)
    app_util_disable_irq                     0x00000785   Thumb Code    12  app_util_platform.o(i.app_util_disable_irq)
    app_util_enable_irq                      0x00000795   Thumb Code    14  app_util_platform.o(i.app_util_enable_irq)
    buffer_is_empty                          0x00000961   Thumb Code    16  nrf_log_frontend.o(i.buffer_is_empty)
    main                                     0x00000b99   Thumb Code   158  main.o(i.main)
    nrf_atomic_flag_clear_fetch              0x00000d2d   Thumb Code     6  nrf_atomic.o(i.nrf_atomic_flag_clear_fetch)
    nrf_atomic_flag_set                      0x00000d33   Thumb Code     6  nrf_atomic.o(i.nrf_atomic_flag_set)
    nrf_atomic_u32_add                       0x00000d39   Thumb Code    12  nrf_atomic.o(i.nrf_atomic_u32_add)
    nrf_atomic_u32_fetch_and                 0x00000d45   Thumb Code    10  nrf_atomic.o(i.nrf_atomic_u32_fetch_and)
    nrf_atomic_u32_fetch_store               0x00000d4f   Thumb Code    10  nrf_atomic.o(i.nrf_atomic_u32_fetch_store)
    nrf_atomic_u32_or                        0x00000d59   Thumb Code    12  nrf_atomic.o(i.nrf_atomic_u32_or)
    nrf_atomic_u32_sub                       0x00000d65   Thumb Code    12  nrf_atomic.o(i.nrf_atomic_u32_sub)
    nrf_balloc_alloc                         0x00000d71   Thumb Code    62  nrf_balloc.o(i.nrf_balloc_alloc)
    nrf_balloc_free                          0x00000daf   Thumb Code    42  nrf_balloc.o(i.nrf_balloc_free)
    nrf_balloc_init                          0x00000dd9   Thumb Code    48  nrf_balloc.o(i.nrf_balloc_init)
    nrf_drv_uart_init                        0x00000e09   Thumb Code    90  nrf_drv_uart.o(i.nrf_drv_uart_init)
    nrf_fprintf                              0x00000e71   Thumb Code    26  nrf_fprintf.o(i.nrf_fprintf)
    nrf_fprintf_buffer_flush                 0x00000e8b   Thumb Code    24  nrf_fprintf.o(i.nrf_fprintf_buffer_flush)
    nrf_fprintf_fmt                          0x00000ea3   Thumb Code   474  nrf_fprintf_format.o(i.nrf_fprintf_fmt)
    nrf_log_backend_add                      0x00001135   Thumb Code    74  nrf_log_frontend.o(i.nrf_log_backend_add)
    nrf_log_backend_serial_put               0x00001185   Thumb Code   200  nrf_log_backend_serial.o(i.nrf_log_backend_serial_put)
    nrf_log_backend_uart_init                0x0000124f   Thumb Code     6  nrf_log_backend_uart.o(i.nrf_log_backend_uart_init)
    nrf_log_color_id_get                     0x00001299   Thumb Code    42  nrf_log_frontend.o(i.nrf_log_color_id_get)
    nrf_log_default_backends_init            0x000012c9   Thumb Code    22  nrf_log_default_backends.o(i.nrf_log_default_backends_init)
    nrf_log_frontend_dequeue                 0x000012e5   Thumb Code   502  nrf_log_frontend.o(i.nrf_log_frontend_dequeue)
    nrf_log_frontend_std_0                   0x000014fd   Thumb Code     8  nrf_log_frontend.o(i.nrf_log_frontend_std_0)
    nrf_log_frontend_std_1                   0x00001505   Thumb Code    14  nrf_log_frontend.o(i.nrf_log_frontend_std_1)
    nrf_log_hexdump_entry_process            0x00001515   Thumb Code   146  nrf_log_str_formatter.o(i.nrf_log_hexdump_entry_process)
    nrf_log_init                             0x000015c1   Thumb Code    66  nrf_log_frontend.o(i.nrf_log_init)
    nrf_log_module_cnt_get                   0x00001619   Thumb Code    10  nrf_log_frontend.o(i.nrf_log_module_cnt_get)
    nrf_log_module_name_get                  0x0000162d   Thumb Code    24  nrf_log_frontend.o(i.nrf_log_module_name_get)
    nrf_log_panic                            0x00001649   Thumb Code    34  nrf_log_frontend.o(i.nrf_log_panic)
    nrf_log_std_entry_process                0x00001671   Thumb Code   182  nrf_log_str_formatter.o(i.nrf_log_std_entry_process)
    nrf_memobj_alloc                         0x00001727   Thumb Code    96  nrf_memobj.o(i.nrf_memobj_alloc)
    nrf_memobj_free                          0x00001787   Thumb Code    50  nrf_memobj.o(i.nrf_memobj_free)
    nrf_memobj_get                           0x000017b9   Thumb Code     8  nrf_memobj.o(i.nrf_memobj_get)
    nrf_memobj_pool_init                     0x000017c1   Thumb Code     4  nrf_memobj.o(i.nrf_memobj_pool_init)
    nrf_memobj_put                           0x000017c5   Thumb Code    30  nrf_memobj.o(i.nrf_memobj_put)
    nrf_memobj_read                          0x000017e3   Thumb Code    12  nrf_memobj.o(i.nrf_memobj_read)
    nrf_memobj_write                         0x000017ef   Thumb Code    12  nrf_memobj.o(i.nrf_memobj_write)
    nrfx_prs_acquire                         0x00001843   Thumb Code    48  nrfx_prs.o(i.nrfx_prs_acquire)
    nrfx_prs_release                         0x00001873   Thumb Code    18  nrfx_prs.o(i.nrfx_prs_release)
    nrfx_uart_0_irq_handler                  0x00001885   Thumb Code     8  nrfx_uart.o(i.nrfx_uart_0_irq_handler)
    nrfx_uart_init                           0x00001895   Thumb Code   200  nrfx_uart.o(i.nrfx_uart_init)
    nrfx_uart_tx                             0x00001969   Thumb Code   160  nrfx_uart.o(i.nrfx_uart_tx)
    nrfx_uart_tx_in_progress                 0x00001a0d   Thumb Code    26  nrfx_uart.o(i.nrfx_uart_tx_in_progress)
    nrfx_uart_uninit                         0x00001a2d   Thumb Code   170  nrfx_uart.o(i.nrfx_uart_uninit)
    nrfx_uarte_0_irq_handler                 0x00001ae1   Thumb Code     8  nrfx_uarte.o(i.nrfx_uarte_0_irq_handler)
    nrfx_uarte_init                          0x00001af1   Thumb Code   100  nrfx_uarte.o(i.nrfx_uarte_init)
    nrfx_uarte_tx                            0x00001b5d   Thumb Code   138  nrfx_uarte.o(i.nrfx_uarte_tx)
    nrfx_uarte_tx_in_progress                0x00001bed   Thumb Code    22  nrfx_uarte.o(i.nrfx_uarte_tx_in_progress)
    nrfx_uarte_uninit                        0x00001c09   Thumb Code   166  nrfx_uarte.o(i.nrfx_uarte_uninit)
    nrf_log_backend_uart_api                 0x000022c0   Data          12  nrf_log_backend_uart.o(.constdata)
    __ctype_table                            0x000022ec   Data         129  ctype_o.o(.constdata)
    Region$$Table$$Base                      0x00002408   Number         0  anon$$obj.o(Region$$Table)
    Region$$Table$$Limit                     0x00002428   Number         0  anon$$obj.o(Region$$Table)
    log_const_data$$Base                     0x00002428   Number         0  nrfx_prs.o(log_const_data)
    m_nrf_log_PRS_logs_data_const            0x00002428   Data           8  nrfx_prs.o(log_const_data)
    m_nrf_log_UART_logs_data_const           0x00002430   Data           8  nrfx_uart.o(log_const_data)
    m_nrf_log_UARTE_logs_data_const          0x00002438   Data           8  nrfx_uarte.o(log_const_data)
    m_nrf_log_balloc_log_mempool_logs_data_const 0x00002440   Data           8  nrf_log_frontend.o(log_const_data)
    m_nrf_log_app_logs_data_const            0x00002448   Data           8  nrf_log_frontend.o(log_const_data)
    log_const_data$$Limit                    0x00002450   Number         0  nrf_log_frontend.o(log_const_data)
    log_mempool                              0x00002450   Data          24  nrf_log_frontend.o(nrf_balloc)
    nrf_drv_uart_use_easy_dma                0x20000000   Data           1  nrf_drv_uart.o(.data)
    m_uart                                   0x2000001c   Data          20  nrf_log_backend_uart.o(.data)
    SystemCoreClock                          0x2000008c   Data           4  system_nrf52.o(.data)
    log_dynamic_data$$Base                   0x20000090   Number         0  nrfx_prs.o(log_dynamic_data)
    m_nrf_log_PRS_logs_data_dynamic          0x20000090   Data           4  nrfx_prs.o(log_dynamic_data)
    m_nrf_log_UART_logs_data_dynamic         0x20000094   Data           4  nrfx_uart.o(log_dynamic_data)
    m_nrf_log_UARTE_logs_data_dynamic        0x20000098   Data           4  nrfx_uarte.o(log_dynamic_data)
    m_nrf_log_balloc_log_mempool_logs_data_dynamic 0x2000009c   Data           4  nrf_log_frontend.o(log_dynamic_data)
    m_nrf_log_app_logs_data_dynamic          0x200000a0   Data           4  nrf_log_frontend.o(log_dynamic_data)
    __initial_sp                             0x20002618   Data           0  arm_startup_nrf52.o(STACK)



==============================================================================

Memory Map of the image

  Image Entry point : 0x00000201

  Load Region LR_IROM1 (Base: 0x00000000, Size: 0x0000250c, Max: 0x00080000, ABSOLUTE)

    Execution Region ER_IROM1 (Base: 0x00000000, Size: 0x00002468, Max: 0x00080000, ABSOLUTE)

    Base Addr    Size         Type   Attr      Idx    E Section Name        Object

    0x00000000   0x00000200   Data   RO         2132    RESET               arm_startup_nrf52.o
    0x00000200   0x00000000   Code   RO         2173  * .ARM.Collect$$$$00000000  mc_w.l(entry.o)
    0x00000200   0x00000004   Code   RO         2221    .ARM.Collect$$$$00000001  mc_w.l(entry2.o)
    0x00000204   0x00000004   Code   RO         2224    .ARM.Collect$$$$00000004  mc_w.l(entry5.o)
    0x00000208   0x00000000   Code   RO         2226    .ARM.Collect$$$$00000008  mc_w.l(entry7b.o)
    0x00000208   0x00000000   Code   RO         2228    .ARM.Collect$$$$0000000A  mc_w.l(entry8b.o)
    0x00000208   0x00000008   Code   RO         2229    .ARM.Collect$$$$0000000B  mc_w.l(entry9a.o)
    0x00000210   0x00000000   Code   RO         2231    .ARM.Collect$$$$0000000D  mc_w.l(entry10a.o)
    0x00000210   0x00000000   Code   RO         2233    .ARM.Collect$$$$0000000F  mc_w.l(entry11a.o)
    0x00000210   0x00000004   Code   RO         2222    .ARM.Collect$$$$00002712  mc_w.l(entry2.o)
    0x00000214   0x000000e2   Code   RO          994    .emb_text           nrf_atomic.o
    0x000002f6   0x00000002   PAD
    0x000002f8   0x00000024   Code   RO         2133    .text               arm_startup_nrf52.o
    0x0000031c   0x00000008   Code   RO         2181    .text               mc_w.l(ctype_o.o)
    0x00000324   0x00000024   Code   RO         2209    .text               mc_w.l(memcpya.o)
    0x00000348   0x00000024   Code   RO         2211    .text               mc_w.l(memseta.o)
    0x0000036c   0x0000000e   Code   RO         2213    .text               mc_w.l(strlen.o)
    0x0000037a   0x00000002   PAD
    0x0000037c   0x00000024   Code   RO         2237    .text               mc_w.l(init.o)
    0x000003a0   0x0000031c   Code   RO         2141    i.SystemInit        system_nrf52.o
    0x000006bc   0x0000000c   Code   RO          401    i.UARTE0_UART0_IRQHandler  nrfx_prs.o
    0x000006c8   0x0000000e   Code   RO         2241    i.__scatterload_copy  mc_w.l(handlers.o)
    0x000006d6   0x00000002   Code   RO         2242    i.__scatterload_null  mc_w.l(handlers.o)
    0x000006d8   0x0000000e   Code   RO         2243    i.__scatterload_zeroinit  mc_w.l(handlers.o)
    0x000006e6   0x00000002   PAD
    0x000006e8   0x0000007c   Code   RO          877    i.app_error_fault_handler  app_error_weak.o
    0x00000764   0x00000016   Code   RO          808    i.app_error_handler_bare  app_error.o
    0x0000077a   0x00000004   Code   RO          905    i.app_util_critical_region_enter  app_util_platform.o
    0x0000077e   0x00000004   Code   RO          906    i.app_util_critical_region_exit  app_util_platform.o
    0x00000782   0x00000002   PAD
    0x00000784   0x00000010   Code   RO          907    i.app_util_disable_irq  app_util_platform.o
    0x00000794   0x00000014   Code   RO          908    i.app_util_enable_irq  app_util_platform.o
    0x000007a8   0x00000088   Code   RO          464    i.apply_config      nrfx_uart.o
    0x00000830   0x00000088   Code   RO          656    i.apply_config      nrfx_uarte.o
    0x000008b8   0x00000088   Code   RO         1533    i.buf_prealloc      nrf_log_frontend.o
    0x00000940   0x0000001e   Code   RO         1209    i.buffer_add        nrf_fprintf_format.o
    0x0000095e   0x00000002   PAD
    0x00000960   0x00000014   Code   RO         1534    i.buffer_is_empty   nrf_log_frontend.o
    0x00000974   0x00000014   Code   RO         1536    i.dropped_sat16_get  nrf_log_frontend.o
    0x00000988   0x000000a6   Code   RO         1210    i.int_print         nrf_fprintf_format.o
    0x00000a2e   0x00000002   PAD
    0x00000a30   0x00000080   Code   RO          657    i.interrupts_enable  nrfx_uarte.o
    0x00000ab0   0x0000004c   Code   RO         1537    i.invalid_packets_pushed_str_omit  nrf_log_frontend.o
    0x00000afc   0x0000009c   Code   RO         1538    i.log_skip          nrf_log_frontend.o
    0x00000b98   0x000000ec   Code   RO            4    i.main              main.o
    0x00000c84   0x00000076   Code   RO         1249    i.memobj_op         nrf_memobj.o
    0x00000cfa   0x00000002   PAD
    0x00000cfc   0x00000030   Code   RO         1539    i.module_idx_get    nrf_log_frontend.o
    0x00000d2c   0x00000006   Code   RO          996    i.nrf_atomic_flag_clear_fetch  nrf_atomic.o
    0x00000d32   0x00000006   Code   RO          997    i.nrf_atomic_flag_set  nrf_atomic.o
    0x00000d38   0x0000000c   Code   RO          999    i.nrf_atomic_u32_add  nrf_atomic.o
    0x00000d44   0x0000000a   Code   RO         1003    i.nrf_atomic_u32_fetch_and  nrf_atomic.o
    0x00000d4e   0x0000000a   Code   RO         1005    i.nrf_atomic_u32_fetch_store  nrf_atomic.o
    0x00000d58   0x0000000c   Code   RO         1009    i.nrf_atomic_u32_or  nrf_atomic.o
    0x00000d64   0x0000000c   Code   RO         1011    i.nrf_atomic_u32_sub  nrf_atomic.o
    0x00000d70   0x0000003e   Code   RO         1133    i.nrf_balloc_alloc  nrf_balloc.o
    0x00000dae   0x0000002a   Code   RO         1134    i.nrf_balloc_free   nrf_balloc.o
    0x00000dd8   0x00000030   Code   RO         1135    i.nrf_balloc_init   nrf_balloc.o
    0x00000e08   0x00000068   Code   RO          349    i.nrf_drv_uart_init  nrf_drv_uart.o
    0x00000e70   0x0000001a   Code   RO         1170    i.nrf_fprintf       nrf_fprintf.o
    0x00000e8a   0x00000018   Code   RO         1171    i.nrf_fprintf_buffer_flush  nrf_fprintf.o
    0x00000ea2   0x000001da   Code   RO         1211    i.nrf_fprintf_fmt   nrf_fprintf_format.o
    0x0000107c   0x00000024   Code   RO          465    i.nrf_gpio_cfg      nrfx_uart.o
    0x000010a0   0x00000024   Code   RO          658    i.nrf_gpio_cfg      nrfx_uarte.o
    0x000010c4   0x00000012   Code   RO          466    i.nrf_gpio_cfg_default  nrfx_uart.o
    0x000010d6   0x00000012   Code   RO          659    i.nrf_gpio_cfg_default  nrfx_uarte.o
    0x000010e8   0x00000012   Code   RO          467    i.nrf_gpio_cfg_input  nrfx_uart.o
    0x000010fa   0x00000012   Code   RO          660    i.nrf_gpio_cfg_input  nrfx_uarte.o
    0x0000110c   0x00000014   Code   RO          468    i.nrf_gpio_cfg_output  nrfx_uart.o
    0x00001120   0x00000014   Code   RO          661    i.nrf_gpio_cfg_output  nrfx_uarte.o
    0x00001134   0x00000050   Code   RO         1540    i.nrf_log_backend_add  nrf_log_frontend.o
    0x00001184   0x000000c8   Code   RO         1378    i.nrf_log_backend_serial_put  nrf_log_backend_serial.o
    0x0000124c   0x00000002   Code   RO         1421    i.nrf_log_backend_uart_flush  nrf_log_backend_uart.o
    0x0000124e   0x00000006   Code   RO         1422    i.nrf_log_backend_uart_init  nrf_log_backend_uart.o
    0x00001254   0x0000002c   Code   RO         1423    i.nrf_log_backend_uart_panic_set  nrf_log_backend_uart.o
    0x00001280   0x00000018   Code   RO         1424    i.nrf_log_backend_uart_put  nrf_log_backend_uart.o
    0x00001298   0x00000030   Code   RO         1542    i.nrf_log_color_id_get  nrf_log_frontend.o
    0x000012c8   0x0000001c   Code   RO         1500    i.nrf_log_default_backends_init  nrf_log_default_backends.o
    0x000012e4   0x00000218   Code   RO         1543    i.nrf_log_frontend_dequeue  nrf_log_frontend.o
    0x000014fc   0x00000008   Code   RO         1545    i.nrf_log_frontend_std_0  nrf_log_frontend.o
    0x00001504   0x0000000e   Code   RO         1546    i.nrf_log_frontend_std_1  nrf_log_frontend.o
    0x00001512   0x00000002   PAD
    0x00001514   0x000000ac   Code   RO         1720    i.nrf_log_hexdump_entry_process  nrf_log_str_formatter.o
    0x000015c0   0x00000058   Code   RO         1552    i.nrf_log_init      nrf_log_frontend.o
    0x00001618   0x00000014   Code   RO         1553    i.nrf_log_module_cnt_get  nrf_log_frontend.o
    0x0000162c   0x0000001c   Code   RO         1556    i.nrf_log_module_name_get  nrf_log_frontend.o
    0x00001648   0x00000028   Code   RO         1557    i.nrf_log_panic     nrf_log_frontend.o
    0x00001670   0x000000b6   Code   RO         1721    i.nrf_log_std_entry_process  nrf_log_str_formatter.o
    0x00001726   0x00000060   Code   RO         1250    i.nrf_memobj_alloc  nrf_memobj.o
    0x00001786   0x00000032   Code   RO         1251    i.nrf_memobj_free   nrf_memobj.o
    0x000017b8   0x00000008   Code   RO         1252    i.nrf_memobj_get    nrf_memobj.o
    0x000017c0   0x00000004   Code   RO         1253    i.nrf_memobj_pool_init  nrf_memobj.o
    0x000017c4   0x0000001e   Code   RO         1254    i.nrf_memobj_put    nrf_memobj.o
    0x000017e2   0x0000000c   Code   RO         1255    i.nrf_memobj_read   nrf_memobj.o
    0x000017ee   0x0000000c   Code   RO         1256    i.nrf_memobj_write  nrf_memobj.o
    0x000017fa   0x0000000a   Code   RO          469    i.nrf_uart_event_check  nrfx_uart.o
    0x00001804   0x0000000c   Code   RO          470    i.nrf_uart_event_clear  nrfx_uart.o
    0x00001810   0x0000000c   Code   RO          471    i.nrf_uart_int_enable_check  nrfx_uart.o
    0x0000181c   0x0000000a   Code   RO          662    i.nrf_uarte_event_check  nrfx_uarte.o
    0x00001826   0x0000000c   Code   RO          663    i.nrf_uarte_event_clear  nrfx_uarte.o
    0x00001832   0x00000010   Code   RO          664    i.nrfx_is_in_ram    nrfx_uarte.o
    0x00001842   0x00000030   Code   RO          402    i.nrfx_prs_acquire  nrfx_prs.o
    0x00001872   0x00000012   Code   RO          403    i.nrfx_prs_release  nrfx_prs.o
    0x00001884   0x00000010   Code   RO          472    i.nrfx_uart_0_irq_handler  nrfx_uart.o
    0x00001894   0x000000d4   Code   RO          474    i.nrfx_uart_init    nrfx_uart.o
    0x00001968   0x000000a4   Code   RO          480    i.nrfx_uart_tx      nrfx_uart.o
    0x00001a0c   0x00000020   Code   RO          482    i.nrfx_uart_tx_in_progress  nrfx_uart.o
    0x00001a2c   0x000000b4   Code   RO          483    i.nrfx_uart_uninit  nrfx_uart.o
    0x00001ae0   0x00000010   Code   RO          665    i.nrfx_uarte_0_irq_handler  nrfx_uarte.o
    0x00001af0   0x0000006c   Code   RO          667    i.nrfx_uarte_init   nrfx_uarte.o
    0x00001b5c   0x00000090   Code   RO          671    i.nrfx_uarte_tx     nrfx_uarte.o
    0x00001bec   0x0000001c   Code   RO          673    i.nrfx_uarte_tx_in_progress  nrfx_uarte.o
    0x00001c08   0x000000b0   Code   RO          674    i.nrfx_uarte_uninit  nrfx_uarte.o
    0x00001cb8   0x0000003c   Code   RO         1723    i.postfix_process   nrf_log_str_formatter.o
    0x00001cf4   0x00000098   Code   RO         1724    i.prefix_process    nrf_log_str_formatter.o
    0x00001d8c   0x00000018   Code   RO          404    i.prs_box_get       nrfx_prs.o
    0x00001da4   0x00000032   Code   RO          484    i.rx_byte           nrfx_uart.o
    0x00001dd6   0x00000016   Code   RO          485    i.rx_done_event     nrfx_uart.o
    0x00001dec   0x00000018   Code   RO          675    i.rx_done_event     nrfx_uarte.o
    0x00001e04   0x00000040   Code   RO         1425    i.serial_tx         nrf_log_backend_uart.o
    0x00001e44   0x0000008c   Code   RO         1559    i.std_n             nrf_log_frontend.o
    0x00001ed0   0x00000020   Code   RO          487    i.tx_byte           nrfx_uart.o
    0x00001ef0   0x0000001a   Code   RO          488    i.tx_done_event     nrfx_uart.o
    0x00001f0a   0x00000002   PAD
    0x00001f0c   0x00000030   Code   RO          350    i.uart_evt_handler  nrf_drv_uart.o
    0x00001f3c   0x0000000c   Code   RO         1426    i.uart_evt_handler  nrf_log_backend_uart.o
    0x00001f48   0x00000050   Code   RO         1427    i.uart_init         nrf_log_backend_uart.o
    0x00001f98   0x00000128   Code   RO          489    i.uart_irq_handler  nrfx_uart.o
    0x000020c0   0x00000030   Code   RO          351    i.uarte_evt_handler  nrf_drv_uart.o
    0x000020f0   0x000000f4   Code   RO          676    i.uarte_irq_handler  nrfx_uarte.o
    0x000021e4   0x000000b4   Code   RO         1212    i.unsigned_print    nrf_fprintf_format.o
    0x00002298   0x00000008   PAD
    0x000022a0   0x00000006   Data   RO            5    .constdata          main.o
    0x000022a6   0x00000002   PAD
    0x000022a8   0x00000004   Data   RO          492    .constdata          nrfx_uart.o
    0x000022ac   0x00000004   Data   RO          679    .constdata          nrfx_uarte.o
    0x000022b0   0x00000010   Data   RO         1213    .constdata          nrf_fprintf_format.o
    0x000022c0   0x0000000c   Data   RO         1429    .constdata          nrf_log_backend_uart.o
    0x000022cc   0x00000020   Data   RO         1430    .constdata          nrf_log_backend_uart.o
    0x000022ec   0x00000081   Data   RO         2182    .constdata          mc_w.l(ctype_o.o)
    0x0000236d   0x00000003   PAD
    0x00002370   0x00000004   Data   RO         2183    .constdata          mc_w.l(ctype_o.o)
    0x00002374   0x00000066   Data   RO         1725    .conststring        nrf_log_str_formatter.o
    0x000023da   0x00000002   PAD
    0x000023dc   0x00000004   Data   RO          406    .conststrlit        nrfx_prs.o
    0x000023e0   0x00000005   Data   RO          495    .conststrlit        nrfx_uart.o
    0x000023e5   0x00000003   PAD
    0x000023e8   0x00000006   Data   RO          682    .conststrlit        nrfx_uarte.o
    0x000023ee   0x00000002   PAD
    0x000023f0   0x00000018   Data   RO         1562    .conststrlit        nrf_log_frontend.o
    0x00002408   0x00000020   Data   RO         2239    Region$$Table       anon$$obj.o
    0x00002428   0x00000008   Data   RO          408    log_const_data      nrfx_prs.o
    0x00002430   0x00000008   Data   RO          496    log_const_data      nrfx_uart.o
    0x00002438   0x00000008   Data   RO          683    log_const_data      nrfx_uarte.o
    0x00002440   0x00000010   Data   RO         1565    log_const_data      nrf_log_frontend.o
    0x00002450   0x00000018   Data   RO         1567    nrf_balloc          nrf_log_frontend.o


    Execution Region RW_IRAM1 (Base: 0x20000000, Size: 0x00002618, Max: 0x00010000, ABSOLUTE)

    Base Addr    Size         Type   Attr      Idx    E Section Name        Object

    0x20000000   0x0000000c   Data   RW          352    .data               nrf_drv_uart.o
    0x2000000c   0x00000008   Data   RW          407    .data               nrfx_prs.o
    0x20000014   0x00000004   Data   RW          911    .data               app_util_platform.o
    0x20000018   0x00000018   Data   RW         1431    .data               nrf_log_backend_uart.o
    0x20000030   0x0000000c   Data   RW         1501    .data               nrf_log_default_backends.o
    0x2000003c   0x00000008   Data   RW         1563    .data               nrf_log_frontend.o
    0x20000044   0x00000008   Data   RW         1564    .data               nrf_log_frontend.o
    0x2000004c   0x00000040   Data   RW         1726    .data               nrf_log_str_formatter.o
    0x2000008c   0x00000004   Data   RW         2142    .data               system_nrf52.o
    0x20000090   0x00000004   Data   RW          409    log_dynamic_data    nrfx_prs.o
    0x20000094   0x00000004   Data   RW          497    log_dynamic_data    nrfx_uart.o
    0x20000098   0x00000004   Data   RW          684    log_dynamic_data    nrfx_uarte.o
    0x2000009c   0x00000008   Data   RW         1566    log_dynamic_data    nrf_log_frontend.o
    0x200000a4   0x0000002c   Zero   RW          490    .bss                nrfx_uart.o
    0x200000d0   0x00000024   Zero   RW          677    .bss                nrfx_uarte.o
    0x200000f4   0x00000040   Zero   RW         1428    .bss                nrf_log_backend_uart.o
    0x20000134   0x000000c0   Zero   RW         1560    .bss                nrf_log_frontend.o
    0x200001f4   0x00000424   Zero   RW         1561    .bss                nrf_log_frontend.o
    0x20000618   0x00002000   Zero   RW         2130    STACK               arm_startup_nrf52.o


==============================================================================

Image component sizes


      Code (inc. data)   RO Data    RW Data    ZI Data      Debug   Object Name

        22          0          0          0          0       2569   app_error.o
         0          0          0          0          0        392   app_error_handler_keil.o
       124         40          0          0          0      27449   app_error_weak.o
        44         10          0          4          0       3692   app_util_platform.o
        36          8        512          0       8192        972   arm_startup_nrf52.o
         0          0          0          0          0      34444   boards.o
       236         78          6          0          0      48799   main.o
       294          0          0          0          0       8439   nrf_atomic.o
       152          0          0          0          0       3816   nrf_balloc.o
       200         26          0         12          0      18264   nrf_drv_uart.o
        50          0          0          0          0       3765   nrf_fprintf.o
       850          4         16          0          0       5770   nrf_fprintf_format.o
       200          0          0          0          0      11799   nrf_log_backend_serial.o
       232         44         44         24         64      21966   nrf_log_backend_uart.o
        28          6          0         12          0       3431   nrf_log_default_backends.o
      1458        118         64         24       1252      30164   nrf_log_frontend.o
       566        108        102         64          0       6144   nrf_log_str_formatter.o
       330          0          0          0          0      10147   nrf_memobj.o
       102         16         12         12          0       6216   nrfx_prs.o
      1292         40         17          4         44      59273   nrfx_uart.o
      1134         44         18          4         36      25641   nrfx_uarte.o
       796         70          0          4          0       3119   system_nrf52.o

    ----------------------------------------------------------------------
      8168        620        832        164       9588     336271   Object Totals
         0          0         32          0          0          0   (incl. Generated)
        22          8          9          0          0          0   (incl. Padding)

    ----------------------------------------------------------------------

      Code (inc. data)   RO Data    RW Data    ZI Data      Debug   Library Member Name

         8          4        133          0          0         68   ctype_o.o
         0          0          0          0          0          0   entry.o
         0          0          0          0          0          0   entry10a.o
         0          0          0          0          0          0   entry11a.o
         8          4          0          0          0          0   entry2.o
         4          0          0          0          0          0   entry5.o
         0          0          0          0          0          0   entry7b.o
         0          0          0          0          0          0   entry8b.o
         8          4          0          0          0          0   entry9a.o
        30          0          0          0          0          0   handlers.o
        36          8          0          0          0         68   init.o
        36          0          0          0          0         68   memcpya.o
        36          0          0          0          0        108   memseta.o
        14          0          0          0          0         68   strlen.o

    ----------------------------------------------------------------------
       184         20        136          0          0        380   Library Totals
         4          0          3          0          0          0   (incl. Padding)

    ----------------------------------------------------------------------

      Code (inc. data)   RO Data    RW Data    ZI Data      Debug   Library Name

       180         20        133          0          0        380   mc_w.l

    ----------------------------------------------------------------------
       184         20        136          0          0        380   Library Totals

    ----------------------------------------------------------------------

==============================================================================


      Code (inc. data)   RO Data    RW Data    ZI Data      Debug   

      8352        640        968        164       9588     327003   Grand Totals
      8352        640        968        164       9588     327003   ELF Image Totals
      8352        640        968        164          0          0   ROM Totals

==============================================================================

    Total RO  Size (Code + RO Data)                 9320 (   9.10kB)
    Total RW  Size (RW Data + ZI Data)              9752 (   9.52kB)
    Total ROM Size (Code + RO Data + RW Data)       9484 (   9.26kB)

==============================================================================

