<html>
<body>
<pre>
<h1>礦ision Build Log</h1>
<h2>Tool Versions:</h2>
IDE-Version: μVision V5.23.0.0
Copyright (C) 2017 ARM Ltd and ARM Germany GmbH. All rights reserved.
License Information: kuangtiao Microsoft, Microsoft, LIC=50DWF-6FXYT-8WQ2D-8FIHV-48UHP-NGFZL
 
Tool Versions:
Toolchain:       MDK-ARM Professional  Version: 5.23
Toolchain Path:  d:\Keil_v5\ARM\ARMCC\Bin
C Compiler:      Armcc.exe V5.06 update 4 (build 422)
Assembler:       Armasm.exe V5.06 update 4 (build 422)
Linker/Locator:  ArmLink.exe V5.06 update 4 (build 422)
Library Manager: ArmAr.exe V5.06 update 4 (build 422)
Hex Converter:   FromElf.exe V5.06 update 4 (build 422)
CPU DLL:         
Dialog DLL:      
Target DLL:      Segger\JL2CM3.dll V2.99.23.0
Dialog DLL:      TCM.DLL V1.27.0.0
 
<h2>Project:</h2>
F:\防丢器\ZX-N52S_开发板资料\6.官方SDK\6.官方SDK\SDK15.0\nRF5SDK1500a53641a\nRF5_SDK_15.0.0_a53641a\examples\peripheral\uart\pca10040\blank\arm4\uart_pca10040.uvproj
Project File Date:  03/22/2018

<h2>Output:</h2>
*** Using Compiler 'V5.06 update 4 (build 422)', folder: 'd:\Keil_v5\ARM\ARMCC\Bin'
Rebuild target 'nrf52832_xxaa'
assembling arm_startup_nrf52.s...
compiling system_nrf52.c...
compiling boards.c...
compiling main.c...
compiling nrfx_prs.c...
compiling nrf_drv_uart.c...
compiling nrfx_uart.c...
compiling app_error_handler_keil.c...
compiling app_error.c...
compiling nrfx_uarte.c...
compiling app_error_weak.c...
compiling app_fifo.c...
compiling app_uart_fifo.c...
compiling app_util_platform.c...
compiling nrf_assert.c...
compiling nrf_strerror.c...
compiling retarget.c...
linking...
Program Size: Code=5052 RO-data=616 RW-data=60 ZI-data=8820  
FromELF: creating hex file...
".\_build\nrf52832_xxaa.axf" - 0 Error(s), 0 Warning(s).
Build Time Elapsed:  00:00:13
</pre>
</body>
</html>
