Component: ARM Compiler 5.06 update 4 (build 422) Tool: armlink [4d35d2]

==============================================================================

Section Cross References

    arm_startup_nrf52.o(RESET) refers to arm_startup_nrf52.o(STACK) for __initial_sp
    arm_startup_nrf52.o(RESET) refers to arm_startup_nrf52.o(.text) for Reset_Handler
    arm_startup_nrf52.o(RESET) refers to nrfx_prs.o(i.UARTE0_UART0_IRQHandler) for UARTE0_UART0_IRQHandler
    arm_startup_nrf52.o(.text) refers to system_nrf52.o(i.SystemInit) for SystemInit
    arm_startup_nrf52.o(.text) refers to entry.o(.ARM.Collect$$$$00000000) for __main
    system_nrf52.o(i.SystemCoreClockUpdate) refers to system_nrf52.o(.data) for .data
    system_nrf52.o(i.SystemInit) refers to system_nrf52.o(.data) for .data
    main.o(i.main) refers to boards.o(i.bsp_board_init) for bsp_board_init
    main.o(i.main) refers to memcpya.o(.text) for __aeabi_memcpy4
    main.o(i.main) refers to app_uart_fifo.o(i.app_uart_init) for app_uart_init
    main.o(i.main) refers to app_error.o(i.app_error_handler_bare) for app_error_handler_bare
    main.o(i.main) refers to printfb.o(i.__0printf$bare) for __2printf
    main.o(i.main) refers to app_uart_fifo.o(i.app_uart_get) for app_uart_get
    main.o(i.main) refers to app_uart_fifo.o(i.app_uart_put) for app_uart_put
    main.o(i.main) refers to main.o(.constdata) for .constdata
    main.o(i.main) refers to main.o(.bss) for .bss
    main.o(i.main) refers to main.o(i.uart_error_handle) for uart_error_handle
    main.o(i.uart_error_handle) refers to app_error.o(i.app_error_handler_bare) for app_error_handler_bare
    boards.o(i.bsp_board_button_idx_to_pin) refers to boards.o(.constdata) for .constdata
    boards.o(i.bsp_board_button_state_get) refers to boards.o(.constdata) for .constdata
    boards.o(i.bsp_board_init) refers to boards.o(i.nrf_gpio_cfg) for nrf_gpio_cfg
    boards.o(i.bsp_board_init) refers to boards.o(i.bsp_board_leds_off) for bsp_board_leds_off
    boards.o(i.bsp_board_init) refers to boards.o(.constdata) for .constdata
    boards.o(i.bsp_board_led_idx_to_pin) refers to boards.o(.constdata) for .constdata
    boards.o(i.bsp_board_led_invert) refers to boards.o(.constdata) for .constdata
    boards.o(i.bsp_board_led_off) refers to boards.o(i.nrf_gpio_pin_write) for nrf_gpio_pin_write
    boards.o(i.bsp_board_led_off) refers to boards.o(.constdata) for .constdata
    boards.o(i.bsp_board_led_on) refers to boards.o(i.nrf_gpio_pin_write) for nrf_gpio_pin_write
    boards.o(i.bsp_board_led_on) refers to boards.o(.constdata) for .constdata
    boards.o(i.bsp_board_led_state_get) refers to boards.o(.constdata) for .constdata
    boards.o(i.bsp_board_leds_off) refers to boards.o(i.bsp_board_led_off) for bsp_board_led_off
    boards.o(i.bsp_board_leds_on) refers to boards.o(i.bsp_board_led_on) for bsp_board_led_on
    boards.o(i.bsp_board_pin_to_button_idx) refers to boards.o(.constdata) for .constdata
    boards.o(i.bsp_board_pin_to_led_idx) refers to boards.o(.constdata) for .constdata
    nrf_drv_uart.o(i.nrf_drv_uart_init) refers to memcpya.o(.text) for __aeabi_memcpy4
    nrf_drv_uart.o(i.nrf_drv_uart_init) refers to nrfx_uarte.o(i.nrfx_uarte_init) for nrfx_uarte_init
    nrf_drv_uart.o(i.nrf_drv_uart_init) refers to nrfx_uart.o(i.nrfx_uart_init) for nrfx_uart_init
    nrf_drv_uart.o(i.nrf_drv_uart_init) refers to nrf_drv_uart.o(.data) for .data
    nrf_drv_uart.o(i.nrf_drv_uart_init) refers to nrf_drv_uart.o(i.uarte_evt_handler) for uarte_evt_handler
    nrf_drv_uart.o(i.nrf_drv_uart_init) refers to nrf_drv_uart.o(i.uart_evt_handler) for uart_evt_handler
    nrf_drv_uart.o(i.uart_evt_handler) refers to nrf_drv_uart.o(.data) for .data
    nrf_drv_uart.o(i.uarte_evt_handler) refers to nrf_drv_uart.o(.data) for .data
    nrfx_prs.o(i.UARTE0_UART0_IRQHandler) refers to nrfx_prs.o(.data) for .data
    nrfx_prs.o(i.nrfx_prs_acquire) refers to nrfx_prs.o(i.prs_box_get) for prs_box_get
    nrfx_prs.o(i.nrfx_prs_acquire) refers to app_util_platform.o(i.app_util_critical_region_enter) for app_util_critical_region_enter
    nrfx_prs.o(i.nrfx_prs_acquire) refers to app_util_platform.o(i.app_util_critical_region_exit) for app_util_critical_region_exit
    nrfx_prs.o(i.nrfx_prs_release) refers to nrfx_prs.o(i.prs_box_get) for prs_box_get
    nrfx_prs.o(i.prs_box_get) refers to nrfx_prs.o(.data) for .data
    nrfx_uart.o(i.apply_config) refers to nrfx_uart.o(i.nrf_gpio_cfg_output) for nrf_gpio_cfg_output
    nrfx_uart.o(i.apply_config) refers to nrfx_uart.o(i.nrf_gpio_cfg_input) for nrf_gpio_cfg_input
    nrfx_uart.o(i.interrupts_enable) refers to nrfx_uart.o(i.nrf_uart_event_clear) for nrf_uart_event_clear
    nrfx_uart.o(i.nrf_gpio_cfg_default) refers to nrfx_uart.o(i.nrf_gpio_cfg) for nrf_gpio_cfg
    nrfx_uart.o(i.nrf_gpio_cfg_input) refers to nrfx_uart.o(i.nrf_gpio_cfg) for nrf_gpio_cfg
    nrfx_uart.o(i.nrf_gpio_cfg_output) refers to nrfx_uart.o(i.nrf_gpio_cfg) for nrf_gpio_cfg
    nrfx_uart.o(i.nrfx_uart_0_irq_handler) refers to nrfx_uart.o(i.uart_irq_handler) for uart_irq_handler
    nrfx_uart.o(i.nrfx_uart_0_irq_handler) refers to nrfx_uart.o(.bss) for .bss
    nrfx_uart.o(i.nrfx_uart_errorsrc_get) refers to nrfx_uart.o(i.nrf_uart_event_clear) for nrf_uart_event_clear
    nrfx_uart.o(i.nrfx_uart_init) refers to nrfx_prs.o(i.nrfx_prs_acquire) for nrfx_prs_acquire
    nrfx_uart.o(i.nrfx_uart_init) refers to nrfx_uart.o(i.apply_config) for apply_config
    nrfx_uart.o(i.nrfx_uart_init) refers to nrfx_uart.o(i.interrupts_enable) for interrupts_enable
    nrfx_uart.o(i.nrfx_uart_init) refers to nrfx_uart.o(.bss) for .bss
    nrfx_uart.o(i.nrfx_uart_init) refers to nrfx_uart.o(.constdata) for .constdata
    nrfx_uart.o(i.nrfx_uart_rx) refers to nrfx_uart.o(i.rx_enable) for rx_enable
    nrfx_uart.o(i.nrfx_uart_rx) refers to nrfx_uart.o(i.nrf_uart_event_clear) for nrf_uart_event_clear
    nrfx_uart.o(i.nrfx_uart_rx) refers to nrfx_uart.o(i.nrf_uart_event_check) for nrf_uart_event_check
    nrfx_uart.o(i.nrfx_uart_rx) refers to nrfx_uart.o(i.rx_byte) for rx_byte
    nrfx_uart.o(i.nrfx_uart_rx) refers to nrfx_uart.o(.bss) for .bss
    nrfx_uart.o(i.nrfx_uart_rx_disable) refers to nrfx_uart.o(.bss) for .bss
    nrfx_uart.o(i.nrfx_uart_rx_enable) refers to nrfx_uart.o(i.rx_enable) for rx_enable
    nrfx_uart.o(i.nrfx_uart_rx_enable) refers to nrfx_uart.o(.bss) for .bss
    nrfx_uart.o(i.nrfx_uart_tx) refers to nrfx_uart.o(i.nrfx_uart_tx_in_progress) for nrfx_uart_tx_in_progress
    nrfx_uart.o(i.nrfx_uart_tx) refers to nrfx_uart.o(i.nrf_uart_event_clear) for nrf_uart_event_clear
    nrfx_uart.o(i.nrfx_uart_tx) refers to nrfx_uart.o(i.tx_byte) for tx_byte
    nrfx_uart.o(i.nrfx_uart_tx) refers to nrfx_uart.o(i.nrf_uart_event_check) for nrf_uart_event_check
    nrfx_uart.o(i.nrfx_uart_tx) refers to nrfx_uart.o(.bss) for .bss
    nrfx_uart.o(i.nrfx_uart_tx_abort) refers to nrfx_uart.o(i.tx_done_event) for tx_done_event
    nrfx_uart.o(i.nrfx_uart_tx_abort) refers to nrfx_uart.o(.bss) for .bss
    nrfx_uart.o(i.nrfx_uart_tx_in_progress) refers to nrfx_uart.o(.bss) for .bss
    nrfx_uart.o(i.nrfx_uart_uninit) refers to nrfx_uart.o(i.nrf_gpio_cfg_default) for nrf_gpio_cfg_default
    nrfx_uart.o(i.nrfx_uart_uninit) refers to nrfx_prs.o(i.nrfx_prs_release) for nrfx_prs_release
    nrfx_uart.o(i.nrfx_uart_uninit) refers to nrfx_uart.o(.bss) for .bss
    nrfx_uart.o(i.rx_byte) refers to nrfx_uart.o(i.nrf_uart_event_clear) for nrf_uart_event_clear
    nrfx_uart.o(i.rx_enable) refers to nrfx_uart.o(i.nrf_uart_event_clear) for nrf_uart_event_clear
    nrfx_uart.o(i.tx_byte) refers to nrfx_uart.o(i.nrf_uart_event_clear) for nrf_uart_event_clear
    nrfx_uart.o(i.uart_irq_handler) refers to nrfx_uart.o(i.nrf_uart_int_enable_check) for nrf_uart_int_enable_check
    nrfx_uart.o(i.uart_irq_handler) refers to nrfx_uart.o(i.nrf_uart_event_check) for nrf_uart_event_check
    nrfx_uart.o(i.uart_irq_handler) refers to nrfx_uart.o(i.nrf_uart_event_clear) for nrf_uart_event_clear
    nrfx_uart.o(i.uart_irq_handler) refers to nrfx_uart.o(i.rx_byte) for rx_byte
    nrfx_uart.o(i.uart_irq_handler) refers to nrfx_uart.o(i.rx_done_event) for rx_done_event
    nrfx_uart.o(i.uart_irq_handler) refers to nrfx_uart.o(i.tx_done_event) for tx_done_event
    nrfx_uart.o(i.uart_irq_handler) refers to nrfx_uart.o(i.tx_byte) for tx_byte
    nrfx_uart.o(.constdata) refers to nrfx_uart.o(i.nrfx_uart_0_irq_handler) for nrfx_uart_0_irq_handler
    nrfx_uarte.o(i.apply_config) refers to nrfx_uarte.o(i.nrf_gpio_cfg_output) for nrf_gpio_cfg_output
    nrfx_uarte.o(i.apply_config) refers to nrfx_uarte.o(i.nrf_gpio_cfg_input) for nrf_gpio_cfg_input
    nrfx_uarte.o(i.interrupts_enable) refers to nrfx_uarte.o(i.nrf_uarte_event_clear) for nrf_uarte_event_clear
    nrfx_uarte.o(i.nrf_gpio_cfg_default) refers to nrfx_uarte.o(i.nrf_gpio_cfg) for nrf_gpio_cfg
    nrfx_uarte.o(i.nrf_gpio_cfg_input) refers to nrfx_uarte.o(i.nrf_gpio_cfg) for nrf_gpio_cfg
    nrfx_uarte.o(i.nrf_gpio_cfg_output) refers to nrfx_uarte.o(i.nrf_gpio_cfg) for nrf_gpio_cfg
    nrfx_uarte.o(i.nrfx_uarte_0_irq_handler) refers to nrfx_uarte.o(i.uarte_irq_handler) for uarte_irq_handler
    nrfx_uarte.o(i.nrfx_uarte_0_irq_handler) refers to nrfx_uarte.o(.bss) for .bss
    nrfx_uarte.o(i.nrfx_uarte_errorsrc_get) refers to nrfx_uarte.o(i.nrf_uarte_event_clear) for nrf_uarte_event_clear
    nrfx_uarte.o(i.nrfx_uarte_init) refers to nrfx_prs.o(i.nrfx_prs_acquire) for nrfx_prs_acquire
    nrfx_uarte.o(i.nrfx_uarte_init) refers to nrfx_uarte.o(i.apply_config) for apply_config
    nrfx_uarte.o(i.nrfx_uarte_init) refers to nrfx_uarte.o(i.interrupts_enable) for interrupts_enable
    nrfx_uarte.o(i.nrfx_uarte_init) refers to nrfx_uarte.o(.bss) for .bss
    nrfx_uarte.o(i.nrfx_uarte_init) refers to nrfx_uarte.o(.constdata) for .constdata
    nrfx_uarte.o(i.nrfx_uarte_rx) refers to nrfx_uarte.o(i.nrfx_is_in_ram) for nrfx_is_in_ram
    nrfx_uarte.o(i.nrfx_uarte_rx) refers to nrfx_uarte.o(i.nrf_uarte_event_clear) for nrf_uarte_event_clear
    nrfx_uarte.o(i.nrfx_uarte_rx) refers to nrfx_uarte.o(i.nrf_uarte_event_check) for nrf_uarte_event_check
    nrfx_uarte.o(i.nrfx_uarte_rx) refers to nrfx_uarte.o(.bss) for .bss
    nrfx_uarte.o(i.nrfx_uarte_tx) refers to nrfx_uarte.o(i.nrfx_is_in_ram) for nrfx_is_in_ram
    nrfx_uarte.o(i.nrfx_uarte_tx) refers to nrfx_uarte.o(i.nrfx_uarte_tx_in_progress) for nrfx_uarte_tx_in_progress
    nrfx_uarte.o(i.nrfx_uarte_tx) refers to nrfx_uarte.o(i.nrf_uarte_event_clear) for nrf_uarte_event_clear
    nrfx_uarte.o(i.nrfx_uarte_tx) refers to nrfx_uarte.o(i.nrf_uarte_event_check) for nrf_uarte_event_check
    nrfx_uarte.o(i.nrfx_uarte_tx) refers to nrfx_uarte.o(.bss) for .bss
    nrfx_uarte.o(i.nrfx_uarte_tx_abort) refers to nrfx_uarte.o(i.nrf_uarte_event_clear) for nrf_uarte_event_clear
    nrfx_uarte.o(i.nrfx_uarte_tx_abort) refers to nrfx_uarte.o(i.nrf_uarte_event_check) for nrf_uarte_event_check
    nrfx_uarte.o(i.nrfx_uarte_tx_abort) refers to nrfx_uarte.o(.bss) for .bss
    nrfx_uarte.o(i.nrfx_uarte_tx_in_progress) refers to nrfx_uarte.o(.bss) for .bss
    nrfx_uarte.o(i.nrfx_uarte_uninit) refers to nrfx_uarte.o(i.nrf_gpio_cfg_default) for nrf_gpio_cfg_default
    nrfx_uarte.o(i.nrfx_uarte_uninit) refers to nrfx_prs.o(i.nrfx_prs_release) for nrfx_prs_release
    nrfx_uarte.o(i.nrfx_uarte_uninit) refers to nrfx_uarte.o(.bss) for .bss
    nrfx_uarte.o(i.uarte_irq_handler) refers to nrfx_uarte.o(i.nrf_uarte_event_check) for nrf_uarte_event_check
    nrfx_uarte.o(i.uarte_irq_handler) refers to nrfx_uarte.o(i.nrf_uarte_event_clear) for nrf_uarte_event_clear
    nrfx_uarte.o(i.uarte_irq_handler) refers to nrfx_uarte.o(i.rx_done_event) for rx_done_event
    nrfx_uarte.o(.constdata) refers to nrfx_uarte.o(i.nrfx_uarte_0_irq_handler) for nrfx_uarte_0_irq_handler
    app_error.o(i.app_error_handler_bare) refers to app_error_weak.o(i.app_error_fault_handler) for app_error_fault_handler
    app_error.o(i.app_error_save_and_stop) refers to app_error.o(.bss) for .bss
    app_error_handler_keil.o(.emb_text) refers to app_error_weak.o(i.app_error_fault_handler) for app_error_fault_handler
    app_fifo.o(i.app_fifo_get) refers to app_fifo.o(i.fifo_get) for fifo_get
    app_fifo.o(i.app_fifo_put) refers to app_fifo.o(i.fifo_put) for fifo_put
    app_fifo.o(i.app_fifo_read) refers to app_fifo.o(i.fifo_get) for fifo_get
    app_fifo.o(i.app_fifo_write) refers to app_fifo.o(i.fifo_put) for fifo_put
    app_uart_fifo.o(i.app_uart_close) refers to nrfx_uarte.o(i.nrfx_uarte_uninit) for nrfx_uarte_uninit
    app_uart_fifo.o(i.app_uart_close) refers to nrfx_uart.o(i.nrfx_uart_uninit) for nrfx_uart_uninit
    app_uart_fifo.o(i.app_uart_close) refers to app_uart_fifo.o(.data) for .data
    app_uart_fifo.o(i.app_uart_close) refers to nrf_drv_uart.o(.data) for nrf_drv_uart_use_easy_dma
    app_uart_fifo.o(i.app_uart_flush) refers to app_fifo.o(i.app_fifo_flush) for app_fifo_flush
    app_uart_fifo.o(i.app_uart_flush) refers to app_uart_fifo.o(.bss) for .bss
    app_uart_fifo.o(i.app_uart_get) refers to app_fifo.o(i.app_fifo_get) for app_fifo_get
    app_uart_fifo.o(i.app_uart_get) refers to app_uart_fifo.o(i.nrf_drv_uart_rx) for nrf_drv_uart_rx
    app_uart_fifo.o(i.app_uart_get) refers to app_error.o(i.app_error_handler_bare) for app_error_handler_bare
    app_uart_fifo.o(i.app_uart_get) refers to app_uart_fifo.o(.data) for .data
    app_uart_fifo.o(i.app_uart_get) refers to app_uart_fifo.o(.bss) for .bss
    app_uart_fifo.o(i.app_uart_init) refers to app_fifo.o(i.app_fifo_init) for app_fifo_init
    app_uart_fifo.o(i.app_uart_init) refers to memcpya.o(.text) for __aeabi_memcpy4
    app_uart_fifo.o(i.app_uart_init) refers to nrf_drv_uart.o(i.nrf_drv_uart_init) for nrf_drv_uart_init
    app_uart_fifo.o(i.app_uart_init) refers to app_uart_fifo.o(i.nrf_drv_uart_rx) for nrf_drv_uart_rx
    app_uart_fifo.o(i.app_uart_init) refers to app_uart_fifo.o(.data) for .data
    app_uart_fifo.o(i.app_uart_init) refers to app_uart_fifo.o(.bss) for .bss
    app_uart_fifo.o(i.app_uart_init) refers to app_uart_fifo.o(.constdata) for .constdata
    app_uart_fifo.o(i.app_uart_init) refers to app_uart_fifo.o(i.uart_event_handler) for uart_event_handler
    app_uart_fifo.o(i.app_uart_put) refers to app_fifo.o(i.app_fifo_put) for app_fifo_put
    app_uart_fifo.o(i.app_uart_put) refers to nrfx_uarte.o(i.nrfx_uarte_tx_in_progress) for nrfx_uarte_tx_in_progress
    app_uart_fifo.o(i.app_uart_put) refers to nrfx_uart.o(i.nrfx_uart_tx_in_progress) for nrfx_uart_tx_in_progress
    app_uart_fifo.o(i.app_uart_put) refers to app_fifo.o(i.app_fifo_get) for app_fifo_get
    app_uart_fifo.o(i.app_uart_put) refers to app_uart_fifo.o(i.nrf_drv_uart_tx) for nrf_drv_uart_tx
    app_uart_fifo.o(i.app_uart_put) refers to app_uart_fifo.o(.bss) for .bss
    app_uart_fifo.o(i.app_uart_put) refers to app_uart_fifo.o(.data) for .data
    app_uart_fifo.o(i.app_uart_put) refers to nrf_drv_uart.o(.data) for nrf_drv_uart_use_easy_dma
    app_uart_fifo.o(i.nrf_drv_uart_rx) refers to nrfx_uarte.o(i.nrfx_uarte_rx) for nrfx_uarte_rx
    app_uart_fifo.o(i.nrf_drv_uart_rx) refers to nrfx_uart.o(i.nrfx_uart_rx) for nrfx_uart_rx
    app_uart_fifo.o(i.nrf_drv_uart_rx) refers to nrf_drv_uart.o(.data) for nrf_drv_uart_use_easy_dma
    app_uart_fifo.o(i.nrf_drv_uart_tx) refers to nrfx_uarte.o(i.nrfx_uarte_tx) for nrfx_uarte_tx
    app_uart_fifo.o(i.nrf_drv_uart_tx) refers to nrfx_uart.o(i.nrfx_uart_tx) for nrfx_uart_tx
    app_uart_fifo.o(i.nrf_drv_uart_tx) refers to nrf_drv_uart.o(.data) for nrf_drv_uart_use_easy_dma
    app_uart_fifo.o(i.uart_event_handler) refers to app_uart_fifo.o(i.nrf_drv_uart_rx) for nrf_drv_uart_rx
    app_uart_fifo.o(i.uart_event_handler) refers to app_fifo.o(i.app_fifo_put) for app_fifo_put
    app_uart_fifo.o(i.uart_event_handler) refers to app_fifo.o(i.app_fifo_get) for app_fifo_get
    app_uart_fifo.o(i.uart_event_handler) refers to app_uart_fifo.o(i.nrf_drv_uart_tx) for nrf_drv_uart_tx
    app_uart_fifo.o(i.uart_event_handler) refers to app_uart_fifo.o(.data) for .data
    app_uart_fifo.o(i.uart_event_handler) refers to app_uart_fifo.o(.bss) for .bss
    app_util_platform.o(i.app_util_critical_region_enter) refers to app_util_platform.o(i.app_util_disable_irq) for app_util_disable_irq
    app_util_platform.o(i.app_util_critical_region_exit) refers to app_util_platform.o(i.app_util_enable_irq) for app_util_enable_irq
    app_util_platform.o(i.app_util_disable_irq) refers to app_util_platform.o(.data) for .data
    app_util_platform.o(i.app_util_enable_irq) refers to app_util_platform.o(.data) for .data
    nrf_assert.o(i.assert_nrf_callback) refers to app_error_weak.o(i.app_error_fault_handler) for app_error_fault_handler
    nrf_strerror.o(i.nrf_strerror_find) refers to nrf_strerror.o(.constdata) for .constdata
    nrf_strerror.o(i.nrf_strerror_get) refers to nrf_strerror.o(i.nrf_strerror_find) for nrf_strerror_find
    nrf_strerror.o(i.nrf_strerror_get) refers to nrf_strerror.o(.constdata) for .constdata
    nrf_strerror.o(.constdata) refers to nrf_strerror.o(.conststring) for .conststring
    retarget.o(i.fgetc) refers to app_uart_fifo.o(i.app_uart_get) for app_uart_get
    retarget.o(i.fputc) refers to app_uart_fifo.o(i.app_uart_put) for app_uart_put
    entry.o(.ARM.Collect$$$$00000000) refers (Special) to entry10a.o(.ARM.Collect$$$$0000000D) for __rt_final_cpp
    entry.o(.ARM.Collect$$$$00000000) refers (Special) to entry11a.o(.ARM.Collect$$$$0000000F) for __rt_final_exit
    entry.o(.ARM.Collect$$$$00000000) refers (Special) to entry7b.o(.ARM.Collect$$$$00000008) for _main_clock
    entry.o(.ARM.Collect$$$$00000000) refers (Special) to entry8b.o(.ARM.Collect$$$$0000000A) for _main_cpp_init
    entry.o(.ARM.Collect$$$$00000000) refers (Special) to entry9a.o(.ARM.Collect$$$$0000000B) for _main_init
    entry.o(.ARM.Collect$$$$00000000) refers (Special) to entry5.o(.ARM.Collect$$$$00000004) for _main_scatterload
    entry.o(.ARM.Collect$$$$00000000) refers (Special) to entry2.o(.ARM.Collect$$$$00000001) for _main_stk
    printfb.o(i.__0fprintf$bare) refers to printfb.o(i._printf_core) for _printf_core
    printfb.o(i.__0fprintf$bare) refers to retarget.o(i.fputc) for fputc
    printfb.o(i.__0printf$bare) refers to printfb.o(i._printf_core) for _printf_core
    printfb.o(i.__0printf$bare) refers to retarget.o(i.fputc) for fputc
    printfb.o(i.__0printf$bare) refers to retarget.o(.data) for __stdout
    printfb.o(i.__0snprintf$bare) refers to printfb.o(i._printf_core) for _printf_core
    printfb.o(i.__0snprintf$bare) refers to printfb.o(i._snputc) for _snputc
    printfb.o(i.__0sprintf$bare) refers to printfb.o(i._printf_core) for _printf_core
    printfb.o(i.__0sprintf$bare) refers to printfb.o(i._sputc) for _sputc
    printfb.o(i.__0vfprintf$bare) refers to printfb.o(i._printf_core) for _printf_core
    printfb.o(i.__0vfprintf$bare) refers to retarget.o(i.fputc) for fputc
    printfb.o(i.__0vprintf$bare) refers to printfb.o(i._printf_core) for _printf_core
    printfb.o(i.__0vprintf$bare) refers to retarget.o(i.fputc) for fputc
    printfb.o(i.__0vprintf$bare) refers to retarget.o(.data) for __stdout
    printfb.o(i.__0vsnprintf$bare) refers to printfb.o(i._printf_core) for _printf_core
    printfb.o(i.__0vsnprintf$bare) refers to printfb.o(i._snputc) for _snputc
    printfb.o(i.__0vsprintf$bare) refers to printfb.o(i._printf_core) for _printf_core
    printfb.o(i.__0vsprintf$bare) refers to printfb.o(i._sputc) for _sputc
    printf0.o(i.__0fprintf$0) refers to printf0.o(i._printf_core) for _printf_core
    printf0.o(i.__0fprintf$0) refers to retarget.o(i.fputc) for fputc
    printf0.o(i.__0printf$0) refers to printf0.o(i._printf_core) for _printf_core
    printf0.o(i.__0printf$0) refers to retarget.o(i.fputc) for fputc
    printf0.o(i.__0printf$0) refers to retarget.o(.data) for __stdout
    printf0.o(i.__0snprintf$0) refers to printf0.o(i._printf_core) for _printf_core
    printf0.o(i.__0snprintf$0) refers to printf0.o(i._snputc) for _snputc
    printf0.o(i.__0sprintf$0) refers to printf0.o(i._printf_core) for _printf_core
    printf0.o(i.__0sprintf$0) refers to printf0.o(i._sputc) for _sputc
    printf0.o(i.__0vfprintf$0) refers to printf0.o(i._printf_core) for _printf_core
    printf0.o(i.__0vfprintf$0) refers to retarget.o(i.fputc) for fputc
    printf0.o(i.__0vprintf$0) refers to printf0.o(i._printf_core) for _printf_core
    printf0.o(i.__0vprintf$0) refers to retarget.o(i.fputc) for fputc
    printf0.o(i.__0vprintf$0) refers to retarget.o(.data) for __stdout
    printf0.o(i.__0vsnprintf$0) refers to printf0.o(i._printf_core) for _printf_core
    printf0.o(i.__0vsnprintf$0) refers to printf0.o(i._snputc) for _snputc
    printf0.o(i.__0vsprintf$0) refers to printf0.o(i._printf_core) for _printf_core
    printf0.o(i.__0vsprintf$0) refers to printf0.o(i._sputc) for _sputc
    printf1.o(i.__0fprintf$1) refers to printf1.o(i._printf_core) for _printf_core
    printf1.o(i.__0fprintf$1) refers to retarget.o(i.fputc) for fputc
    printf1.o(i.__0printf$1) refers to printf1.o(i._printf_core) for _printf_core
    printf1.o(i.__0printf$1) refers to retarget.o(i.fputc) for fputc
    printf1.o(i.__0printf$1) refers to retarget.o(.data) for __stdout
    printf1.o(i.__0snprintf$1) refers to printf1.o(i._printf_core) for _printf_core
    printf1.o(i.__0snprintf$1) refers to printf1.o(i._snputc) for _snputc
    printf1.o(i.__0sprintf$1) refers to printf1.o(i._printf_core) for _printf_core
    printf1.o(i.__0sprintf$1) refers to printf1.o(i._sputc) for _sputc
    printf1.o(i.__0vfprintf$1) refers to printf1.o(i._printf_core) for _printf_core
    printf1.o(i.__0vfprintf$1) refers to retarget.o(i.fputc) for fputc
    printf1.o(i.__0vprintf$1) refers to printf1.o(i._printf_core) for _printf_core
    printf1.o(i.__0vprintf$1) refers to retarget.o(i.fputc) for fputc
    printf1.o(i.__0vprintf$1) refers to retarget.o(.data) for __stdout
    printf1.o(i.__0vsnprintf$1) refers to printf1.o(i._printf_core) for _printf_core
    printf1.o(i.__0vsnprintf$1) refers to printf1.o(i._snputc) for _snputc
    printf1.o(i.__0vsprintf$1) refers to printf1.o(i._printf_core) for _printf_core
    printf1.o(i.__0vsprintf$1) refers to printf1.o(i._sputc) for _sputc
    printf1.o(i._printf_core) refers to uidiv.o(.text) for __aeabi_uidivmod
    printf2.o(i.__0fprintf$2) refers to printf2.o(i._printf_core) for _printf_core
    printf2.o(i.__0fprintf$2) refers to retarget.o(i.fputc) for fputc
    printf2.o(i.__0printf$2) refers to printf2.o(i._printf_core) for _printf_core
    printf2.o(i.__0printf$2) refers to retarget.o(i.fputc) for fputc
    printf2.o(i.__0printf$2) refers to retarget.o(.data) for __stdout
    printf2.o(i.__0snprintf$2) refers to printf2.o(i._printf_core) for _printf_core
    printf2.o(i.__0snprintf$2) refers to printf2.o(i._snputc) for _snputc
    printf2.o(i.__0sprintf$2) refers to printf2.o(i._printf_core) for _printf_core
    printf2.o(i.__0sprintf$2) refers to printf2.o(i._sputc) for _sputc
    printf2.o(i.__0vfprintf$2) refers to printf2.o(i._printf_core) for _printf_core
    printf2.o(i.__0vfprintf$2) refers to retarget.o(i.fputc) for fputc
    printf2.o(i.__0vprintf$2) refers to printf2.o(i._printf_core) for _printf_core
    printf2.o(i.__0vprintf$2) refers to retarget.o(i.fputc) for fputc
    printf2.o(i.__0vprintf$2) refers to retarget.o(.data) for __stdout
    printf2.o(i.__0vsnprintf$2) refers to printf2.o(i._printf_core) for _printf_core
    printf2.o(i.__0vsnprintf$2) refers to printf2.o(i._snputc) for _snputc
    printf2.o(i.__0vsprintf$2) refers to printf2.o(i._printf_core) for _printf_core
    printf2.o(i.__0vsprintf$2) refers to printf2.o(i._sputc) for _sputc
    printf3.o(i.__0fprintf$3) refers to printf3.o(i._printf_core) for _printf_core
    printf3.o(i.__0fprintf$3) refers to retarget.o(i.fputc) for fputc
    printf3.o(i.__0printf$3) refers to printf3.o(i._printf_core) for _printf_core
    printf3.o(i.__0printf$3) refers to retarget.o(i.fputc) for fputc
    printf3.o(i.__0printf$3) refers to retarget.o(.data) for __stdout
    printf3.o(i.__0snprintf$3) refers to printf3.o(i._printf_core) for _printf_core
    printf3.o(i.__0snprintf$3) refers to printf3.o(i._snputc) for _snputc
    printf3.o(i.__0sprintf$3) refers to printf3.o(i._printf_core) for _printf_core
    printf3.o(i.__0sprintf$3) refers to printf3.o(i._sputc) for _sputc
    printf3.o(i.__0vfprintf$3) refers to printf3.o(i._printf_core) for _printf_core
    printf3.o(i.__0vfprintf$3) refers to retarget.o(i.fputc) for fputc
    printf3.o(i.__0vprintf$3) refers to printf3.o(i._printf_core) for _printf_core
    printf3.o(i.__0vprintf$3) refers to retarget.o(i.fputc) for fputc
    printf3.o(i.__0vprintf$3) refers to retarget.o(.data) for __stdout
    printf3.o(i.__0vsnprintf$3) refers to printf3.o(i._printf_core) for _printf_core
    printf3.o(i.__0vsnprintf$3) refers to printf3.o(i._snputc) for _snputc
    printf3.o(i.__0vsprintf$3) refers to printf3.o(i._printf_core) for _printf_core
    printf3.o(i.__0vsprintf$3) refers to printf3.o(i._sputc) for _sputc
    printf3.o(i._printf_core) refers to uidiv.o(.text) for __aeabi_uidivmod
    printf4.o(i.__0fprintf$4) refers to printf4.o(i._printf_core) for _printf_core
    printf4.o(i.__0fprintf$4) refers to retarget.o(i.fputc) for fputc
    printf4.o(i.__0printf$4) refers to printf4.o(i._printf_core) for _printf_core
    printf4.o(i.__0printf$4) refers to retarget.o(i.fputc) for fputc
    printf4.o(i.__0printf$4) refers to retarget.o(.data) for __stdout
    printf4.o(i.__0snprintf$4) refers to printf4.o(i._printf_core) for _printf_core
    printf4.o(i.__0snprintf$4) refers to printf4.o(i._snputc) for _snputc
    printf4.o(i.__0sprintf$4) refers to printf4.o(i._printf_core) for _printf_core
    printf4.o(i.__0sprintf$4) refers to printf4.o(i._sputc) for _sputc
    printf4.o(i.__0vfprintf$4) refers to printf4.o(i._printf_core) for _printf_core
    printf4.o(i.__0vfprintf$4) refers to retarget.o(i.fputc) for fputc
    printf4.o(i.__0vprintf$4) refers to printf4.o(i._printf_core) for _printf_core
    printf4.o(i.__0vprintf$4) refers to retarget.o(i.fputc) for fputc
    printf4.o(i.__0vprintf$4) refers to retarget.o(.data) for __stdout
    printf4.o(i.__0vsnprintf$4) refers to printf4.o(i._printf_core) for _printf_core
    printf4.o(i.__0vsnprintf$4) refers to printf4.o(i._snputc) for _snputc
    printf4.o(i.__0vsprintf$4) refers to printf4.o(i._printf_core) for _printf_core
    printf4.o(i.__0vsprintf$4) refers to printf4.o(i._sputc) for _sputc
    printf4.o(i._printf_core) refers to uldiv.o(.text) for __aeabi_uldivmod
    printf5.o(i.__0fprintf$5) refers to printf5.o(i._printf_core) for _printf_core
    printf5.o(i.__0fprintf$5) refers to retarget.o(i.fputc) for fputc
    printf5.o(i.__0printf$5) refers to printf5.o(i._printf_core) for _printf_core
    printf5.o(i.__0printf$5) refers to retarget.o(i.fputc) for fputc
    printf5.o(i.__0printf$5) refers to retarget.o(.data) for __stdout
    printf5.o(i.__0snprintf$5) refers to printf5.o(i._printf_core) for _printf_core
    printf5.o(i.__0snprintf$5) refers to printf5.o(i._snputc) for _snputc
    printf5.o(i.__0sprintf$5) refers to printf5.o(i._printf_core) for _printf_core
    printf5.o(i.__0sprintf$5) refers to printf5.o(i._sputc) for _sputc
    printf5.o(i.__0vfprintf$5) refers to printf5.o(i._printf_core) for _printf_core
    printf5.o(i.__0vfprintf$5) refers to retarget.o(i.fputc) for fputc
    printf5.o(i.__0vprintf$5) refers to printf5.o(i._printf_core) for _printf_core
    printf5.o(i.__0vprintf$5) refers to retarget.o(i.fputc) for fputc
    printf5.o(i.__0vprintf$5) refers to retarget.o(.data) for __stdout
    printf5.o(i.__0vsnprintf$5) refers to printf5.o(i._printf_core) for _printf_core
    printf5.o(i.__0vsnprintf$5) refers to printf5.o(i._snputc) for _snputc
    printf5.o(i.__0vsprintf$5) refers to printf5.o(i._printf_core) for _printf_core
    printf5.o(i.__0vsprintf$5) refers to printf5.o(i._sputc) for _sputc
    printf5.o(i._printf_core) refers to uldiv.o(.text) for __aeabi_uldivmod
    printf6.o(i.__0fprintf$6) refers to printf6.o(i._printf_core) for _printf_core
    printf6.o(i.__0fprintf$6) refers to retarget.o(i.fputc) for fputc
    printf6.o(i.__0printf$6) refers to printf6.o(i._printf_core) for _printf_core
    printf6.o(i.__0printf$6) refers to retarget.o(i.fputc) for fputc
    printf6.o(i.__0printf$6) refers to retarget.o(.data) for __stdout
    printf6.o(i.__0snprintf$6) refers to printf6.o(i._printf_core) for _printf_core
    printf6.o(i.__0snprintf$6) refers to printf6.o(i._snputc) for _snputc
    printf6.o(i.__0sprintf$6) refers to printf6.o(i._printf_core) for _printf_core
    printf6.o(i.__0sprintf$6) refers to printf6.o(i._sputc) for _sputc
    printf6.o(i.__0vfprintf$6) refers to printf6.o(i._printf_core) for _printf_core
    printf6.o(i.__0vfprintf$6) refers to retarget.o(i.fputc) for fputc
    printf6.o(i.__0vprintf$6) refers to printf6.o(i._printf_core) for _printf_core
    printf6.o(i.__0vprintf$6) refers to retarget.o(i.fputc) for fputc
    printf6.o(i.__0vprintf$6) refers to retarget.o(.data) for __stdout
    printf6.o(i.__0vsnprintf$6) refers to printf6.o(i._printf_core) for _printf_core
    printf6.o(i.__0vsnprintf$6) refers to printf6.o(i._snputc) for _snputc
    printf6.o(i.__0vsprintf$6) refers to printf6.o(i._printf_core) for _printf_core
    printf6.o(i.__0vsprintf$6) refers to printf6.o(i._sputc) for _sputc
    printf6.o(i._printf_core) refers to printf6.o(i._printf_pre_padding) for _printf_pre_padding
    printf6.o(i._printf_core) refers to uidiv.o(.text) for __aeabi_uidivmod
    printf6.o(i._printf_core) refers to printf6.o(i._printf_post_padding) for _printf_post_padding
    printf7.o(i.__0fprintf$7) refers to printf7.o(i._printf_core) for _printf_core
    printf7.o(i.__0fprintf$7) refers to retarget.o(i.fputc) for fputc
    printf7.o(i.__0printf$7) refers to printf7.o(i._printf_core) for _printf_core
    printf7.o(i.__0printf$7) refers to retarget.o(i.fputc) for fputc
    printf7.o(i.__0printf$7) refers to retarget.o(.data) for __stdout
    printf7.o(i.__0snprintf$7) refers to printf7.o(i._printf_core) for _printf_core
    printf7.o(i.__0snprintf$7) refers to printf7.o(i._snputc) for _snputc
    printf7.o(i.__0sprintf$7) refers to printf7.o(i._printf_core) for _printf_core
    printf7.o(i.__0sprintf$7) refers to printf7.o(i._sputc) for _sputc
    printf7.o(i.__0vfprintf$7) refers to printf7.o(i._printf_core) for _printf_core
    printf7.o(i.__0vfprintf$7) refers to retarget.o(i.fputc) for fputc
    printf7.o(i.__0vprintf$7) refers to printf7.o(i._printf_core) for _printf_core
    printf7.o(i.__0vprintf$7) refers to retarget.o(i.fputc) for fputc
    printf7.o(i.__0vprintf$7) refers to retarget.o(.data) for __stdout
    printf7.o(i.__0vsnprintf$7) refers to printf7.o(i._printf_core) for _printf_core
    printf7.o(i.__0vsnprintf$7) refers to printf7.o(i._snputc) for _snputc
    printf7.o(i.__0vsprintf$7) refers to printf7.o(i._printf_core) for _printf_core
    printf7.o(i.__0vsprintf$7) refers to printf7.o(i._sputc) for _sputc
    printf7.o(i._printf_core) refers to printf7.o(i._printf_pre_padding) for _printf_pre_padding
    printf7.o(i._printf_core) refers to uldiv.o(.text) for __aeabi_uldivmod
    printf7.o(i._printf_core) refers to printf7.o(i._printf_post_padding) for _printf_post_padding
    printf8.o(i.__0fprintf$8) refers to printf8.o(i._printf_core) for _printf_core
    printf8.o(i.__0fprintf$8) refers to retarget.o(i.fputc) for fputc
    printf8.o(i.__0printf$8) refers to printf8.o(i._printf_core) for _printf_core
    printf8.o(i.__0printf$8) refers to retarget.o(i.fputc) for fputc
    printf8.o(i.__0printf$8) refers to retarget.o(.data) for __stdout
    printf8.o(i.__0snprintf$8) refers to printf8.o(i._printf_core) for _printf_core
    printf8.o(i.__0snprintf$8) refers to printf8.o(i._snputc) for _snputc
    printf8.o(i.__0sprintf$8) refers to printf8.o(i._printf_core) for _printf_core
    printf8.o(i.__0sprintf$8) refers to printf8.o(i._sputc) for _sputc
    printf8.o(i.__0vfprintf$8) refers to printf8.o(i._printf_core) for _printf_core
    printf8.o(i.__0vfprintf$8) refers to retarget.o(i.fputc) for fputc
    printf8.o(i.__0vprintf$8) refers to printf8.o(i._printf_core) for _printf_core
    printf8.o(i.__0vprintf$8) refers to retarget.o(i.fputc) for fputc
    printf8.o(i.__0vprintf$8) refers to retarget.o(.data) for __stdout
    printf8.o(i.__0vsnprintf$8) refers to printf8.o(i._printf_core) for _printf_core
    printf8.o(i.__0vsnprintf$8) refers to printf8.o(i._snputc) for _snputc
    printf8.o(i.__0vsprintf$8) refers to printf8.o(i._printf_core) for _printf_core
    printf8.o(i.__0vsprintf$8) refers to printf8.o(i._sputc) for _sputc
    printf8.o(i._printf_core) refers to printf8.o(i._printf_pre_padding) for _printf_pre_padding
    printf8.o(i._printf_core) refers to uldiv.o(.text) for __aeabi_uldivmod
    printf8.o(i._printf_core) refers to printf8.o(i._printf_post_padding) for _printf_post_padding
    printfa.o(i.__0fprintf) refers (Special) to iusefp.o(.text) for __I$use$fp
    printfa.o(i.__0fprintf) refers to printfa.o(i._printf_core) for _printf_core
    printfa.o(i.__0fprintf) refers to retarget.o(i.fputc) for fputc
    printfa.o(i.__0printf) refers (Special) to iusefp.o(.text) for __I$use$fp
    printfa.o(i.__0printf) refers to printfa.o(i._printf_core) for _printf_core
    printfa.o(i.__0printf) refers to retarget.o(i.fputc) for fputc
    printfa.o(i.__0printf) refers to retarget.o(.data) for __stdout
    printfa.o(i.__0snprintf) refers (Special) to iusefp.o(.text) for __I$use$fp
    printfa.o(i.__0snprintf) refers to printfa.o(i._printf_core) for _printf_core
    printfa.o(i.__0snprintf) refers to printfa.o(i._snputc) for _snputc
    printfa.o(i.__0sprintf) refers (Special) to iusefp.o(.text) for __I$use$fp
    printfa.o(i.__0sprintf) refers to printfa.o(i._printf_core) for _printf_core
    printfa.o(i.__0sprintf) refers to printfa.o(i._sputc) for _sputc
    printfa.o(i.__0vfprintf) refers (Special) to iusefp.o(.text) for __I$use$fp
    printfa.o(i.__0vfprintf) refers to printfa.o(i._printf_core) for _printf_core
    printfa.o(i.__0vfprintf) refers to retarget.o(i.fputc) for fputc
    printfa.o(i.__0vprintf) refers (Special) to iusefp.o(.text) for __I$use$fp
    printfa.o(i.__0vprintf) refers to printfa.o(i._printf_core) for _printf_core
    printfa.o(i.__0vprintf) refers to retarget.o(i.fputc) for fputc
    printfa.o(i.__0vprintf) refers to retarget.o(.data) for __stdout
    printfa.o(i.__0vsnprintf) refers (Special) to iusefp.o(.text) for __I$use$fp
    printfa.o(i.__0vsnprintf) refers to printfa.o(i._printf_core) for _printf_core
    printfa.o(i.__0vsnprintf) refers to printfa.o(i._snputc) for _snputc
    printfa.o(i.__0vsprintf) refers (Special) to iusefp.o(.text) for __I$use$fp
    printfa.o(i.__0vsprintf) refers to printfa.o(i._printf_core) for _printf_core
    printfa.o(i.__0vsprintf) refers to printfa.o(i._sputc) for _sputc
    printfa.o(i._fp_digits) refers (Special) to iusefp.o(.text) for __I$use$fp
    printfa.o(i._fp_digits) refers to dmul.o(.text) for __aeabi_dmul
    printfa.o(i._fp_digits) refers to ddiv.o(.text) for __aeabi_ddiv
    printfa.o(i._fp_digits) refers to cdrcmple.o(.text) for __aeabi_cdrcmple
    printfa.o(i._fp_digits) refers to dadd.o(.text) for __aeabi_dadd
    printfa.o(i._fp_digits) refers to dfixul.o(.text) for __aeabi_d2ulz
    printfa.o(i._fp_digits) refers to uldiv.o(.text) for __aeabi_uldivmod
    printfa.o(i._printf_core) refers (Special) to iusefp.o(.text) for __I$use$fp
    printfa.o(i._printf_core) refers to printfa.o(i._printf_pre_padding) for _printf_pre_padding
    printfa.o(i._printf_core) refers to uldiv.o(.text) for __aeabi_uldivmod
    printfa.o(i._printf_core) refers to printfa.o(i._printf_post_padding) for _printf_post_padding
    printfa.o(i._printf_core) refers to printfa.o(i._fp_digits) for _fp_digits
    printfa.o(i._printf_core) refers to uidiv.o(.text) for __aeabi_uidivmod
    printfa.o(i._printf_post_padding) refers (Special) to iusefp.o(.text) for __I$use$fp
    printfa.o(i._printf_pre_padding) refers (Special) to iusefp.o(.text) for __I$use$fp
    printfa.o(i._snputc) refers (Special) to iusefp.o(.text) for __I$use$fp
    printfa.o(i._sputc) refers (Special) to iusefp.o(.text) for __I$use$fp
    entry2.o(.ARM.Collect$$$$00000001) refers to entry2.o(.ARM.Collect$$$$00002712) for __lit__00000000
    entry2.o(.ARM.Collect$$$$00002712) refers to arm_startup_nrf52.o(STACK) for __initial_sp
    entry2.o(__vectab_stack_and_reset_area) refers to arm_startup_nrf52.o(STACK) for __initial_sp
    entry2.o(__vectab_stack_and_reset_area) refers to entry.o(.ARM.Collect$$$$00000000) for __main
    entry5.o(.ARM.Collect$$$$00000004) refers to init.o(.text) for __scatterload
    entry9a.o(.ARM.Collect$$$$0000000B) refers to main.o(i.main) for main
    entry9b.o(.ARM.Collect$$$$0000000C) refers to main.o(i.main) for main
    uldiv.o(.text) refers to llushr.o(.text) for __aeabi_llsr
    uldiv.o(.text) refers to llshl.o(.text) for __aeabi_llsl
    dadd.o(.text) refers to llshl.o(.text) for __aeabi_llsl
    dadd.o(.text) refers to llsshr.o(.text) for __aeabi_lasr
    dadd.o(.text) refers to depilogue.o(.text) for _double_epilogue
    dmul.o(.text) refers to depilogue.o(.text) for _double_epilogue
    ddiv.o(.text) refers to depilogue.o(.text) for _double_round
    dfixul.o(.text) refers to llushr.o(.text) for __aeabi_llsr
    dfixul.o(.text) refers to llshl.o(.text) for __aeabi_llsl
    init.o(.text) refers to entry5.o(.ARM.Collect$$$$00000004) for __main_after_scatterload
    depilogue.o(.text) refers to llshl.o(.text) for __aeabi_llsl
    depilogue.o(.text) refers to llushr.o(.text) for __aeabi_llsr


==============================================================================

Removing Unused input sections from the image.

    Removing arm_startup_nrf52.o(HEAP), (8192 bytes).
    Removing system_nrf52.o(.rev16_text), (4 bytes).
    Removing system_nrf52.o(.revsh_text), (4 bytes).
    Removing system_nrf52.o(.rrx_text), (6 bytes).
    Removing system_nrf52.o(i.SystemCoreClockUpdate), (16 bytes).
    Removing main.o(.rev16_text), (4 bytes).
    Removing main.o(.revsh_text), (4 bytes).
    Removing main.o(.rrx_text), (6 bytes).
    Removing boards.o(.rev16_text), (4 bytes).
    Removing boards.o(.revsh_text), (4 bytes).
    Removing boards.o(.rrx_text), (6 bytes).
    Removing boards.o(i.bsp_board_button_idx_to_pin), (12 bytes).
    Removing boards.o(i.bsp_board_button_state_get), (32 bytes).
    Removing boards.o(i.bsp_board_led_idx_to_pin), (12 bytes).
    Removing boards.o(i.bsp_board_led_invert), (36 bytes).
    Removing boards.o(i.bsp_board_led_on), (16 bytes).
    Removing boards.o(i.bsp_board_led_state_get), (32 bytes).
    Removing boards.o(i.bsp_board_leds_on), (18 bytes).
    Removing boards.o(i.bsp_board_pin_to_button_idx), (36 bytes).
    Removing boards.o(i.bsp_board_pin_to_led_idx), (36 bytes).
    Removing nrf_drv_uart.o(.rev16_text), (4 bytes).
    Removing nrf_drv_uart.o(.revsh_text), (4 bytes).
    Removing nrf_drv_uart.o(.rrx_text), (6 bytes).
    Removing nrfx_prs.o(.rev16_text), (4 bytes).
    Removing nrfx_prs.o(.revsh_text), (4 bytes).
    Removing nrfx_prs.o(.rrx_text), (6 bytes).
    Removing nrfx_prs.o(i.nrfx_prs_release), (18 bytes).
    Removing nrfx_prs.o(.constdata), (17 bytes).
    Removing nrfx_uart.o(.rev16_text), (4 bytes).
    Removing nrfx_uart.o(.revsh_text), (4 bytes).
    Removing nrfx_uart.o(.rrx_text), (6 bytes).
    Removing nrfx_uart.o(i.nrf_gpio_cfg_default), (18 bytes).
    Removing nrfx_uart.o(i.nrfx_uart_errorsrc_get), (26 bytes).
    Removing nrfx_uart.o(i.nrfx_uart_rx_abort), (18 bytes).
    Removing nrfx_uart.o(i.nrfx_uart_rx_disable), (36 bytes).
    Removing nrfx_uart.o(i.nrfx_uart_rx_enable), (60 bytes).
    Removing nrfx_uart.o(i.nrfx_uart_rx_ready), (14 bytes).
    Removing nrfx_uart.o(i.nrfx_uart_tx_abort), (48 bytes).
    Removing nrfx_uart.o(i.nrfx_uart_uninit), (192 bytes).
    Removing nrfx_uart.o(.constdata), (15 bytes).
    Removing nrfx_uart.o(.constdata), (13 bytes).
    Removing nrfx_uart.o(.constdata), (13 bytes).
    Removing nrfx_uarte.o(.rev16_text), (4 bytes).
    Removing nrfx_uarte.o(.revsh_text), (4 bytes).
    Removing nrfx_uarte.o(.rrx_text), (6 bytes).
    Removing nrfx_uarte.o(i.nrf_gpio_cfg_default), (18 bytes).
    Removing nrfx_uarte.o(i.nrfx_uarte_errorsrc_get), (26 bytes).
    Removing nrfx_uarte.o(i.nrfx_uarte_rx_abort), (8 bytes).
    Removing nrfx_uarte.o(i.nrfx_uarte_rx_ready), (14 bytes).
    Removing nrfx_uarte.o(i.nrfx_uarte_tx_abort), (56 bytes).
    Removing nrfx_uarte.o(i.nrfx_uarte_uninit), (188 bytes).
    Removing nrfx_uarte.o(.constdata), (16 bytes).
    Removing nrfx_uarte.o(.constdata), (14 bytes).
    Removing nrfx_uarte.o(.constdata), (14 bytes).
    Removing app_error.o(.rev16_text), (4 bytes).
    Removing app_error.o(.revsh_text), (4 bytes).
    Removing app_error.o(.rrx_text), (6 bytes).
    Removing app_error.o(i.app_error_save_and_stop), (100 bytes).
    Removing app_error.o(.bss), (32 bytes).
    Removing app_error_handler_keil.o(.rev16_text), (4 bytes).
    Removing app_error_handler_keil.o(.revsh_text), (4 bytes).
    Removing app_error_handler_keil.o(.rrx_text), (6 bytes).
    Removing app_error_handler_keil.o(.emb_text), (26 bytes).
    Removing app_error_weak.o(.rev16_text), (4 bytes).
    Removing app_error_weak.o(.revsh_text), (4 bytes).
    Removing app_error_weak.o(.rrx_text), (6 bytes).
    Removing app_fifo.o(.rev16_text), (4 bytes).
    Removing app_fifo.o(.revsh_text), (4 bytes).
    Removing app_fifo.o(.rrx_text), (6 bytes).
    Removing app_fifo.o(i.app_fifo_flush), (8 bytes).
    Removing app_fifo.o(i.app_fifo_peek), (34 bytes).
    Removing app_fifo.o(i.app_fifo_read), (74 bytes).
    Removing app_fifo.o(i.app_fifo_write), (82 bytes).
    Removing app_uart_fifo.o(.rev16_text), (4 bytes).
    Removing app_uart_fifo.o(.revsh_text), (4 bytes).
    Removing app_uart_fifo.o(.rrx_text), (6 bytes).
    Removing app_uart_fifo.o(i.app_uart_close), (40 bytes).
    Removing app_uart_fifo.o(i.app_uart_flush), (32 bytes).
    Removing app_util_platform.o(.rev16_text), (4 bytes).
    Removing app_util_platform.o(.revsh_text), (4 bytes).
    Removing app_util_platform.o(.rrx_text), (6 bytes).
    Removing app_util_platform.o(i.current_int_priority_get), (48 bytes).
    Removing app_util_platform.o(i.privilege_level_get), (26 bytes).
    Removing nrf_assert.o(.rev16_text), (4 bytes).
    Removing nrf_assert.o(.revsh_text), (4 bytes).
    Removing nrf_assert.o(.rrx_text), (6 bytes).
    Removing nrf_assert.o(i.assert_nrf_callback), (22 bytes).
    Removing nrf_strerror.o(.rev16_text), (4 bytes).
    Removing nrf_strerror.o(.revsh_text), (4 bytes).
    Removing nrf_strerror.o(.rrx_text), (6 bytes).
    Removing nrf_strerror.o(i.nrf_strerror_find), (56 bytes).
    Removing nrf_strerror.o(i.nrf_strerror_get), (20 bytes).
    Removing nrf_strerror.o(.constdata), (300 bytes).
    Removing nrf_strerror.o(.conststring), (957 bytes).
    Removing retarget.o(.rev16_text), (4 bytes).
    Removing retarget.o(.revsh_text), (4 bytes).
    Removing retarget.o(.rrx_text), (6 bytes).
    Removing retarget.o(i.fgetc), (18 bytes).
    Removing retarget.o(.data), (4 bytes).
    Removing dadd.o(.text), (334 bytes).
    Removing dmul.o(.text), (228 bytes).
    Removing ddiv.o(.text), (222 bytes).
    Removing dfixul.o(.text), (48 bytes).
    Removing cdrcmple.o(.text), (48 bytes).
    Removing depilogue.o(.text), (186 bytes).

105 unused section(s) (total 12449 bytes) removed from the image.

==============================================================================

Image Symbol Table

    Local Symbols

    Symbol Name                              Value     Ov Type        Size  Object(Section)

    RESET                                    0x00000000   Section      512  arm_startup_nrf52.o(RESET)
    ../clib/microlib/division.c              0x00000000   Number         0  uldiv.o ABSOLUTE
    ../clib/microlib/division.c              0x00000000   Number         0  uidiv.o ABSOLUTE
    ../clib/microlib/init/entry.s            0x00000000   Number         0  entry10b.o ABSOLUTE
    ../clib/microlib/init/entry.s            0x00000000   Number         0  entry5.o ABSOLUTE
    ../clib/microlib/init/entry.s            0x00000000   Number         0  entry7a.o ABSOLUTE
    ../clib/microlib/init/entry.s            0x00000000   Number         0  entry7b.o ABSOLUTE
    ../clib/microlib/init/entry.s            0x00000000   Number         0  entry11b.o ABSOLUTE
    ../clib/microlib/init/entry.s            0x00000000   Number         0  entry11a.o ABSOLUTE
    ../clib/microlib/init/entry.s            0x00000000   Number         0  entry8a.o ABSOLUTE
    ../clib/microlib/init/entry.s            0x00000000   Number         0  entry.o ABSOLUTE
    ../clib/microlib/init/entry.s            0x00000000   Number         0  entry8b.o ABSOLUTE
    ../clib/microlib/init/entry.s            0x00000000   Number         0  entry9a.o ABSOLUTE
    ../clib/microlib/init/entry.s            0x00000000   Number         0  entry10a.o ABSOLUTE
    ../clib/microlib/init/entry.s            0x00000000   Number         0  entry9b.o ABSOLUTE
    ../clib/microlib/init/entry.s            0x00000000   Number         0  entry2.o ABSOLUTE
    ../clib/microlib/longlong.c              0x00000000   Number         0  llshl.o ABSOLUTE
    ../clib/microlib/longlong.c              0x00000000   Number         0  llushr.o ABSOLUTE
    ../clib/microlib/longlong.c              0x00000000   Number         0  llsshr.o ABSOLUTE
    ../clib/microlib/printf/printf.c         0x00000000   Number         0  printf6.o ABSOLUTE
    ../clib/microlib/printf/printf.c         0x00000000   Number         0  printf5.o ABSOLUTE
    ../clib/microlib/printf/printf.c         0x00000000   Number         0  printf4.o ABSOLUTE
    ../clib/microlib/printf/printf.c         0x00000000   Number         0  printf3.o ABSOLUTE
    ../clib/microlib/printf/printf.c         0x00000000   Number         0  printf2.o ABSOLUTE
    ../clib/microlib/printf/printf.c         0x00000000   Number         0  printf1.o ABSOLUTE
    ../clib/microlib/printf/printf.c         0x00000000   Number         0  printf0.o ABSOLUTE
    ../clib/microlib/printf/printf.c         0x00000000   Number         0  printfb.o ABSOLUTE
    ../clib/microlib/printf/printf.c         0x00000000   Number         0  printfa.o ABSOLUTE
    ../clib/microlib/printf/printf.c         0x00000000   Number         0  printf8.o ABSOLUTE
    ../clib/microlib/printf/printf.c         0x00000000   Number         0  printf7.o ABSOLUTE
    ../clib/microlib/string/memcpy.c         0x00000000   Number         0  memcpya.o ABSOLUTE
    ../clib/microlib/string/memcpy.c         0x00000000   Number         0  memcpyb.o ABSOLUTE
    ../clib/microlib/stubs.s                 0x00000000   Number         0  iusefp.o ABSOLUTE
    ../fplib/microlib/fpadd.c                0x00000000   Number         0  dadd.o ABSOLUTE
    ../fplib/microlib/fpdiv.c                0x00000000   Number         0  ddiv.o ABSOLUTE
    ../fplib/microlib/fpepilogue.c           0x00000000   Number         0  depilogue.o ABSOLUTE
    ../fplib/microlib/fpfix.c                0x00000000   Number         0  dfixul.o ABSOLUTE
    ../fplib/microlib/fpmul.c                0x00000000   Number         0  dmul.o ABSOLUTE
    ..\..\..\..\..\..\components\boards\boards.c 0x00000000   Number         0  boards.o ABSOLUTE
    ..\..\..\..\..\..\components\libraries\fifo\app_fifo.c 0x00000000   Number         0  app_fifo.o ABSOLUTE
    ..\..\..\..\..\..\components\libraries\strerror\nrf_strerror.c 0x00000000   Number         0  nrf_strerror.o ABSOLUTE
    ..\..\..\..\..\..\components\libraries\uart\app_uart_fifo.c 0x00000000   Number         0  app_uart_fifo.o ABSOLUTE
    ..\..\..\..\..\..\components\libraries\uart\retarget.c 0x00000000   Number         0  retarget.o ABSOLUTE
    ..\..\..\..\..\..\components\libraries\util\app_error.c 0x00000000   Number         0  app_error.o ABSOLUTE
    ..\..\..\..\..\..\components\libraries\util\app_error_handler_keil.c 0x00000000   Number         0  app_error_handler_keil.o ABSOLUTE
    ..\..\..\..\..\..\components\libraries\util\app_error_weak.c 0x00000000   Number         0  app_error_weak.o ABSOLUTE
    ..\..\..\..\..\..\components\libraries\util\app_util_platform.c 0x00000000   Number         0  app_util_platform.o ABSOLUTE
    ..\..\..\..\..\..\components\libraries\util\nrf_assert.c 0x00000000   Number         0  nrf_assert.o ABSOLUTE
    ..\..\..\..\..\..\integration\nrfx\legacy\nrf_drv_uart.c 0x00000000   Number         0  nrf_drv_uart.o ABSOLUTE
    ..\..\..\..\..\..\modules\nrfx\drivers\src\nrfx_uart.c 0x00000000   Number         0  nrfx_uart.o ABSOLUTE
    ..\..\..\..\..\..\modules\nrfx\drivers\src\nrfx_uarte.c 0x00000000   Number         0  nrfx_uarte.o ABSOLUTE
    ..\..\..\..\..\..\modules\nrfx\drivers\src\prs\nrfx_prs.c 0x00000000   Number         0  nrfx_prs.o ABSOLUTE
    ..\..\..\..\..\..\modules\nrfx\mdk\arm_startup_nrf52.s 0x00000000   Number         0  arm_startup_nrf52.o ABSOLUTE
    ..\..\..\..\..\..\modules\nrfx\mdk\system_nrf52.c 0x00000000   Number         0  system_nrf52.o ABSOLUTE
    ..\..\..\main.c                          0x00000000   Number         0  main.o ABSOLUTE
    ..\\..\\..\\..\\..\\..\\components\\boards\\boards.c 0x00000000   Number         0  boards.o ABSOLUTE
    ..\\..\\..\\..\\..\\..\\components\\libraries\\fifo\\app_fifo.c 0x00000000   Number         0  app_fifo.o ABSOLUTE
    ..\\..\\..\\..\\..\\..\\components\\libraries\\strerror\\nrf_strerror.c 0x00000000   Number         0  nrf_strerror.o ABSOLUTE
    ..\\..\\..\\..\\..\\..\\components\\libraries\\uart\\app_uart_fifo.c 0x00000000   Number         0  app_uart_fifo.o ABSOLUTE
    ..\\..\\..\\..\\..\\..\\components\\libraries\\uart\\retarget.c 0x00000000   Number         0  retarget.o ABSOLUTE
    ..\\..\\..\\..\\..\\..\\components\\libraries\\util\\app_error.c 0x00000000   Number         0  app_error.o ABSOLUTE
    ..\\..\\..\\..\\..\\..\\components\\libraries\\util\\app_error_handler_keil.c 0x00000000   Number         0  app_error_handler_keil.o ABSOLUTE
    ..\\..\\..\\..\\..\\..\\components\\libraries\\util\\app_error_weak.c 0x00000000   Number         0  app_error_weak.o ABSOLUTE
    ..\\..\\..\\..\\..\\..\\components\\libraries\\util\\app_util_platform.c 0x00000000   Number         0  app_util_platform.o ABSOLUTE
    ..\\..\\..\\..\\..\\..\\components\\libraries\\util\\nrf_assert.c 0x00000000   Number         0  nrf_assert.o ABSOLUTE
    ..\\..\\..\\..\\..\\..\\integration\\nrfx\\legacy\\nrf_drv_uart.c 0x00000000   Number         0  nrf_drv_uart.o ABSOLUTE
    ..\\..\\..\\..\\..\\..\\modules\\nrfx\\drivers\\src\\nrfx_uart.c 0x00000000   Number         0  nrfx_uart.o ABSOLUTE
    ..\\..\\..\\..\\..\\..\\modules\\nrfx\\drivers\\src\\nrfx_uarte.c 0x00000000   Number         0  nrfx_uarte.o ABSOLUTE
    ..\\..\\..\\..\\..\\..\\modules\\nrfx\\drivers\\src\\prs\\nrfx_prs.c 0x00000000   Number         0  nrfx_prs.o ABSOLUTE
    ..\\..\\..\\..\\..\\..\\modules\\nrfx\\mdk\\system_nrf52.c 0x00000000   Number         0  system_nrf52.o ABSOLUTE
    ..\\..\\..\\main.c                       0x00000000   Number         0  main.o ABSOLUTE
    cdrcmple.s                               0x00000000   Number         0  cdrcmple.o ABSOLUTE
    dc.s                                     0x00000000   Number         0  dc.o ABSOLUTE
    handlers.s                               0x00000000   Number         0  handlers.o ABSOLUTE
    init.s                                   0x00000000   Number         0  init.o ABSOLUTE
    .ARM.Collect$$$$00000000                 0x00000200   Section        0  entry.o(.ARM.Collect$$$$00000000)
    .ARM.Collect$$$$00000001                 0x00000200   Section        4  entry2.o(.ARM.Collect$$$$00000001)
    .ARM.Collect$$$$00000004                 0x00000204   Section        4  entry5.o(.ARM.Collect$$$$00000004)
    .ARM.Collect$$$$00000008                 0x00000208   Section        0  entry7b.o(.ARM.Collect$$$$00000008)
    .ARM.Collect$$$$0000000A                 0x00000208   Section        0  entry8b.o(.ARM.Collect$$$$0000000A)
    .ARM.Collect$$$$0000000B                 0x00000208   Section        8  entry9a.o(.ARM.Collect$$$$0000000B)
    .ARM.Collect$$$$0000000D                 0x00000210   Section        0  entry10a.o(.ARM.Collect$$$$0000000D)
    .ARM.Collect$$$$0000000F                 0x00000210   Section        0  entry11a.o(.ARM.Collect$$$$0000000F)
    .ARM.Collect$$$$00002712                 0x00000210   Section        4  entry2.o(.ARM.Collect$$$$00002712)
    __lit__00000000                          0x00000210   Data           4  entry2.o(.ARM.Collect$$$$00002712)
    .text                                    0x00000214   Section       36  arm_startup_nrf52.o(.text)
    $v0                                      0x00000214   Number         0  arm_startup_nrf52.o(.text)
    .text                                    0x00000238   Section        0  memcpya.o(.text)
    .text                                    0x0000025c   Section       36  init.o(.text)
    i.SystemInit                             0x00000280   Section        0  system_nrf52.o(i.SystemInit)
    i.UARTE0_UART0_IRQHandler                0x0000059c   Section        0  nrfx_prs.o(i.UARTE0_UART0_IRQHandler)
    i.__0printf$bare                         0x000005a8   Section        0  printfb.o(i.__0printf$bare)
    i.__scatterload_copy                     0x000005b8   Section       14  handlers.o(i.__scatterload_copy)
    i.__scatterload_null                     0x000005c6   Section        2  handlers.o(i.__scatterload_null)
    i.__scatterload_zeroinit                 0x000005c8   Section       14  handlers.o(i.__scatterload_zeroinit)
    i._printf_core                           0x000005d6   Section        0  printfb.o(i._printf_core)
    _printf_core                             0x000005d7   Thumb Code    34  printfb.o(i._printf_core)
    i.app_error_fault_handler                0x000005f8   Section        0  app_error_weak.o(i.app_error_fault_handler)
    i.app_error_handler_bare                 0x00000628   Section        0  app_error.o(i.app_error_handler_bare)
    i.app_fifo_get                           0x0000063e   Section        0  app_fifo.o(i.app_fifo_get)
    i.app_fifo_init                          0x00000654   Section        0  app_fifo.o(i.app_fifo_init)
    i.app_fifo_put                           0x00000674   Section        0  app_fifo.o(i.app_fifo_put)
    i.app_uart_get                           0x00000690   Section        0  app_uart_fifo.o(i.app_uart_get)
    i.app_uart_init                          0x000006c4   Section        0  app_uart_fifo.o(i.app_uart_init)
    i.app_uart_put                           0x00000768   Section        0  app_uart_fifo.o(i.app_uart_put)
    i.app_util_critical_region_enter         0x000007bc   Section        0  app_util_platform.o(i.app_util_critical_region_enter)
    i.app_util_critical_region_exit          0x000007c0   Section        0  app_util_platform.o(i.app_util_critical_region_exit)
    i.app_util_disable_irq                   0x000007c4   Section        0  app_util_platform.o(i.app_util_disable_irq)
    i.app_util_enable_irq                    0x000007d4   Section        0  app_util_platform.o(i.app_util_enable_irq)
    i.apply_config                           0x000007e8   Section        0  nrfx_uart.o(i.apply_config)
    apply_config                             0x000007e9   Thumb Code   136  nrfx_uart.o(i.apply_config)
    i.apply_config                           0x00000870   Section        0  nrfx_uarte.o(i.apply_config)
    apply_config                             0x00000871   Thumb Code   136  nrfx_uarte.o(i.apply_config)
    i.bsp_board_init                         0x000008f8   Section        0  boards.o(i.bsp_board_init)
    i.bsp_board_led_off                      0x0000094c   Section        0  boards.o(i.bsp_board_led_off)
    i.bsp_board_leds_off                     0x0000095c   Section        0  boards.o(i.bsp_board_leds_off)
    i.fifo_get                               0x0000096e   Section        0  app_fifo.o(i.fifo_get)
    fifo_get                                 0x0000096f   Thumb Code    20  app_fifo.o(i.fifo_get)
    i.fifo_put                               0x00000982   Section        0  app_fifo.o(i.fifo_put)
    fifo_put                                 0x00000983   Thumb Code    18  app_fifo.o(i.fifo_put)
    i.fputc                                  0x00000994   Section        0  retarget.o(i.fputc)
    i.interrupts_enable                      0x000009a4   Section        0  nrfx_uart.o(i.interrupts_enable)
    interrupts_enable                        0x000009a5   Thumb Code   136  nrfx_uart.o(i.interrupts_enable)
    i.interrupts_enable                      0x00000a30   Section        0  nrfx_uarte.o(i.interrupts_enable)
    interrupts_enable                        0x00000a31   Thumb Code   156  nrfx_uarte.o(i.interrupts_enable)
    i.main                                   0x00000ad0   Section        0  main.o(i.main)
    i.nrf_drv_uart_init                      0x00000b6c   Section        0  nrf_drv_uart.o(i.nrf_drv_uart_init)
    i.nrf_drv_uart_rx                        0x00000bd4   Section        0  app_uart_fifo.o(i.nrf_drv_uart_rx)
    nrf_drv_uart_rx                          0x00000bd5   Thumb Code    26  app_uart_fifo.o(i.nrf_drv_uart_rx)
    i.nrf_drv_uart_tx                        0x00000bf4   Section        0  app_uart_fifo.o(i.nrf_drv_uart_tx)
    nrf_drv_uart_tx                          0x00000bf5   Thumb Code    26  app_uart_fifo.o(i.nrf_drv_uart_tx)
    i.nrf_gpio_cfg                           0x00000c14   Section        0  boards.o(i.nrf_gpio_cfg)
    nrf_gpio_cfg                             0x00000c15   Thumb Code    36  boards.o(i.nrf_gpio_cfg)
    i.nrf_gpio_cfg                           0x00000c38   Section        0  nrfx_uart.o(i.nrf_gpio_cfg)
    nrf_gpio_cfg                             0x00000c39   Thumb Code    36  nrfx_uart.o(i.nrf_gpio_cfg)
    i.nrf_gpio_cfg                           0x00000c5c   Section        0  nrfx_uarte.o(i.nrf_gpio_cfg)
    nrf_gpio_cfg                             0x00000c5d   Thumb Code    36  nrfx_uarte.o(i.nrf_gpio_cfg)
    i.nrf_gpio_cfg_input                     0x00000c80   Section        0  nrfx_uart.o(i.nrf_gpio_cfg_input)
    nrf_gpio_cfg_input                       0x00000c81   Thumb Code    18  nrfx_uart.o(i.nrf_gpio_cfg_input)
    i.nrf_gpio_cfg_input                     0x00000c92   Section        0  nrfx_uarte.o(i.nrf_gpio_cfg_input)
    nrf_gpio_cfg_input                       0x00000c93   Thumb Code    18  nrfx_uarte.o(i.nrf_gpio_cfg_input)
    i.nrf_gpio_cfg_output                    0x00000ca4   Section        0  nrfx_uart.o(i.nrf_gpio_cfg_output)
    nrf_gpio_cfg_output                      0x00000ca5   Thumb Code    20  nrfx_uart.o(i.nrf_gpio_cfg_output)
    i.nrf_gpio_cfg_output                    0x00000cb8   Section        0  nrfx_uarte.o(i.nrf_gpio_cfg_output)
    nrf_gpio_cfg_output                      0x00000cb9   Thumb Code    20  nrfx_uarte.o(i.nrf_gpio_cfg_output)
    i.nrf_gpio_pin_write                     0x00000ccc   Section        0  boards.o(i.nrf_gpio_pin_write)
    nrf_gpio_pin_write                       0x00000ccd   Thumb Code    22  boards.o(i.nrf_gpio_pin_write)
    i.nrf_uart_event_check                   0x00000ce2   Section        0  nrfx_uart.o(i.nrf_uart_event_check)
    nrf_uart_event_check                     0x00000ce3   Thumb Code    10  nrfx_uart.o(i.nrf_uart_event_check)
    i.nrf_uart_event_clear                   0x00000cec   Section        0  nrfx_uart.o(i.nrf_uart_event_clear)
    nrf_uart_event_clear                     0x00000ced   Thumb Code    12  nrfx_uart.o(i.nrf_uart_event_clear)
    i.nrf_uart_int_enable_check              0x00000cf8   Section        0  nrfx_uart.o(i.nrf_uart_int_enable_check)
    nrf_uart_int_enable_check                0x00000cf9   Thumb Code    12  nrfx_uart.o(i.nrf_uart_int_enable_check)
    i.nrf_uarte_event_check                  0x00000d04   Section        0  nrfx_uarte.o(i.nrf_uarte_event_check)
    nrf_uarte_event_check                    0x00000d05   Thumb Code    10  nrfx_uarte.o(i.nrf_uarte_event_check)
    i.nrf_uarte_event_clear                  0x00000d0e   Section        0  nrfx_uarte.o(i.nrf_uarte_event_clear)
    nrf_uarte_event_clear                    0x00000d0f   Thumb Code    12  nrfx_uarte.o(i.nrf_uarte_event_clear)
    i.nrfx_is_in_ram                         0x00000d1a   Section        0  nrfx_uarte.o(i.nrfx_is_in_ram)
    nrfx_is_in_ram                           0x00000d1b   Thumb Code    16  nrfx_uarte.o(i.nrfx_is_in_ram)
    i.nrfx_prs_acquire                       0x00000d2a   Section        0  nrfx_prs.o(i.nrfx_prs_acquire)
    i.nrfx_uart_0_irq_handler                0x00000d5c   Section        0  nrfx_uart.o(i.nrfx_uart_0_irq_handler)
    i.nrfx_uart_init                         0x00000d6c   Section        0  nrfx_uart.o(i.nrfx_uart_init)
    i.nrfx_uart_rx                           0x00000de0   Section        0  nrfx_uart.o(i.nrfx_uart_rx)
    i.nrfx_uart_tx                           0x00000ecc   Section        0  nrfx_uart.o(i.nrfx_uart_tx)
    i.nrfx_uart_tx_in_progress               0x00000f70   Section        0  nrfx_uart.o(i.nrfx_uart_tx_in_progress)
    i.nrfx_uarte_0_irq_handler               0x00000f90   Section        0  nrfx_uarte.o(i.nrfx_uarte_0_irq_handler)
    i.nrfx_uarte_init                        0x00000fa0   Section        0  nrfx_uarte.o(i.nrfx_uarte_init)
    i.nrfx_uarte_rx                          0x0000100c   Section        0  nrfx_uarte.o(i.nrfx_uarte_rx)
    i.nrfx_uarte_tx                          0x00001110   Section        0  nrfx_uarte.o(i.nrfx_uarte_tx)
    i.nrfx_uarte_tx_in_progress              0x000011a0   Section        0  nrfx_uarte.o(i.nrfx_uarte_tx_in_progress)
    i.prs_box_get                            0x000011bc   Section        0  nrfx_prs.o(i.prs_box_get)
    prs_box_get                              0x000011bd   Thumb Code    14  nrfx_prs.o(i.prs_box_get)
    i.rx_byte                                0x000011d4   Section        0  nrfx_uart.o(i.rx_byte)
    rx_byte                                  0x000011d5   Thumb Code    50  nrfx_uart.o(i.rx_byte)
    i.rx_done_event                          0x00001206   Section        0  nrfx_uart.o(i.rx_done_event)
    rx_done_event                            0x00001207   Thumb Code    22  nrfx_uart.o(i.rx_done_event)
    i.rx_done_event                          0x0000121c   Section        0  nrfx_uarte.o(i.rx_done_event)
    rx_done_event                            0x0000121d   Thumb Code    24  nrfx_uarte.o(i.rx_done_event)
    i.rx_enable                              0x00001234   Section        0  nrfx_uart.o(i.rx_enable)
    rx_enable                                0x00001235   Thumb Code    32  nrfx_uart.o(i.rx_enable)
    i.tx_byte                                0x00001254   Section        0  nrfx_uart.o(i.tx_byte)
    tx_byte                                  0x00001255   Thumb Code    32  nrfx_uart.o(i.tx_byte)
    i.tx_done_event                          0x00001274   Section        0  nrfx_uart.o(i.tx_done_event)
    tx_done_event                            0x00001275   Thumb Code    26  nrfx_uart.o(i.tx_done_event)
    i.uart_error_handle                      0x0000128e   Section        0  main.o(i.uart_error_handle)
    i.uart_event_handler                     0x000012a0   Section        0  app_uart_fifo.o(i.uart_event_handler)
    uart_event_handler                       0x000012a1   Thumb Code   152  app_uart_fifo.o(i.uart_event_handler)
    i.uart_evt_handler                       0x00001340   Section        0  nrf_drv_uart.o(i.uart_evt_handler)
    uart_evt_handler                         0x00001341   Thumb Code    42  nrf_drv_uart.o(i.uart_evt_handler)
    i.uart_irq_handler                       0x00001370   Section        0  nrfx_uart.o(i.uart_irq_handler)
    uart_irq_handler                         0x00001371   Thumb Code   296  nrfx_uart.o(i.uart_irq_handler)
    i.uarte_evt_handler                      0x00001498   Section        0  nrf_drv_uart.o(i.uarte_evt_handler)
    uarte_evt_handler                        0x00001499   Thumb Code    42  nrf_drv_uart.o(i.uarte_evt_handler)
    i.uarte_irq_handler                      0x000014c8   Section        0  nrfx_uarte.o(i.uarte_irq_handler)
    uarte_irq_handler                        0x000014c9   Thumb Code   244  nrfx_uarte.o(i.uarte_irq_handler)
    .constdata                               0x000015bc   Section       24  main.o(.constdata)
    .constdata                               0x000015d4   Section        8  boards.o(.constdata)
    m_board_led_list                         0x000015d4   Data           4  boards.o(.constdata)
    m_board_btn_list                         0x000015d8   Data           4  boards.o(.constdata)
    .constdata                               0x000015dc   Section        4  nrfx_uart.o(.constdata)
    irq_handlers                             0x000015dc   Data           4  nrfx_uart.o(.constdata)
    .constdata                               0x000015e0   Section        4  nrfx_uarte.o(.constdata)
    irq_handlers                             0x000015e0   Data           4  nrfx_uarte.o(.constdata)
    .constdata                               0x000015e4   Section       32  app_uart_fifo.o(.constdata)
    .data                                    0x20000000   Section        4  system_nrf52.o(.data)
    __tagsym$$used                           0x20000000   Number         0  system_nrf52.o(.data)
    .data                                    0x20000004   Section       12  nrf_drv_uart.o(.data)
    m_handlers                               0x20000008   Data           4  nrf_drv_uart.o(.data)
    m_contexts                               0x2000000c   Data           4  nrf_drv_uart.o(.data)
    .data                                    0x20000010   Section        8  nrfx_prs.o(.data)
    m_prs_box_4                              0x20000010   Data           8  nrfx_prs.o(.data)
    .data                                    0x20000018   Section       28  app_uart_fifo.o(.data)
    tx_buffer                                0x20000018   Data           1  app_uart_fifo.o(.data)
    rx_buffer                                0x20000019   Data           1  app_uart_fifo.o(.data)
    m_rx_ovf                                 0x2000001a   Data           1  app_uart_fifo.o(.data)
    m_event_handler                          0x2000001c   Data           4  app_uart_fifo.o(.data)
    app_uart_inst                            0x20000020   Data          20  app_uart_fifo.o(.data)
    .data                                    0x20000034   Section        4  app_util_platform.o(.data)
    m_in_critical_region                     0x20000034   Data           4  app_util_platform.o(.data)
    .data                                    0x20000038   Section        4  retarget.o(.data)
    .bss                                     0x2000003c   Section      512  main.o(.bss)
    rx_buf                                   0x2000003c   Data         256  main.o(.bss)
    tx_buf                                   0x2000013c   Data         256  main.o(.bss)
    .bss                                     0x2000023c   Section       44  nrfx_uart.o(.bss)
    m_cb                                     0x2000023c   Data          44  nrfx_uart.o(.bss)
    .bss                                     0x20000268   Section       36  nrfx_uarte.o(.bss)
    m_cb                                     0x20000268   Data          36  nrfx_uarte.o(.bss)
    .bss                                     0x2000028c   Section       32  app_uart_fifo.o(.bss)
    m_rx_fifo                                0x2000028c   Data          16  app_uart_fifo.o(.bss)
    m_tx_fifo                                0x2000029c   Data          16  app_uart_fifo.o(.bss)
    STACK                                    0x200002b0   Section     8192  arm_startup_nrf52.o(STACK)

    Global Symbols

    Symbol Name                              Value     Ov Type        Size  Object(Section)

    BuildAttributes$$THM_ISAv4$E$P$D$K$B$S$7EM$VFPi3$EXTD16$VFPS$VFMA$PE$A:L22UL41UL21$X:L11$S22US41US21$IEEE1$IW$USESV6$~STKCKD$USESV7$~SHL$OSPACE$ROPI$EBA8$MICROLIB$REQ8$PRES8$EABIv2 0x00000000   Number         0  anon$$obj.o ABSOLUTE
    __ARM_use_no_argv                        0x00000000   Number         0  main.o ABSOLUTE
    __Vectors                                0x00000000   Data           4  arm_startup_nrf52.o(RESET)
    __cpp_initialize__aeabi_                  - Undefined Weak Reference
    __cxa_finalize                            - Undefined Weak Reference
    __decompress                              - Undefined Weak Reference
    _clock_init                               - Undefined Weak Reference
    _microlib_exit                            - Undefined Weak Reference
    __Vectors_End                            0x00000200   Data           0  arm_startup_nrf52.o(RESET)
    __Vectors_Size                           0x00000200   Number         0  arm_startup_nrf52.o ABSOLUTE
    __main                                   0x00000201   Thumb Code     0  entry.o(.ARM.Collect$$$$00000000)
    _main_stk                                0x00000201   Thumb Code     0  entry2.o(.ARM.Collect$$$$00000001)
    _main_scatterload                        0x00000205   Thumb Code     0  entry5.o(.ARM.Collect$$$$00000004)
    __main_after_scatterload                 0x00000209   Thumb Code     0  entry5.o(.ARM.Collect$$$$00000004)
    _main_clock                              0x00000209   Thumb Code     0  entry7b.o(.ARM.Collect$$$$00000008)
    _main_cpp_init                           0x00000209   Thumb Code     0  entry8b.o(.ARM.Collect$$$$0000000A)
    _main_init                               0x00000209   Thumb Code     0  entry9a.o(.ARM.Collect$$$$0000000B)
    __rt_final_cpp                           0x00000211   Thumb Code     0  entry10a.o(.ARM.Collect$$$$0000000D)
    __rt_final_exit                          0x00000211   Thumb Code     0  entry11a.o(.ARM.Collect$$$$0000000F)
    Reset_Handler                            0x00000215   Thumb Code     8  arm_startup_nrf52.o(.text)
    NMI_Handler                              0x0000021d   Thumb Code     2  arm_startup_nrf52.o(.text)
    HardFault_Handler                        0x0000021f   Thumb Code     2  arm_startup_nrf52.o(.text)
    MemoryManagement_Handler                 0x00000221   Thumb Code     2  arm_startup_nrf52.o(.text)
    BusFault_Handler                         0x00000223   Thumb Code     2  arm_startup_nrf52.o(.text)
    UsageFault_Handler                       0x00000225   Thumb Code     2  arm_startup_nrf52.o(.text)
    SVC_Handler                              0x00000227   Thumb Code     2  arm_startup_nrf52.o(.text)
    DebugMon_Handler                         0x00000229   Thumb Code     2  arm_startup_nrf52.o(.text)
    PendSV_Handler                           0x0000022b   Thumb Code     2  arm_startup_nrf52.o(.text)
    SysTick_Handler                          0x0000022d   Thumb Code     2  arm_startup_nrf52.o(.text)
    CCM_AAR_IRQHandler                       0x0000022f   Thumb Code     0  arm_startup_nrf52.o(.text)
    COMP_LPCOMP_IRQHandler                   0x0000022f   Thumb Code     0  arm_startup_nrf52.o(.text)
    ECB_IRQHandler                           0x0000022f   Thumb Code     0  arm_startup_nrf52.o(.text)
    FPU_IRQHandler                           0x0000022f   Thumb Code     0  arm_startup_nrf52.o(.text)
    GPIOTE_IRQHandler                        0x0000022f   Thumb Code     0  arm_startup_nrf52.o(.text)
    I2S_IRQHandler                           0x0000022f   Thumb Code     0  arm_startup_nrf52.o(.text)
    MWU_IRQHandler                           0x0000022f   Thumb Code     0  arm_startup_nrf52.o(.text)
    NFCT_IRQHandler                          0x0000022f   Thumb Code     0  arm_startup_nrf52.o(.text)
    PDM_IRQHandler                           0x0000022f   Thumb Code     0  arm_startup_nrf52.o(.text)
    POWER_CLOCK_IRQHandler                   0x0000022f   Thumb Code     0  arm_startup_nrf52.o(.text)
    PWM0_IRQHandler                          0x0000022f   Thumb Code     0  arm_startup_nrf52.o(.text)
    PWM1_IRQHandler                          0x0000022f   Thumb Code     0  arm_startup_nrf52.o(.text)
    PWM2_IRQHandler                          0x0000022f   Thumb Code     0  arm_startup_nrf52.o(.text)
    QDEC_IRQHandler                          0x0000022f   Thumb Code     0  arm_startup_nrf52.o(.text)
    RADIO_IRQHandler                         0x0000022f   Thumb Code     0  arm_startup_nrf52.o(.text)
    RNG_IRQHandler                           0x0000022f   Thumb Code     0  arm_startup_nrf52.o(.text)
    RTC0_IRQHandler                          0x0000022f   Thumb Code     0  arm_startup_nrf52.o(.text)
    RTC1_IRQHandler                          0x0000022f   Thumb Code     0  arm_startup_nrf52.o(.text)
    RTC2_IRQHandler                          0x0000022f   Thumb Code     0  arm_startup_nrf52.o(.text)
    SAADC_IRQHandler                         0x0000022f   Thumb Code     0  arm_startup_nrf52.o(.text)
    SPIM0_SPIS0_TWIM0_TWIS0_SPI0_TWI0_IRQHandler 0x0000022f   Thumb Code     0  arm_startup_nrf52.o(.text)
    SPIM1_SPIS1_TWIM1_TWIS1_SPI1_TWI1_IRQHandler 0x0000022f   Thumb Code     0  arm_startup_nrf52.o(.text)
    SPIM2_SPIS2_SPI2_IRQHandler              0x0000022f   Thumb Code     0  arm_startup_nrf52.o(.text)
    SWI0_EGU0_IRQHandler                     0x0000022f   Thumb Code     0  arm_startup_nrf52.o(.text)
    SWI1_EGU1_IRQHandler                     0x0000022f   Thumb Code     0  arm_startup_nrf52.o(.text)
    SWI2_EGU2_IRQHandler                     0x0000022f   Thumb Code     0  arm_startup_nrf52.o(.text)
    SWI3_EGU3_IRQHandler                     0x0000022f   Thumb Code     0  arm_startup_nrf52.o(.text)
    SWI4_EGU4_IRQHandler                     0x0000022f   Thumb Code     0  arm_startup_nrf52.o(.text)
    SWI5_EGU5_IRQHandler                     0x0000022f   Thumb Code     0  arm_startup_nrf52.o(.text)
    TEMP_IRQHandler                          0x0000022f   Thumb Code     0  arm_startup_nrf52.o(.text)
    TIMER0_IRQHandler                        0x0000022f   Thumb Code     0  arm_startup_nrf52.o(.text)
    TIMER1_IRQHandler                        0x0000022f   Thumb Code     0  arm_startup_nrf52.o(.text)
    TIMER2_IRQHandler                        0x0000022f   Thumb Code     0  arm_startup_nrf52.o(.text)
    TIMER3_IRQHandler                        0x0000022f   Thumb Code     0  arm_startup_nrf52.o(.text)
    TIMER4_IRQHandler                        0x0000022f   Thumb Code     0  arm_startup_nrf52.o(.text)
    WDT_IRQHandler                           0x0000022f   Thumb Code     0  arm_startup_nrf52.o(.text)
    __aeabi_memcpy                           0x00000239   Thumb Code    36  memcpya.o(.text)
    __aeabi_memcpy4                          0x00000239   Thumb Code     0  memcpya.o(.text)
    __aeabi_memcpy8                          0x00000239   Thumb Code     0  memcpya.o(.text)
    __scatterload                            0x0000025d   Thumb Code    28  init.o(.text)
    __scatterload_rt2                        0x0000025d   Thumb Code     0  init.o(.text)
    SystemInit                               0x00000281   Thumb Code   726  system_nrf52.o(i.SystemInit)
    UARTE0_UART0_IRQHandler                  0x0000059d   Thumb Code     6  nrfx_prs.o(i.UARTE0_UART0_IRQHandler)
    __0printf$bare                           0x000005a9   Thumb Code     8  printfb.o(i.__0printf$bare)
    __1printf$bare                           0x000005a9   Thumb Code     0  printfb.o(i.__0printf$bare)
    __2printf                                0x000005a9   Thumb Code     0  printfb.o(i.__0printf$bare)
    __scatterload_copy                       0x000005b9   Thumb Code    14  handlers.o(i.__scatterload_copy)
    __scatterload_null                       0x000005c7   Thumb Code     2  handlers.o(i.__scatterload_null)
    __scatterload_zeroinit                   0x000005c9   Thumb Code    14  handlers.o(i.__scatterload_zeroinit)
    app_error_fault_handler                  0x000005f9   Thumb Code    40  app_error_weak.o(i.app_error_fault_handler)
    app_error_handler_bare                   0x00000629   Thumb Code    22  app_error.o(i.app_error_handler_bare)
    app_fifo_get                             0x0000063f   Thumb Code    22  app_fifo.o(i.app_fifo_get)
    app_fifo_init                            0x00000655   Thumb Code    32  app_fifo.o(i.app_fifo_init)
    app_fifo_put                             0x00000675   Thumb Code    26  app_fifo.o(i.app_fifo_put)
    app_uart_get                             0x00000691   Thumb Code    42  app_uart_fifo.o(i.app_uart_get)
    app_uart_init                            0x000006c5   Thumb Code   148  app_uart_fifo.o(i.app_uart_init)
    app_uart_put                             0x00000769   Thumb Code    70  app_uart_fifo.o(i.app_uart_put)
    app_util_critical_region_enter           0x000007bd   Thumb Code     4  app_util_platform.o(i.app_util_critical_region_enter)
    app_util_critical_region_exit            0x000007c1   Thumb Code     4  app_util_platform.o(i.app_util_critical_region_exit)
    app_util_disable_irq                     0x000007c5   Thumb Code    12  app_util_platform.o(i.app_util_disable_irq)
    app_util_enable_irq                      0x000007d5   Thumb Code    14  app_util_platform.o(i.app_util_enable_irq)
    bsp_board_init                           0x000008f9   Thumb Code    80  boards.o(i.bsp_board_init)
    bsp_board_led_off                        0x0000094d   Thumb Code    10  boards.o(i.bsp_board_led_off)
    bsp_board_leds_off                       0x0000095d   Thumb Code    18  boards.o(i.bsp_board_leds_off)
    fputc                                    0x00000995   Thumb Code    14  retarget.o(i.fputc)
    main                                     0x00000ad1   Thumb Code   100  main.o(i.main)
    nrf_drv_uart_init                        0x00000b6d   Thumb Code    90  nrf_drv_uart.o(i.nrf_drv_uart_init)
    nrfx_prs_acquire                         0x00000d2b   Thumb Code    48  nrfx_prs.o(i.nrfx_prs_acquire)
    nrfx_uart_0_irq_handler                  0x00000d5d   Thumb Code     8  nrfx_uart.o(i.nrfx_uart_0_irq_handler)
    nrfx_uart_init                           0x00000d6d   Thumb Code   108  nrfx_uart.o(i.nrfx_uart_init)
    nrfx_uart_rx                             0x00000de1   Thumb Code   230  nrfx_uart.o(i.nrfx_uart_rx)
    nrfx_uart_tx                             0x00000ecd   Thumb Code   160  nrfx_uart.o(i.nrfx_uart_tx)
    nrfx_uart_tx_in_progress                 0x00000f71   Thumb Code    26  nrfx_uart.o(i.nrfx_uart_tx_in_progress)
    nrfx_uarte_0_irq_handler                 0x00000f91   Thumb Code     8  nrfx_uarte.o(i.nrfx_uarte_0_irq_handler)
    nrfx_uarte_init                          0x00000fa1   Thumb Code   100  nrfx_uarte.o(i.nrfx_uarte_init)
    nrfx_uarte_rx                            0x0000100d   Thumb Code   256  nrfx_uarte.o(i.nrfx_uarte_rx)
    nrfx_uarte_tx                            0x00001111   Thumb Code   138  nrfx_uarte.o(i.nrfx_uarte_tx)
    nrfx_uarte_tx_in_progress                0x000011a1   Thumb Code    22  nrfx_uarte.o(i.nrfx_uarte_tx_in_progress)
    uart_error_handle                        0x0000128f   Thumb Code    18  main.o(i.uart_error_handle)
    Region$$Table$$Base                      0x00001604   Number         0  anon$$obj.o(Region$$Table)
    Region$$Table$$Limit                     0x00001624   Number         0  anon$$obj.o(Region$$Table)
    SystemCoreClock                          0x20000000   Data           4  system_nrf52.o(.data)
    nrf_drv_uart_use_easy_dma                0x20000004   Data           1  nrf_drv_uart.o(.data)
    __stdout                                 0x20000038   Data           4  retarget.o(.data)
    __initial_sp                             0x200022b0   Data           0  arm_startup_nrf52.o(STACK)



==============================================================================

Memory Map of the image

  Image Entry point : 0x00000201

  Load Region LR_IROM1 (Base: 0x00000000, Size: 0x00001660, Max: 0x00080000, ABSOLUTE)

    Execution Region ER_IROM1 (Base: 0x00000000, Size: 0x00001624, Max: 0x00080000, ABSOLUTE)

    Base Addr    Size         Type   Attr      Idx    E Section Name        Object

    0x00000000   0x00000200   Data   RO            3    RESET               arm_startup_nrf52.o
    0x00000200   0x00000000   Code   RO         1270  * .ARM.Collect$$$$00000000  mc_w.l(entry.o)
    0x00000200   0x00000004   Code   RO         1537    .ARM.Collect$$$$00000001  mc_w.l(entry2.o)
    0x00000204   0x00000004   Code   RO         1540    .ARM.Collect$$$$00000004  mc_w.l(entry5.o)
    0x00000208   0x00000000   Code   RO         1542    .ARM.Collect$$$$00000008  mc_w.l(entry7b.o)
    0x00000208   0x00000000   Code   RO         1544    .ARM.Collect$$$$0000000A  mc_w.l(entry8b.o)
    0x00000208   0x00000008   Code   RO         1545    .ARM.Collect$$$$0000000B  mc_w.l(entry9a.o)
    0x00000210   0x00000000   Code   RO         1547    .ARM.Collect$$$$0000000D  mc_w.l(entry10a.o)
    0x00000210   0x00000000   Code   RO         1549    .ARM.Collect$$$$0000000F  mc_w.l(entry11a.o)
    0x00000210   0x00000004   Code   RO         1538    .ARM.Collect$$$$00002712  mc_w.l(entry2.o)
    0x00000214   0x00000024   Code   RO            4    .text               arm_startup_nrf52.o
    0x00000238   0x00000024   Code   RO         1273    .text               mc_w.l(memcpya.o)
    0x0000025c   0x00000024   Code   RO         1566    .text               mc_w.l(init.o)
    0x00000280   0x0000031c   Code   RO           14    i.SystemInit        system_nrf52.o
    0x0000059c   0x0000000c   Code   RO          406    i.UARTE0_UART0_IRQHandler  nrfx_prs.o
    0x000005a8   0x00000010   Code   RO         1278    i.__0printf$bare    mc_w.l(printfb.o)
    0x000005b8   0x0000000e   Code   RO         1578    i.__scatterload_copy  mc_w.l(handlers.o)
    0x000005c6   0x00000002   Code   RO         1579    i.__scatterload_null  mc_w.l(handlers.o)
    0x000005c8   0x0000000e   Code   RO         1580    i.__scatterload_zeroinit  mc_w.l(handlers.o)
    0x000005d6   0x00000022   Code   RO         1285    i._printf_core      mc_w.l(printfb.o)
    0x000005f8   0x00000030   Code   RO          899    i.app_error_fault_handler  app_error_weak.o
    0x00000628   0x00000016   Code   RO          833    i.app_error_handler_bare  app_error.o
    0x0000063e   0x00000016   Code   RO          955    i.app_fifo_get      app_fifo.o
    0x00000654   0x00000020   Code   RO          956    i.app_fifo_init     app_fifo.o
    0x00000674   0x0000001a   Code   RO          958    i.app_fifo_put      app_fifo.o
    0x0000068e   0x00000002   PAD
    0x00000690   0x00000034   Code   RO         1032    i.app_uart_get      app_uart_fifo.o
    0x000006c4   0x000000a4   Code   RO         1033    i.app_uart_init     app_uart_fifo.o
    0x00000768   0x00000054   Code   RO         1034    i.app_uart_put      app_uart_fifo.o
    0x000007bc   0x00000004   Code   RO         1113    i.app_util_critical_region_enter  app_util_platform.o
    0x000007c0   0x00000004   Code   RO         1114    i.app_util_critical_region_exit  app_util_platform.o
    0x000007c4   0x00000010   Code   RO         1115    i.app_util_disable_irq  app_util_platform.o
    0x000007d4   0x00000014   Code   RO         1116    i.app_util_enable_irq  app_util_platform.o
    0x000007e8   0x00000088   Code   RO          484    i.apply_config      nrfx_uart.o
    0x00000870   0x00000088   Code   RO          681    i.apply_config      nrfx_uarte.o
    0x000008f8   0x00000054   Code   RO          230    i.bsp_board_init    boards.o
    0x0000094c   0x00000010   Code   RO          233    i.bsp_board_led_off  boards.o
    0x0000095c   0x00000012   Code   RO          236    i.bsp_board_leds_off  boards.o
    0x0000096e   0x00000014   Code   RO          961    i.fifo_get          app_fifo.o
    0x00000982   0x00000012   Code   RO          962    i.fifo_put          app_fifo.o
    0x00000994   0x0000000e   Code   RO         1236    i.fputc             retarget.o
    0x000009a2   0x00000002   PAD
    0x000009a4   0x0000008c   Code   RO          485    i.interrupts_enable  nrfx_uart.o
    0x00000a30   0x000000a0   Code   RO          682    i.interrupts_enable  nrfx_uarte.o
    0x00000ad0   0x0000009c   Code   RO           84    i.main              main.o
    0x00000b6c   0x00000068   Code   RO          354    i.nrf_drv_uart_init  nrf_drv_uart.o
    0x00000bd4   0x00000020   Code   RO         1035    i.nrf_drv_uart_rx   app_uart_fifo.o
    0x00000bf4   0x00000020   Code   RO         1036    i.nrf_drv_uart_tx   app_uart_fifo.o
    0x00000c14   0x00000024   Code   RO          240    i.nrf_gpio_cfg      boards.o
    0x00000c38   0x00000024   Code   RO          486    i.nrf_gpio_cfg      nrfx_uart.o
    0x00000c5c   0x00000024   Code   RO          683    i.nrf_gpio_cfg      nrfx_uarte.o
    0x00000c80   0x00000012   Code   RO          488    i.nrf_gpio_cfg_input  nrfx_uart.o
    0x00000c92   0x00000012   Code   RO          685    i.nrf_gpio_cfg_input  nrfx_uarte.o
    0x00000ca4   0x00000014   Code   RO          489    i.nrf_gpio_cfg_output  nrfx_uart.o
    0x00000cb8   0x00000014   Code   RO          686    i.nrf_gpio_cfg_output  nrfx_uarte.o
    0x00000ccc   0x00000016   Code   RO          241    i.nrf_gpio_pin_write  boards.o
    0x00000ce2   0x0000000a   Code   RO          490    i.nrf_uart_event_check  nrfx_uart.o
    0x00000cec   0x0000000c   Code   RO          491    i.nrf_uart_event_clear  nrfx_uart.o
    0x00000cf8   0x0000000c   Code   RO          492    i.nrf_uart_int_enable_check  nrfx_uart.o
    0x00000d04   0x0000000a   Code   RO          687    i.nrf_uarte_event_check  nrfx_uarte.o
    0x00000d0e   0x0000000c   Code   RO          688    i.nrf_uarte_event_clear  nrfx_uarte.o
    0x00000d1a   0x00000010   Code   RO          689    i.nrfx_is_in_ram    nrfx_uarte.o
    0x00000d2a   0x00000030   Code   RO          407    i.nrfx_prs_acquire  nrfx_prs.o
    0x00000d5a   0x00000002   PAD
    0x00000d5c   0x00000010   Code   RO          493    i.nrfx_uart_0_irq_handler  nrfx_uart.o
    0x00000d6c   0x00000074   Code   RO          495    i.nrfx_uart_init    nrfx_uart.o
    0x00000de0   0x000000ec   Code   RO          496    i.nrfx_uart_rx      nrfx_uart.o
    0x00000ecc   0x000000a4   Code   RO          501    i.nrfx_uart_tx      nrfx_uart.o
    0x00000f70   0x00000020   Code   RO          503    i.nrfx_uart_tx_in_progress  nrfx_uart.o
    0x00000f90   0x00000010   Code   RO          690    i.nrfx_uarte_0_irq_handler  nrfx_uarte.o
    0x00000fa0   0x0000006c   Code   RO          692    i.nrfx_uarte_init   nrfx_uarte.o
    0x0000100c   0x00000104   Code   RO          693    i.nrfx_uarte_rx     nrfx_uarte.o
    0x00001110   0x00000090   Code   RO          696    i.nrfx_uarte_tx     nrfx_uarte.o
    0x000011a0   0x0000001c   Code   RO          698    i.nrfx_uarte_tx_in_progress  nrfx_uarte.o
    0x000011bc   0x00000018   Code   RO          409    i.prs_box_get       nrfx_prs.o
    0x000011d4   0x00000032   Code   RO          505    i.rx_byte           nrfx_uart.o
    0x00001206   0x00000016   Code   RO          506    i.rx_done_event     nrfx_uart.o
    0x0000121c   0x00000018   Code   RO          700    i.rx_done_event     nrfx_uarte.o
    0x00001234   0x00000020   Code   RO          507    i.rx_enable         nrfx_uart.o
    0x00001254   0x00000020   Code   RO          508    i.tx_byte           nrfx_uart.o
    0x00001274   0x0000001a   Code   RO          509    i.tx_done_event     nrfx_uart.o
    0x0000128e   0x00000012   Code   RO           85    i.uart_error_handle  main.o
    0x000012a0   0x000000a0   Code   RO         1037    i.uart_event_handler  app_uart_fifo.o
    0x00001340   0x00000030   Code   RO          355    i.uart_evt_handler  nrf_drv_uart.o
    0x00001370   0x00000128   Code   RO          510    i.uart_irq_handler  nrfx_uart.o
    0x00001498   0x00000030   Code   RO          356    i.uarte_evt_handler  nrf_drv_uart.o
    0x000014c8   0x000000f4   Code   RO          701    i.uarte_irq_handler  nrfx_uarte.o
    0x000015bc   0x00000018   Data   RO           87    .constdata          main.o
    0x000015d4   0x00000008   Data   RO          242    .constdata          boards.o
    0x000015dc   0x00000004   Data   RO          513    .constdata          nrfx_uart.o
    0x000015e0   0x00000004   Data   RO          704    .constdata          nrfx_uarte.o
    0x000015e4   0x00000020   Data   RO         1039    .constdata          app_uart_fifo.o
    0x00001604   0x00000020   Data   RO         1576    Region$$Table       anon$$obj.o


    Execution Region RW_IRAM1 (Base: 0x20000000, Size: 0x000022b0, Max: 0x00010000, ABSOLUTE)

    Base Addr    Size         Type   Attr      Idx    E Section Name        Object

    0x20000000   0x00000004   Data   RW           15    .data               system_nrf52.o
    0x20000004   0x0000000c   Data   RW          357    .data               nrf_drv_uart.o
    0x20000010   0x00000008   Data   RW          411    .data               nrfx_prs.o
    0x20000018   0x0000001c   Data   RW         1040    .data               app_uart_fifo.o
    0x20000034   0x00000004   Data   RW         1119    .data               app_util_platform.o
    0x20000038   0x00000004   Data   RW         1237    .data               retarget.o
    0x2000003c   0x00000200   Zero   RW           86    .bss                main.o
    0x2000023c   0x0000002c   Zero   RW          511    .bss                nrfx_uart.o
    0x20000268   0x00000024   Zero   RW          702    .bss                nrfx_uarte.o
    0x2000028c   0x00000020   Zero   RW         1038    .bss                app_uart_fifo.o
    0x200002ac   0x00000004   PAD
    0x200002b0   0x00002000   Zero   RW            1    STACK               arm_startup_nrf52.o


==============================================================================

Image component sizes


      Code (inc. data)   RO Data    RW Data    ZI Data      Debug   Object Name

        22          0          0          0          0       2537   app_error.o
         0          0          0          0          0        392   app_error_handler_keil.o
        48          8          0          0          0        818   app_error_weak.o
       118          0          0          0          0       5306   app_fifo.o
       524         60         32         28         32      21610   app_uart_fifo.o
        44         10          0          4          0       3596   app_util_platform.o
        36          8        512          0       8192       1012   arm_startup_nrf52.o
       176         10          8          0          0      13689   boards.o
       174         56         24          0        512      37415   main.o
       200         26          0         12          0      18104   nrf_drv_uart.o
        84         16          0          8          0       3845   nrfx_prs.o
      1406         36          4          0         44      62487   nrfx_uart.o
      1232         36          4          0         36      24597   nrfx_uarte.o
        14          0          0          4          0       2998   retarget.o
       796         70          0          4          0      66462   system_nrf52.o

    ----------------------------------------------------------------------
      4880        336        616         60       8820     264868   Object Totals
         0          0         32          0          0          0   (incl. Generated)
         6          0          0          0          4          0   (incl. Padding)

    ----------------------------------------------------------------------

      Code (inc. data)   RO Data    RW Data    ZI Data      Debug   Library Member Name

         0          0          0          0          0          0   entry.o
         0          0          0          0          0          0   entry10a.o
         0          0          0          0          0          0   entry11a.o
         8          4          0          0          0          0   entry2.o
         4          0          0          0          0          0   entry5.o
         0          0          0          0          0          0   entry7b.o
         0          0          0          0          0          0   entry8b.o
         8          4          0          0          0          0   entry9a.o
        30          0          0          0          0          0   handlers.o
        36          8          0          0          0         68   init.o
        36          0          0          0          0         68   memcpya.o
        50          8          0          0          0        152   printfb.o

    ----------------------------------------------------------------------
       172         24          0          0          0        288   Library Totals
         0          0          0          0          0          0   (incl. Padding)

    ----------------------------------------------------------------------

      Code (inc. data)   RO Data    RW Data    ZI Data      Debug   Library Name

       172         24          0          0          0        288   mc_w.l

    ----------------------------------------------------------------------
       172         24          0          0          0        288   Library Totals

    ----------------------------------------------------------------------

==============================================================================


      Code (inc. data)   RO Data    RW Data    ZI Data      Debug   

      5052        360        616         60       8820     259108   Grand Totals
      5052        360        616         60       8820     259108   ELF Image Totals
      5052        360        616         60          0          0   ROM Totals

==============================================================================

    Total RO  Size (Code + RO Data)                 5668 (   5.54kB)
    Total RW  Size (RW Data + ZI Data)              8880 (   8.67kB)
    Total ROM Size (Code + RO Data + RW Data)       5728 (   5.59kB)

==============================================================================

