<html>
<body>
<pre>
<h1>礦ision Build Log</h1>
<h2>Tool Versions:</h2>
IDE-Version: μVision V5.23.0.0
Copyright (C) 2017 ARM Ltd and ARM Germany GmbH. All rights reserved.
License Information: kuangtiao Microsoft, Microsoft, LIC=50DWF-6FXYT-8WQ2D-8FIHV-48UHP-NGFZL
 
Tool Versions:
Toolchain:       MDK-ARM Professional  Version: 5.23
Toolchain Path:  d:\Keil_v5\ARM\ARMCC\Bin
C Compiler:      Armcc.exe V5.06 update 4 (build 422)
Assembler:       Armasm.exe V5.06 update 4 (build 422)
Linker/Locator:  ArmLink.exe V5.06 update 4 (build 422)
Library Manager: ArmAr.exe V5.06 update 4 (build 422)
Hex Converter:   FromElf.exe V5.06 update 4 (build 422)
CPU DLL:         
Dialog DLL:      
Target DLL:      Segger\JL2CM3.dll V2.99.23.0
Dialog DLL:      TCM.DLL V1.27.0.0
 
<h2>Project:</h2>
F:\防丢器\ZX-N52S_开发板资料\6.官方SDK\6.官方SDK\SDK15.0\nRF5SDK1500a53641a\nRF5_SDK_15.0.0_a53641a\examples\ble_peripheral\ble_app_uart\pca10040\s132\arm4\ble_app_uart_pca10040_s132.uvproj
Project File Date:  03/25/2021

<h2>Output:</h2>
*** Using Compiler 'V5.06 update 4 (build 422)', folder: 'd:\Keil_v5\ARM\ARMCC\Bin'
Rebuild target 'nrf52832_xxaa'
assembling arm_startup_nrf52.s...
compiling system_nrf52.c...
compiling boards.c...
compiling main.c...
compiling bsp.c...
compiling ble_advdata.c...
compiling bsp_btn_ble.c...
compiling ble_advertising.c...
compiling ble_link_ctx_manager.c...
compiling ble_conn_state.c...
compiling ble_conn_params.c...
compiling ble_srv_common.c...
compiling nrf_ble_gatt.c...
compiling nrf_ble_qwr.c...
compiling ble_nus.c...
compiling nrf_drv_uart.c...
compiling nrf_drv_clock.c...
compiling nrfx_power_clock.c...
compiling nrfx_clock.c...
compiling nrfx_gpiote.c...
compiling nrfx_prs.c...
compiling nrfx_uarte.c...
compiling nrfx_uart.c...
compiling app_button.c...
compiling app_error.c...
compiling app_error_handler_keil.c...
compiling app_error_weak.c...
compiling app_fifo.c...
compiling app_scheduler.c...
compiling app_timer.c...
compiling app_util_platform.c...
compiling app_uart_fifo.c...
compiling nrf_assert.c...
compiling hardfault_implementation.c...
compiling nrf_atfifo.c...
compiling nrf_atflags.c...
compiling nrf_atomic.c...
compiling nrf_balloc.c...
compiling nrf_fprintf.c...
compiling nrf_fprintf_format.c...
compiling nrf_fstorage.c...
compiling nrf_memobj.c...
compiling nrf_fstorage_sd.c...
compiling nrf_pwr_mgmt.c...
compiling nrf_section_iter.c...
compiling nrf_strerror.c...
compiling retarget.c...
compiling nrf_log_backend_serial.c...
compiling nrf_log_backend_rtt.c...
compiling nrf_log_default_backends.c...
compiling nrf_log_frontend.c...
compiling nrf_log_str_formatter.c...
compiling SEGGER_RTT_Syscalls_KEIL.c...
compiling SEGGER_RTT.c...
compiling nrf_sdh.c...
compiling SEGGER_RTT_printf.c...
compiling nrf_sdh_ble.c...
compiling nrf_sdh_soc.c...
linking...
Program Size: Code=24484 RO-data=3624 RW-data=404 ZI-data=12148  
FromELF: creating hex file...
".\_build\nrf52832_xxaa.axf" - 0 Error(s), 0 Warning(s).
Build Time Elapsed:  00:00:34
</pre>
</body>
</html>
