Component: ARM Compiler 5.06 update 4 (build 422) Tool: armlink [4d35d2]

==============================================================================

Section Cross References

    main.o(i.assert_nrf_callback) refers to app_error_handler_keil.o(.emb_text) for app_error_handler
    main.o(i.ble_evt_handler) refers to nrf_log_frontend.o(i.nrf_log_frontend_std_0) for nrf_log_frontend_std_0
    main.o(i.ble_evt_handler) refers to bsp.o(i.bsp_indication_set) for bsp_indication_set
    main.o(i.ble_evt_handler) refers to app_error.o(i.app_error_handler_bare) for app_error_handler_bare
    main.o(i.ble_evt_handler) refers to nrf_ble_qwr.o(i.nrf_ble_qwr_conn_handle_assign) for nrf_ble_qwr_conn_handle_assign
    main.o(i.ble_evt_handler) refers to main.o(.data) for .data
    main.o(i.ble_evt_handler) refers to nrf_log_frontend.o(log_dynamic_data) for m_nrf_log_app_logs_data_dynamic
    main.o(i.ble_evt_handler) refers to main.o(.bss) for .bss
    main.o(i.bsp_event_handler) refers to main.o(i.sleep_mode_enter) for sleep_mode_enter
    main.o(i.bsp_event_handler) refers to app_error.o(i.app_error_handler_bare) for app_error_handler_bare
    main.o(i.bsp_event_handler) refers to ble_advertising.o(i.ble_advertising_restart_without_whitelist) for ble_advertising_restart_without_whitelist
    main.o(i.bsp_event_handler) refers to main.o(.data) for .data
    main.o(i.bsp_event_handler) refers to main.o(.bss) for .bss
    main.o(i.conn_params_error_handler) refers to app_error.o(i.app_error_handler_bare) for app_error_handler_bare
    main.o(i.gatt_evt_handler) refers to nrf_log_frontend.o(i.nrf_log_frontend_std_2) for nrf_log_frontend_std_2
    main.o(i.gatt_evt_handler) refers to main.o(.data) for .data
    main.o(i.gatt_evt_handler) refers to nrf_log_frontend.o(log_dynamic_data) for m_nrf_log_app_logs_data_dynamic
    main.o(i.gatt_init) refers to nrf_ble_gatt.o(i.nrf_ble_gatt_init) for nrf_ble_gatt_init
    main.o(i.gatt_init) refers to app_error.o(i.app_error_handler_bare) for app_error_handler_bare
    main.o(i.gatt_init) refers to nrf_ble_gatt.o(i.nrf_ble_gatt_att_mtu_periph_set) for nrf_ble_gatt_att_mtu_periph_set
    main.o(i.gatt_init) refers to main.o(i.gatt_evt_handler) for gatt_evt_handler
    main.o(i.gatt_init) refers to main.o(.bss) for .bss
    main.o(i.main) refers to memcpya.o(.text) for __aeabi_memcpy4
    main.o(i.main) refers to app_uart_fifo.o(i.app_uart_init) for app_uart_init
    main.o(i.main) refers to app_error.o(i.app_error_handler_bare) for app_error_handler_bare
    main.o(i.main) refers to nrf_log_frontend.o(i.nrf_log_init) for nrf_log_init
    main.o(i.main) refers to nrf_log_default_backends.o(i.nrf_log_default_backends_init) for nrf_log_default_backends_init
    main.o(i.main) refers to app_timer.o(i.app_timer_init) for app_timer_init
    main.o(i.main) refers to bsp.o(i.bsp_init) for bsp_init
    main.o(i.main) refers to bsp_btn_ble.o(i.bsp_btn_ble_init) for bsp_btn_ble_init
    main.o(i.main) refers to nrf_pwr_mgmt.o(i.nrf_pwr_mgmt_init) for nrf_pwr_mgmt_init
    main.o(i.main) refers to nrf_sdh.o(i.nrf_sdh_enable_request) for nrf_sdh_enable_request
    main.o(i.main) refers to nrf_sdh_ble.o(i.nrf_sdh_ble_default_cfg_set) for nrf_sdh_ble_default_cfg_set
    main.o(i.main) refers to nrf_sdh_ble.o(i.nrf_sdh_ble_enable) for nrf_sdh_ble_enable
    main.o(i.main) refers to main.o(i.gatt_init) for gatt_init
    main.o(i.main) refers to nrf_ble_qwr.o(i.nrf_ble_qwr_init) for nrf_ble_qwr_init
    main.o(i.main) refers to ble_nus.o(i.ble_nus_init) for ble_nus_init
    main.o(i.main) refers to memseta.o(.text) for __aeabi_memclr4
    main.o(i.main) refers to ble_advertising.o(i.ble_advertising_init) for ble_advertising_init
    main.o(i.main) refers to ble_advertising.o(i.ble_advertising_conn_cfg_tag_set) for ble_advertising_conn_cfg_tag_set
    main.o(i.main) refers to ble_conn_params.o(i.ble_conn_params_init) for ble_conn_params_init
    main.o(i.main) refers to printfb.o(i.__0printf$bare) for __2printf
    main.o(i.main) refers to nrf_log_frontend.o(i.nrf_log_frontend_std_0) for nrf_log_frontend_std_0
    main.o(i.main) refers to ble_advertising.o(i.ble_advertising_start) for ble_advertising_start
    main.o(i.main) refers to nrf_log_frontend.o(i.nrf_log_frontend_dequeue) for nrf_log_frontend_dequeue
    main.o(i.main) refers to nrf_pwr_mgmt.o(i.nrf_pwr_mgmt_run) for nrf_pwr_mgmt_run
    main.o(i.main) refers to main.o(.constdata) for .constdata
    main.o(i.main) refers to main.o(.bss) for .bss
    main.o(i.main) refers to main.o(i.uart_event_handle) for uart_event_handle
    main.o(i.main) refers to main.o(i.bsp_event_handler) for bsp_event_handler
    main.o(i.main) refers to main.o(i.nrf_qwr_error_handler) for nrf_qwr_error_handler
    main.o(i.main) refers to main.o(i.nus_data_handler) for nus_data_handler
    main.o(i.main) refers to main.o(.data) for .data
    main.o(i.main) refers to main.o(i.on_adv_evt) for on_adv_evt
[...]
    log_dynamic_data                         0x200023ac   Section        4  nrf_sdh_soc.o(log_dynamic_data)
    __tagsym$$used                           0x200023ac   Number         0  nrf_sdh_soc.o(log_dynamic_data)
    .bss                                     0x200023b0   Section      972  main.o(.bss)
    data_array                               0x200023b0   Data         244  main.o(.bss)
    rx_buf                                   0x200024a4   Data         256  main.o(.bss)
    tx_buf                                   0x200025a4   Data         256  main.o(.bss)
    m_gatt                                   0x200026a4   Data          20  main.o(.bss)
    m_qwr                                    0x200026b8   Data          12  main.o(.bss)
    m_advertising                            0x200026c4   Data         184  main.o(.bss)
    .bss                                     0x2000277c   Section       32  bsp.o(.bss)
    m_bsp_leds_tmr_data                      0x2000277c   Data          32  bsp.o(.bss)
    .bss                                     0x2000279c   Section       32  bsp.o(.bss)
    m_bsp_ble_led_tmr_data                   0x2000279c   Data          32  bsp.o(.bss)
    .bss                                     0x200027bc   Section       32  bsp.o(.bss)
    m_bsp_button_tmr_data                    0x200027bc   Data          32  bsp.o(.bss)
    .bss                                     0x200027dc   Section       80  ble_conn_params.o(.bss)
    m_timer_data                             0x200027dc   Data          32  ble_conn_params.o(.bss)
    m_conn_params_instances                  0x200027fc   Data          20  ble_conn_params.o(.bss)
    m_conn_params_config                     0x20002810   Data          28  ble_conn_params.o(.bss)
    .bss                                     0x2000282c   Section      120  ble_conn_state.o(.bss)
    m_bcs                                    0x2000282c   Data         120  ble_conn_state.o(.bss)
    .bss                                     0x200028a4   Section       20  nrf_drv_clock.o(.bss)
    m_clock_cb                               0x200028a4   Data          20  nrf_drv_clock.o(.bss)
    .bss                                     0x200028b8   Section       92  nrfx_gpiote.o(.bss)
    m_cb                                     0x200028b8   Data          92  nrfx_gpiote.o(.bss)
    .bss                                     0x20002914   Section       44  nrfx_uart.o(.bss)
    m_cb                                     0x20002914   Data          44  nrfx_uart.o(.bss)
    .bss                                     0x20002940   Section       36  nrfx_uarte.o(.bss)
    m_cb                                     0x20002940   Data          36  nrfx_uarte.o(.bss)
    .bss                                     0x20002964   Section       32  app_button.o(.bss)
    m_detection_delay_timer_id_data          0x20002964   Data          32  app_button.o(.bss)
    .bss                                     0x20002984   Section      268  app_timer.o(.bss)
    m_op_queue                               0x20002984   Data         268  app_timer.o(.bss)
    .bss                                     0x20002a90   Section       32  app_uart_fifo.o(.bss)
    m_rx_fifo                                0x20002a90   Data          16  app_uart_fifo.o(.bss)
    m_tx_fifo                                0x20002aa0   Data          16  app_uart_fifo.o(.bss)
    .bss                                     0x20002ab0   Section       12  app_util_platform.o(.bss)
    .bss                                     0x20002abc   Section      160  nrf_fstorage_sd.o(.bss)
    m_fifo_data                              0x20002abc   Data         140  nrf_fstorage_sd.o(.bss)
    m_flags                                  0x20002b48   Data          20  nrf_fstorage_sd.o(.bss)
    .bss                                     0x20002b5c   Section       12  nrf_pwr_mgmt.o(.bss)
    m_handlers_iter                          0x20002b5c   Data          12  nrf_pwr_mgmt.o(.bss)
    .bss                                     0x20002b68   Section       64  nrf_log_backend_rtt.o(.bss)
    m_string_buff                            0x20002b68   Data          64  nrf_log_backend_rtt.o(.bss)
    .bss                                     0x20002ba8   Section      192  nrf_log_frontend.o(.bss)
    log_mempool_nrf_balloc_pool_mem          0x20002ba8   Data         192  nrf_log_frontend.o(.bss)
    .bss                                     0x20002c68   Section     1060  nrf_log_frontend.o(.bss)
    m_log_data                               0x20002c68   Data        1060  nrf_log_frontend.o(.bss)
    .bss                                     0x2000308c   Section      648  segger_rtt.o(.bss)
    _acUpBuffer                              0x20003104   Data         512  segger_rtt.o(.bss)
    _acDownBuffer                            0x20003304   Data          16  segger_rtt.o(.bss)
    STACK                                    0x20003318   Section     8192  arm_startup_nrf52.o(STACK)

    Global Symbols

    Symbol Name                              Value     Ov Type        Size  Object(Section)

    BuildAttributes$$THM_ISAv4$E$P$D$K$B$S$7EM$VFPi3$EXTD16$VFPS$VFMA$PE$A:L22UL41UL21$X:L11$S22US41US21$IEEE1$IW$USESV6$~STKCKD$USESV7$~SHL$OSPACE$ROPI$EBA8$MICROLIB$REQ8$EABIv2 0x00000000   Number         0  anon$$obj.o ABSOLUTE
    __ARM_use_no_argv                        0x00000000   Number         0  main.o ABSOLUTE
    __cpp_initialize__aeabi_                  - Undefined Weak Reference
    __cxa_finalize                            - Undefined Weak Reference
    _clock_init                               - Undefined Weak Reference
    _microlib_exit                            - Undefined Weak Reference
    fs_data$$Base                             - Undefined Reference
    fs_data$$Limit                            - Undefined Reference
    pwr_mgmt_data0$$Base                      - Undefined Reference
    pwr_mgmt_data0$$Limit                     - Undefined Reference
    pwr_mgmt_data1$$Base                      - Undefined Reference
    pwr_mgmt_data1$$Limit                     - Undefined Reference
    pwr_mgmt_data2$$Base                      - Undefined Reference
    pwr_mgmt_data2$$Limit                     - Undefined Reference
    sdh_req_observers1$$Base                  - Undefined Reference
    sdh_req_observers1$$Limit                 - Undefined Reference
    sdh_stack_observers1$$Base                - Undefined Reference
    sdh_stack_observers1$$Limit               - Undefined Reference
    sdh_state_observers1$$Base                - Undefined Reference
    sdh_state_observers1$$Limit               - Undefined Reference
    __Vectors_Size                           0x00000200   Number         0  arm_startup_nrf52.o ABSOLUTE
    __Vectors                                0x00026000   Data           4  arm_startup_nrf52.o(RESET)
    __Vectors_End                            0x00026200   Data           0  arm_startup_nrf52.o(RESET)
    __main                                   0x00026201   Thumb Code     0  entry.o(.ARM.Collect$$$$00000000)
    _main_stk                                0x00026201   Thumb Code     0  entry2.o(.ARM.Collect$$$$00000001)
    _main_scatterload                        0x00026205   Thumb Code     0  entry5.o(.ARM.Collect$$$$00000004)
    __main_after_scatterload                 0x00026209   Thumb Code     0  entry5.o(.ARM.Collect$$$$00000004)
    _main_clock                              0x00026209   Thumb Code     0  entry7b.o(.ARM.Collect$$$$00000008)
    _main_cpp_init                           0x00026209   Thumb Code     0  entry8b.o(.ARM.Collect$$$$0000000A)
    _main_init                               0x00026209   Thumb Code     0  entry9a.o(.ARM.Collect$$$$0000000B)
    __rt_final_cpp                           0x00026211   Thumb Code     0  entry10a.o(.ARM.Collect$$$$0000000D)
    __rt_final_exit                          0x00026211   Thumb Code     0  entry11a.o(.ARM.Collect$$$$0000000F)
    __asm___12_nrf_atfifo_c_51f461e1__nrf_atfifo_wspace_req 0x00026215   Thumb Code    56  nrf_atfifo.o(.emb_text)
    __asm___12_nrf_atfifo_c_51f461e1__nrf_atfifo_wspace_close 0x0002624d   Thumb Code    18  nrf_atfifo.o(.emb_text)
    __asm___12_nrf_atfifo_c_51f461e1__nrf_atfifo_rspace_req 0x0002625f   Thumb Code    58  nrf_atfifo.o(.emb_text)
    __asm___12_nrf_atfifo_c_51f461e1__nrf_atfifo_rspace_close 0x00026299   Thumb Code    18  nrf_atfifo.o(.emb_text)
    __asm___12_nrf_atfifo_c_51f461e1__nrf_atfifo_space_clear 0x000262ab   Thumb Code    50  nrf_atfifo.o(.emb_text)
    __asm___12_nrf_atomic_c_85ca2469__nrf_atomic_internal_mov 0x000262dd   Thumb Code    24  nrf_atomic.o(.emb_text)
    __asm___12_nrf_atomic_c_85ca2469__nrf_atomic_internal_orr 0x000262f5   Thumb Code    26  nrf_atomic.o(.emb_text)
    __asm___12_nrf_atomic_c_85ca2469__nrf_atomic_internal_and 0x0002630f   Thumb Code    26  nrf_atomic.o(.emb_text)
    __asm___12_nrf_atomic_c_85ca2469__nrf_atomic_internal_eor 0x00026329   Thumb Code    26  nrf_atomic.o(.emb_text)
    __asm___12_nrf_atomic_c_85ca2469__nrf_atomic_internal_add 0x00026343   Thumb Code    26  nrf_atomic.o(.emb_text)
    __asm___12_nrf_atomic_c_85ca2469__nrf_atomic_internal_sub 0x0002635d   Thumb Code    26  nrf_atomic.o(.emb_text)
    __asm___12_nrf_atomic_c_85ca2469__nrf_atomic_internal_cmp_exch 0x00026377   Thumb Code    42  nrf_atomic.o(.emb_text)
    __asm___12_nrf_atomic_c_85ca2469__nrf_atomic_internal_sub_hs 0x000263a1   Thumb Code    30  nrf_atomic.o(.emb_text)
    Reset_Handler                            0x000263c1   Thumb Code     8  arm_startup_nrf52.o(.text)
    NMI_Handler                              0x000263c9   Thumb Code     2  arm_startup_nrf52.o(.text)
    HardFault_Handler                        0x000263cb   Thumb Code     2  arm_startup_nrf52.o(.text)
    MemoryManagement_Handler                 0x000263cd   Thumb Code     2  arm_startup_nrf52.o(.text)
    BusFault_Handler                         0x000263cf   Thumb Code     2  arm_startup_nrf52.o(.text)
    UsageFault_Handler                       0x000263d1   Thumb Code     2  arm_startup_nrf52.o(.text)
    SVC_Handler                              0x000263d3   Thumb Code     2  arm_startup_nrf52.o(.text)
    DebugMon_Handler                         0x000263d5   Thumb Code     2  arm_startup_nrf52.o(.text)
    PendSV_Handler                           0x000263d7   Thumb Code     2  arm_startup_nrf52.o(.text)
    SysTick_Handler                          0x000263d9   Thumb Code     2  arm_startup_nrf52.o(.text)
    CCM_AAR_IRQHandler                       0x000263db   Thumb Code     0  arm_startup_nrf52.o(.text)
    COMP_LPCOMP_IRQHandler                   0x000263db   Thumb Code     0  arm_startup_nrf52.o(.text)
    ECB_IRQHandler                           0x000263db   Thumb Code     0  arm_startup_nrf52.o(.text)
    FPU_IRQHandler                           0x000263db   Thumb Code     0  arm_startup_nrf52.o(.text)
    I2S_IRQHandler                           0x000263db   Thumb Code     0  arm_startup_nrf52.o(.text)
    MWU_IRQHandler                           0x000263db   Thumb Code     0  arm_startup_nrf52.o(.text)
    NFCT_IRQHandler                          0x000263db   Thumb Code     0  arm_startup_nrf52.o(.text)
    PDM_IRQHandler                           0x000263db   Thumb Code     0  arm_startup_nrf52.o(.text)
    PWM0_IRQHandler                          0x000263db   Thumb Code     0  arm_startup_nrf52.o(.text)
    PWM1_IRQHandler                          0x000263db   Thumb Code     0  arm_startup_nrf52.o(.text)
    PWM2_IRQHandler                          0x000263db   Thumb Code     0  arm_startup_nrf52.o(.text)
    QDEC_IRQHandler                          0x000263db   Thumb Code     0  arm_startup_nrf52.o(.text)
    RADIO_IRQHandler                         0x000263db   Thumb Code     0  arm_startup_nrf52.o(.text)
    RNG_IRQHandler                           0x000263db   Thumb Code     0  arm_startup_nrf52.o(.text)
    RTC0_IRQHandler                          0x000263db   Thumb Code     0  arm_startup_nrf52.o(.text)
    RTC2_IRQHandler                          0x000263db   Thumb Code     0  arm_startup_nrf52.o(.text)
    SAADC_IRQHandler                         0x000263db   Thumb Code     0  arm_startup_nrf52.o(.text)
    SPIM0_SPIS0_TWIM0_TWIS0_SPI0_TWI0_IRQHandler 0x000263db   Thumb Code     0  arm_startup_nrf52.o(.text)
    SPIM1_SPIS1_TWIM1_TWIS1_SPI1_TWI1_IRQHandler 0x000263db   Thumb Code     0  arm_startup_nrf52.o(.text)
    SPIM2_SPIS2_SPI2_IRQHandler              0x000263db   Thumb Code     0  arm_startup_nrf52.o(.text)
    SWI1_EGU1_IRQHandler                     0x000263db   Thumb Code     0  arm_startup_nrf52.o(.text)
    SWI3_EGU3_IRQHandler                     0x000263db   Thumb Code     0  arm_startup_nrf52.o(.text)
    SWI4_EGU4_IRQHandler                     0x000263db   Thumb Code     0  arm_startup_nrf52.o(.text)
    SWI5_EGU5_IRQHandler                     0x000263db   Thumb Code     0  arm_startup_nrf52.o(.text)
    TEMP_IRQHandler                          0x000263db   Thumb Code     0  arm_startup_nrf52.o(.text)
    TIMER0_IRQHandler                        0x000263db   Thumb Code     0  arm_startup_nrf52.o(.text)
    TIMER1_IRQHandler                        0x000263db   Thumb Code     0  arm_startup_nrf52.o(.text)
    TIMER2_IRQHandler                        0x000263db   Thumb Code     0  arm_startup_nrf52.o(.text)
    TIMER3_IRQHandler                        0x000263db   Thumb Code     0  arm_startup_nrf52.o(.text)
    TIMER4_IRQHandler                        0x000263db   Thumb Code     0  arm_startup_nrf52.o(.text)
    WDT_IRQHandler                           0x000263db   Thumb Code     0  arm_startup_nrf52.o(.text)
    __aeabi_uldivmod                         0x000263e5   Thumb Code    98  uldiv.o(.text)
    __aeabi_llsl                             0x00026447   Thumb Code    30  llshl.o(.text)
    _ll_shift_l                              0x00026447   Thumb Code     0  llshl.o(.text)
    __rt_ctype_table                         0x00026465   Thumb Code     4  ctype_o.o(.text)
    __aeabi_memcpy                           0x0002646d   Thumb Code    36  memcpya.o(.text)
    __aeabi_memcpy4                          0x0002646d   Thumb Code     0  memcpya.o(.text)
    __aeabi_memcpy8                          0x0002646d   Thumb Code     0  memcpya.o(.text)
    __aeabi_memset                           0x00026491   Thumb Code    14  memseta.o(.text)
    __aeabi_memset4                          0x00026491   Thumb Code     0  memseta.o(.text)
    __aeabi_memset8                          0x00026491   Thumb Code     0  memseta.o(.text)
    __aeabi_memclr                           0x0002649f   Thumb Code     4  memseta.o(.text)
    __aeabi_memclr4                          0x0002649f   Thumb Code     0  memseta.o(.text)
    __aeabi_memclr8                          0x0002649f   Thumb Code     0  memseta.o(.text)
    _memset$wrapper                          0x000264a3   Thumb Code    18  memseta.o(.text)
    strlen                                   0x000264b5   Thumb Code    14  strlen.o(.text)
    strcpy                                   0x000264c3   Thumb Code    18  strcpy.o(.text)
    __aeabi_llsr                             0x000264d5   Thumb Code    32  llushr.o(.text)
    _ll_ushift_r                             0x000264d5   Thumb Code     0  llushr.o(.text)
    __scatterload                            0x000264f5   Thumb Code    28  init.o(.text)
    __scatterload_rt2                        0x000264f5   Thumb Code     0  init.o(.text)
    __decompress                             0x00026519   Thumb Code     0  __dczerorl2.o(.text)
    __decompress1                            0x00026519   Thumb Code    86  __dczerorl2.o(.text)
    GPIOTE_IRQHandler                        0x00026571   Thumb Code   346  nrfx_gpiote.o(i.GPIOTE_IRQHandler)
    POWER_CLOCK_IRQHandler                   0x00026739   Thumb Code    82  nrfx_clock.o(i.POWER_CLOCK_IRQHandler)
    RTC1_IRQHandler                          0x00026791   Thumb Code    32  app_timer.o(i.RTC1_IRQHandler)
    SEGGER_RTT_Init                          0x000267b5   Thumb Code     4  segger_rtt.o(i.SEGGER_RTT_Init)
    SEGGER_RTT_WriteNoLock                   0x000267b9   Thumb Code    86  segger_rtt.o(i.SEGGER_RTT_WriteNoLock)
    SWI0_EGU0_IRQHandler                     0x00026815   Thumb Code     4  app_timer.o(i.SWI0_EGU0_IRQHandler)
    SWI2_EGU2_IRQHandler                     0x00026819   Thumb Code     4  nrf_sdh.o(i.SWI2_EGU2_IRQHandler)
    SystemInit                               0x0002681d   Thumb Code   726  system_nrf52.o(i.SystemInit)
    UARTE0_UART0_IRQHandler                  0x00026b39   Thumb Code     6  nrfx_prs.o(i.UARTE0_UART0_IRQHandler)
    __0printf$bare                           0x00026c61   Thumb Code     8  printfb.o(i.__0printf$bare)
    __1printf$bare                           0x00026c61   Thumb Code     0  printfb.o(i.__0printf$bare)
    __2printf                                0x00026c61   Thumb Code     0  printfb.o(i.__0printf$bare)
    __scatterload_copy                       0x00026c71   Thumb Code    14  handlers.o(i.__scatterload_copy)
    __scatterload_null                       0x00026c7f   Thumb Code     2  handlers.o(i.__scatterload_null)
    __scatterload_zeroinit                   0x00026c81   Thumb Code    14  handlers.o(i.__scatterload_zeroinit)
    app_button_enable                        0x00026d25   Thumb Code    32  app_button.o(i.app_button_enable)
    app_button_init                          0x00026d49   Thumb Code   102  app_button.o(i.app_button_init)
    app_error_fault_handler                  0x00026dc1   Thumb Code    84  app_error_weak.o(i.app_error_fault_handler)
    app_error_handler_bare                   0x00026e3d   Thumb Code    22  app_error.o(i.app_error_handler_bare)
    app_fifo_get                             0x00026e53   Thumb Code    22  app_fifo.o(i.app_fifo_get)
    app_fifo_init                            0x00026e69   Thumb Code    32  app_fifo.o(i.app_fifo_init)
    app_fifo_put                             0x00026e89   Thumb Code    26  app_fifo.o(i.app_fifo_put)
    app_timer_create                         0x00026ea5   Thumb Code    32  app_timer.o(i.app_timer_create)
    app_timer_init                           0x00026ec9   Thumb Code    70  app_timer.o(i.app_timer_init)
    app_timer_start                          0x00026f1d   Thumb Code   128  app_timer.o(i.app_timer_start)
    app_timer_stop                           0x00026fa5   Thumb Code    26  app_timer.o(i.app_timer_stop)
    app_uart_get                             0x00026fc5   Thumb Code    42  app_uart_fifo.o(i.app_uart_get)
    app_uart_init                            0x00026ff9   Thumb Code   148  app_uart_fifo.o(i.app_uart_init)
    app_uart_put                             0x0002709d   Thumb Code    70  app_uart_fifo.o(i.app_uart_put)
    app_util_critical_region_enter           0x000270f1   Thumb Code    64  app_util_platform.o(i.app_util_critical_region_enter)
    app_util_critical_region_exit            0x00027139   Thumb Code    46  app_util_platform.o(i.app_util_critical_region_exit)
    blcm_link_ctx_get                        0x0002727d   Thumb Code    72  ble_link_ctx_manager.o(i.blcm_link_ctx_get)
    ble_advdata_encode                       0x000272c5   Thumb Code   386  ble_advdata.o(i.ble_advdata_encode)
    ble_advdata_parse                        0x00027447   Thumb Code    32  ble_advdata.o(i.ble_advdata_parse)
    ble_advdata_search                       0x00027467   Thumb Code    56  ble_advdata.o(i.ble_advdata_search)
    ble_advertising_conn_cfg_tag_set         0x0002749f   Thumb Code     6  ble_advertising.o(i.ble_advertising_conn_cfg_tag_set)
    ble_advertising_init                     0x000274a5   Thumb Code   250  ble_advertising.o(i.ble_advertising_init)
    ble_advertising_on_ble_evt               0x0002759f   Thumb Code   106  ble_advertising.o(i.ble_advertising_on_ble_evt)
    ble_advertising_on_sys_evt               0x00027609   Thumb Code    48  ble_advertising.o(i.ble_advertising_on_sys_evt)
    ble_advertising_restart_without_whitelist 0x00027639   Thumb Code    58  ble_advertising.o(i.ble_advertising_restart_without_whitelist)
    ble_advertising_start                    0x00027673   Thumb Code   566  ble_advertising.o(i.ble_advertising_start)
    ble_conn_params_init                     0x000278a9   Thumb Code    90  ble_conn_params.o(i.ble_conn_params_init)
    ble_conn_state_conn_idx                  0x00027911   Thumb Code    18  ble_conn_state.o(i.ble_conn_state_conn_idx)
    ble_conn_state_valid                     0x00027925   Thumb Code    16  ble_conn_state.o(i.ble_conn_state_valid)
    ble_nus_data_send                        0x00027cfd   Thumb Code   102  ble_nus.o(i.ble_nus_data_send)
    ble_nus_init                             0x00027d65   Thumb Code    84  ble_nus.o(i.ble_nus_init)
    ble_nus_on_ble_evt                       0x00027dbd   Thumb Code   112  ble_nus.o(i.ble_nus_on_ble_evt)
    ble_srv_is_notification_enabled          0x00027e2d   Thumb Code     8  ble_srv_common.o(i.ble_srv_is_notification_enabled)
    bsp_board_button_idx_to_pin              0x00027e35   Thumb Code     6  boards.o(i.bsp_board_button_idx_to_pin)
    bsp_board_button_state_get               0x00027e41   Thumb Code    28  boards.o(i.bsp_board_button_state_get)
    bsp_board_init                           0x00027e61   Thumb Code    72  boards.o(i.bsp_board_init)
    bsp_board_led_invert                     0x00027ead   Thumb Code    32  boards.o(i.bsp_board_led_invert)
    bsp_board_led_off                        0x00027ed1   Thumb Code    10  boards.o(i.bsp_board_led_off)
    bsp_board_led_on                         0x00027ee1   Thumb Code    10  boards.o(i.bsp_board_led_on)
    bsp_board_leds_off                       0x00027ef1   Thumb Code    18  boards.o(i.bsp_board_leds_off)
    bsp_board_pin_to_button_idx              0x00027f05   Thumb Code    20  boards.o(i.bsp_board_pin_to_button_idx)
    bsp_btn_ble_init                         0x00027f1d   Thumb Code    52  bsp_btn_ble.o(i.bsp_btn_ble_init)
    bsp_btn_ble_sleep_mode_prepare           0x00027f55   Thumb Code    30  bsp_btn_ble.o(i.bsp_btn_ble_sleep_mode_prepare)
    bsp_button_is_pressed                    0x00028119   Thumb Code    10  bsp.o(i.bsp_button_is_pressed)
    bsp_event_handler                        0x00028125   Thumb Code    66  main.o(i.bsp_event_handler)
    bsp_event_to_button_action_assign        0x00028171   Thumb Code    48  bsp.o(i.bsp_event_to_button_action_assign)
    bsp_indication_set                       0x000281a5   Thumb Code    20  bsp.o(i.bsp_indication_set)
    bsp_init                                 0x000281bd   Thumb Code   128  bsp.o(i.bsp_init)
    bsp_wakeup_button_enable                 0x000282cd   Thumb Code     6  bsp.o(i.bsp_wakeup_button_enable)
    buffer_is_empty                          0x00028385   Thumb Code    16  nrf_log_frontend.o(i.buffer_is_empty)
    conn_handle_list_get                     0x00028505   Thumb Code    62  ble_conn_state.o(i.conn_handle_list_get)
    fputc                                    0x00028863   Thumb Code    14  retarget.o(i.fputc)
    gatt_evt_handler                         0x00028871   Thumb Code    48  main.o(i.gatt_evt_handler)
    gatt_init                                0x000288c5   Thumb Code    38  main.o(i.gatt_init)
    main                                     0x00028d5d   Thumb Code   462  main.o(i.main)
    nrf_atfifo_item_free                     0x00029155   Thumb Code    22  nrf_atfifo.o(i.nrf_atfifo_item_free)
    nrf_atfifo_item_get                      0x0002916b   Thumb Code    22  nrf_atfifo.o(i.nrf_atfifo_item_get)
    nrf_atflags_clear                        0x00029181   Thumb Code    22  nrf_atflags.o(i.nrf_atflags_clear)
    nrf_atflags_get                          0x00029197   Thumb Code    22  nrf_atflags.o(i.nrf_atflags_get)
    nrf_atflags_set                          0x000291ad   Thumb Code    20  nrf_atflags.o(i.nrf_atflags_set)
    nrf_atomic_flag_clear_fetch              0x000291c1   Thumb Code     6  nrf_atomic.o(i.nrf_atomic_flag_clear_fetch)
    nrf_atomic_flag_set                      0x000291c7   Thumb Code     6  nrf_atomic.o(i.nrf_atomic_flag_set)
    nrf_atomic_u32_add                       0x000291cd   Thumb Code    12  nrf_atomic.o(i.nrf_atomic_u32_add)
    nrf_atomic_u32_and                       0x000291d9   Thumb Code    12  nrf_atomic.o(i.nrf_atomic_u32_and)
    nrf_atomic_u32_fetch_and                 0x000291e5   Thumb Code    10  nrf_atomic.o(i.nrf_atomic_u32_fetch_and)
    nrf_atomic_u32_fetch_store               0x000291ef   Thumb Code    10  nrf_atomic.o(i.nrf_atomic_u32_fetch_store)
    nrf_atomic_u32_or                        0x000291f9   Thumb Code    12  nrf_atomic.o(i.nrf_atomic_u32_or)
    nrf_atomic_u32_sub                       0x00029205   Thumb Code    12  nrf_atomic.o(i.nrf_atomic_u32_sub)
    nrf_balloc_alloc                         0x00029211   Thumb Code    68  nrf_balloc.o(i.nrf_balloc_alloc)
    nrf_balloc_free                          0x00029255   Thumb Code    48  nrf_balloc.o(i.nrf_balloc_free)
    nrf_balloc_init                          0x00029285   Thumb Code    48  nrf_balloc.o(i.nrf_balloc_init)
    nrf_ble_gatt_att_mtu_periph_set          0x000292d9   Thumb Code    24  nrf_ble_gatt.o(i.nrf_ble_gatt_att_mtu_periph_set)
    nrf_ble_gatt_init                        0x000292f1   Thumb Code    34  nrf_ble_gatt.o(i.nrf_ble_gatt_init)
    nrf_ble_gatt_on_ble_evt                  0x00029315   Thumb Code   266  nrf_ble_gatt.o(i.nrf_ble_gatt_on_ble_evt)
    nrf_ble_qwr_conn_handle_assign           0x0002945d   Thumb Code    22  nrf_ble_qwr.o(i.nrf_ble_qwr_conn_handle_assign)
    nrf_ble_qwr_init                         0x00029473   Thumb Code    36  nrf_ble_qwr.o(i.nrf_ble_qwr_init)
    nrf_ble_qwr_on_ble_evt                   0x00029497   Thumb Code   182  nrf_ble_qwr.o(i.nrf_ble_qwr_on_ble_evt)
    nrf_drv_clock_init                       0x0002956d   Thumb Code    48  nrf_drv_clock.o(i.nrf_drv_clock_init)
    nrf_drv_clock_lfclk_release              0x000295a5   Thumb Code    42  nrf_drv_clock.o(i.nrf_drv_clock_lfclk_release)
    nrf_drv_uart_init                        0x000295d5   Thumb Code    90  nrf_drv_uart.o(i.nrf_drv_uart_init)
    nrf_fprintf                              0x0002967d   Thumb Code    26  nrf_fprintf.o(i.nrf_fprintf)
    nrf_fprintf_buffer_flush                 0x00029697   Thumb Code    24  nrf_fprintf.o(i.nrf_fprintf_buffer_flush)
    nrf_fprintf_fmt                          0x000296af   Thumb Code   474  nrf_fprintf_format.o(i.nrf_fprintf_fmt)
    nrf_fstorage_is_busy                     0x00029889   Thumb Code    70  nrf_fstorage.o(i.nrf_fstorage_is_busy)
    nrf_fstorage_sdh_req_handler             0x000298d9   Thumb Code    18  nrf_fstorage_sd.o(i.nrf_fstorage_sdh_req_handler)
    nrf_fstorage_sdh_state_handler           0x000298f1   Thumb Code    28  nrf_fstorage_sd.o(i.nrf_fstorage_sdh_state_handler)
    nrf_fstorage_sys_evt_handler             0x00029911   Thumb Code   154  nrf_fstorage_sd.o(i.nrf_fstorage_sys_evt_handler)
    nrf_log_backend_add                      0x00029b15   Thumb Code    74  nrf_log_frontend.o(i.nrf_log_backend_add)
    nrf_log_backend_rtt_init                 0x00029b67   Thumb Code     4  nrf_log_backend_rtt.o(i.nrf_log_backend_rtt_init)
    nrf_log_backend_serial_put               0x00029b85   Thumb Code   200  nrf_log_backend_serial.o(i.nrf_log_backend_serial_put)
    nrf_log_color_id_get                     0x00029c4d   Thumb Code    42  nrf_log_frontend.o(i.nrf_log_color_id_get)
    nrf_log_default_backends_init            0x00029c7d   Thumb Code    22  nrf_log_default_backends.o(i.nrf_log_default_backends_init)
    nrf_log_frontend_dequeue                 0x00029c99   Thumb Code   510  nrf_log_frontend.o(i.nrf_log_frontend_dequeue)
    nrf_log_frontend_std_0                   0x00029eb9   Thumb Code     8  nrf_log_frontend.o(i.nrf_log_frontend_std_0)
    nrf_log_frontend_std_1                   0x00029ec1   Thumb Code    14  nrf_log_frontend.o(i.nrf_log_frontend_std_1)
    nrf_log_frontend_std_2                   0x00029ecf   Thumb Code    16  nrf_log_frontend.o(i.nrf_log_frontend_std_2)
    nrf_log_hexdump_entry_process            0x00029ee1   Thumb Code   146  nrf_log_str_formatter.o(i.nrf_log_hexdump_entry_process)
    nrf_log_init                             0x00029f8d   Thumb Code    66  nrf_log_frontend.o(i.nrf_log_init)
    nrf_log_module_cnt_get                   0x00029fe5   Thumb Code    10  nrf_log_frontend.o(i.nrf_log_module_cnt_get)
    nrf_log_module_name_get                  0x00029ff9   Thumb Code    24  nrf_log_frontend.o(i.nrf_log_module_name_get)
    nrf_log_panic                            0x0002a015   Thumb Code    34  nrf_log_frontend.o(i.nrf_log_panic)
    nrf_log_std_entry_process                0x0002a03d   Thumb Code   182  nrf_log_str_formatter.o(i.nrf_log_std_entry_process)
    nrf_memobj_alloc                         0x0002a0f3   Thumb Code    96  nrf_memobj.o(i.nrf_memobj_alloc)
    nrf_memobj_free                          0x0002a153   Thumb Code    50  nrf_memobj.o(i.nrf_memobj_free)
    nrf_memobj_get                           0x0002a185   Thumb Code     8  nrf_memobj.o(i.nrf_memobj_get)
    nrf_memobj_pool_init                     0x0002a18d   Thumb Code     4  nrf_memobj.o(i.nrf_memobj_pool_init)
    nrf_memobj_put                           0x0002a191   Thumb Code    30  nrf_memobj.o(i.nrf_memobj_put)
    nrf_memobj_read                          0x0002a1af   Thumb Code    12  nrf_memobj.o(i.nrf_memobj_read)
    nrf_memobj_write                         0x0002a1bb   Thumb Code    12  nrf_memobj.o(i.nrf_memobj_write)
    nrf_pwr_mgmt_init                        0x0002a1c9   Thumb Code    28  nrf_pwr_mgmt.o(i.nrf_pwr_mgmt_init)
    nrf_pwr_mgmt_run                         0x0002a1f1   Thumb Code    64  nrf_pwr_mgmt.o(i.nrf_pwr_mgmt_run)
    nrf_sdh_ble_app_ram_start_get            0x0002a239   Thumb Code    16  nrf_sdh_ble.o(i.nrf_sdh_ble_app_ram_start_get)
    nrf_sdh_ble_default_cfg_set              0x0002a24d   Thumb Code   312  nrf_sdh_ble.o(i.nrf_sdh_ble_default_cfg_set)
    nrf_sdh_ble_enable                       0x0002a3a1   Thumb Code   116  nrf_sdh_ble.o(i.nrf_sdh_ble_enable)
    nrf_sdh_disable_request                  0x0002a52d   Thumb Code    80  nrf_sdh.o(i.nrf_sdh_disable_request)
    nrf_sdh_enable_request                   0x0002a581   Thumb Code   130  nrf_sdh.o(i.nrf_sdh_enable_request)
    nrf_sdh_evts_poll                        0x0002a611   Thumb Code    32  nrf_sdh.o(i.nrf_sdh_evts_poll)
    nrf_sdh_is_enabled                       0x0002a635   Thumb Code     6  nrf_sdh.o(i.nrf_sdh_is_enabled)
    nrf_sdh_request_continue                 0x0002a641   Thumb Code    22  nrf_sdh.o(i.nrf_sdh_request_continue)
    nrf_section_iter_init                    0x0002a699   Thumb Code    10  nrf_section_iter.o(i.nrf_section_iter_init)
    nrf_section_iter_next                    0x0002a6c7   Thumb Code    32  nrf_section_iter.o(i.nrf_section_iter_next)
    nrf_strerror_find                        0x0002a6e9   Thumb Code    52  nrf_strerror.o(i.nrf_strerror_find)
    nrf_strerror_get                         0x0002a721   Thumb Code    14  nrf_strerror.o(i.nrf_strerror_get)
    nrfx_clock_enable                        0x0002a76d   Thumb Code    36  nrfx_clock.o(i.nrfx_clock_enable)
    nrfx_clock_init                          0x0002a799   Thumb Code    26  nrfx_clock.o(i.nrfx_clock_init)
    nrfx_clock_lfclk_stop                    0x0002a7b9   Thumb Code    20  nrfx_clock.o(i.nrfx_clock_lfclk_stop)
    nrfx_gpiote_in_event_enable              0x0002a7e5   Thumb Code   156  nrfx_gpiote.o(i.nrfx_gpiote_in_event_enable)
    nrfx_gpiote_in_init                      0x0002a889   Thumb Code   194  nrfx_gpiote.o(i.nrfx_gpiote_in_init)
    nrfx_gpiote_in_is_set                    0x0002a959   Thumb Code    20  nrfx_gpiote.o(i.nrfx_gpiote_in_is_set)
    nrfx_gpiote_init                         0x0002a96d   Thumb Code    98  nrfx_gpiote.o(i.nrfx_gpiote_init)
    nrfx_gpiote_is_init                      0x0002a9dd   Thumb Code    14  nrfx_gpiote.o(i.nrfx_gpiote_is_init)
    nrfx_prs_acquire                         0x0002aa01   Thumb Code    58  nrfx_prs.o(i.nrfx_prs_acquire)
    nrfx_uart_0_irq_handler                  0x0002aa3d   Thumb Code     8  nrfx_uart.o(i.nrfx_uart_0_irq_handler)
    nrfx_uart_init                           0x0002aa4d   Thumb Code   200  nrfx_uart.o(i.nrfx_uart_init)
    nrfx_uart_rx                             0x0002ab21   Thumb Code   230  nrfx_uart.o(i.nrfx_uart_rx)
    nrfx_uart_tx                             0x0002ac0d   Thumb Code   160  nrfx_uart.o(i.nrfx_uart_tx)
    nrfx_uart_tx_in_progress                 0x0002acb1   Thumb Code    26  nrfx_uart.o(i.nrfx_uart_tx_in_progress)
    nrfx_uarte_0_irq_handler                 0x0002acd1   Thumb Code     8  nrfx_uarte.o(i.nrfx_uarte_0_irq_handler)
    nrfx_uarte_init                          0x0002ace1   Thumb Code   100  nrfx_uarte.o(i.nrfx_uarte_init)
    nrfx_uarte_rx                            0x0002ad4d   Thumb Code   256  nrfx_uarte.o(i.nrfx_uarte_rx)
    nrfx_uarte_tx                            0x0002ae51   Thumb Code   138  nrfx_uarte.o(i.nrfx_uarte_tx)
    nrfx_uarte_tx_in_progress                0x0002aee1   Thumb Code    22  nrfx_uarte.o(i.nrfx_uarte_tx_in_progress)
    uart_event_handle                        0x0002bb59   Thumb Code   104  main.o(i.uart_event_handle)
    nrf_log_backend_rtt_api                  0x0002c398   Data          12  nrf_log_backend_rtt.o(.constdata)
    m_ram_start                              0x0002c430   Data           4  nrf_sdh_ble.o(.constdata)
    __ctype_table                            0x0002c45c   Data         129  ctype_o.o(.constdata)
    Region$$Table$$Base                      0x0002cc54   Number         0  anon$$obj.o(Region$$Table)
    Region$$Table$$Limit                     0x0002cc74   Number         0  anon$$obj.o(Region$$Table)
    log_const_data$$Base                     0x0002cc74   Number         0  nrf_ble_gatt.o(log_const_data)
    m_nrf_log_nrf_ble_gatt_logs_data_const   0x0002cc74   Data           8  nrf_ble_gatt.o(log_const_data)
    m_nrf_log_ble_nus_logs_data_const        0x0002cc7c   Data           8  ble_nus.o(log_const_data)
    m_nrf_log_clock_logs_data_const          0x0002cc84   Data           8  nrf_drv_clock.o(log_const_data)
    m_nrf_log_CLOCK_logs_data_const          0x0002cc8c   Data           8  nrfx_clock.o(log_const_data)
    m_nrf_log_GPIOTE_logs_data_const         0x0002cc94   Data           8  nrfx_gpiote.o(log_const_data)
    m_nrf_log_PRS_logs_data_const            0x0002cc9c   Data           8  nrfx_prs.o(log_const_data)
    m_nrf_log_UART_logs_data_const           0x0002cca4   Data           8  nrfx_uart.o(log_const_data)
    m_nrf_log_UARTE_logs_data_const          0x0002ccac   Data           8  nrfx_uarte.o(log_const_data)
    m_nrf_log_nrf_fstorage_logs_data_const   0x0002ccb4   Data           8  nrf_fstorage.o(log_const_data)
    m_nrf_log_atfifo_m_fifo_logs_data_const  0x0002ccbc   Data           8  nrf_fstorage_sd.o(log_const_data)
    m_nrf_log_pwr_mgmt_logs_data_const       0x0002ccc4   Data           8  nrf_pwr_mgmt.o(log_const_data)
    m_nrf_log_balloc_log_mempool_logs_data_const 0x0002cccc   Data           8  nrf_log_frontend.o(log_const_data)
    m_nrf_log_app_logs_data_const            0x0002ccd4   Data           8  nrf_log_frontend.o(log_const_data)
    m_nrf_log_nrf_sdh_logs_data_const        0x0002ccdc   Data           8  nrf_sdh.o(log_const_data)
    m_nrf_log_nrf_sdh_ble_logs_data_const    0x0002cce4   Data           8  nrf_sdh_ble.o(log_const_data)
    m_nrf_log_nrf_sdh_soc_logs_data_const    0x0002ccec   Data           8  nrf_sdh_soc.o(log_const_data)
    log_const_data$$Limit                    0x0002ccf4   Number         0  nrf_sdh_soc.o(log_const_data)
    log_mempool                              0x0002ccf4   Data          24  nrf_log_frontend.o(nrf_balloc)
    sdh_ble_observers0$$Base                 0x0002cd0c   Number         0  ble_conn_state.o(sdh_ble_observers0)
    sdh_ble_observers0$$Limit                0x0002cd14   Number         0  ble_conn_state.o(sdh_ble_observers0)
    sdh_ble_observers1$$Base                 0x0002cd14   Number         0  main.o(sdh_ble_observers1)
    sdh_ble_observers1$$Limit                0x0002cd34   Number         0  ble_conn_params.o(sdh_ble_observers1)
    sdh_ble_observers2$$Base                 0x0002cd34   Number         0  main.o(sdh_ble_observers2)
    sdh_ble_observers2$$Limit                0x0002cd44   Number         0  main.o(sdh_ble_observers2)
    sdh_ble_observers3$$Base                 0x0002cd44   Number         0  main.o(sdh_ble_observers3)
    m_req_obs                                0x0002cd4c   Data           8  nrf_fstorage_sd.o(sdh_req_observers0)
    sdh_ble_observers3$$Limit                0x0002cd4c   Number         0  main.o(sdh_ble_observers3)
    sdh_req_observers0$$Base                 0x0002cd4c   Number         0  nrf_fstorage_sd.o(sdh_req_observers0)
    sdh_req_observers0$$Limit                0x0002cd54   Number         0  nrf_fstorage_sd.o(sdh_req_observers0)
    sdh_soc_observers0$$Base                 0x0002cd54   Number         0  nrf_drv_clock.o(sdh_soc_observers0)
    sdh_soc_observers0$$Limit                0x0002cd64   Number         0  nrf_fstorage_sd.o(sdh_soc_observers0)
    sdh_soc_observers1$$Base                 0x0002cd64   Number         0  main.o(sdh_soc_observers1)
    sdh_soc_observers1$$Limit                0x0002cd6c   Number         0  main.o(sdh_soc_observers1)
    sdh_stack_observers0$$Base               0x0002cd6c   Number         0  nrf_sdh_ble.o(sdh_stack_observers0)
    sdh_stack_observers0$$Limit              0x0002cd7c   Number         0  nrf_sdh_soc.o(sdh_stack_observers0)
    sdh_state_observers0$$Base               0x0002cd7c   Number         0  nrf_drv_clock.o(sdh_state_observers0)
    sdh_state_observers0$$Limit              0x0002cd8c   Number         0  nrf_fstorage_sd.o(sdh_state_observers0)
    Image$$RW_IRAM1$$Base                    0x20002218   Number         0  anon$$obj.o ABSOLUTE
    nrf_drv_uart_use_easy_dma                0x20002274   Data           1  nrf_drv_uart.o(.data)
    __stdout                                 0x20002304   Data           4  retarget.o(.data)
    SystemCoreClock                          0x2000236c   Data           4  system_nrf52.o(.data)
    log_dynamic_data$$Base                   0x20002370   Number         0  nrf_ble_gatt.o(log_dynamic_data)
    m_nrf_log_nrf_ble_gatt_logs_data_dynamic 0x20002370   Data           4  nrf_ble_gatt.o(log_dynamic_data)
    m_nrf_log_ble_nus_logs_data_dynamic      0x20002374   Data           4  ble_nus.o(log_dynamic_data)
    m_nrf_log_clock_logs_data_dynamic        0x20002378   Data           4  nrf_drv_clock.o(log_dynamic_data)
    m_nrf_log_CLOCK_logs_data_dynamic        0x2000237c   Data           4  nrfx_clock.o(log_dynamic_data)
    m_nrf_log_GPIOTE_logs_data_dynamic       0x20002380   Data           4  nrfx_gpiote.o(log_dynamic_data)
    m_nrf_log_PRS_logs_data_dynamic          0x20002384   Data           4  nrfx_prs.o(log_dynamic_data)
    m_nrf_log_UART_logs_data_dynamic         0x20002388   Data           4  nrfx_uart.o(log_dynamic_data)
    m_nrf_log_UARTE_logs_data_dynamic        0x2000238c   Data           4  nrfx_uarte.o(log_dynamic_data)
    m_nrf_log_nrf_fstorage_logs_data_dynamic 0x20002390   Data           4  nrf_fstorage.o(log_dynamic_data)
    m_nrf_log_atfifo_m_fifo_logs_data_dynamic 0x20002394   Data           4  nrf_fstorage_sd.o(log_dynamic_data)
    m_nrf_log_pwr_mgmt_logs_data_dynamic     0x20002398   Data           4  nrf_pwr_mgmt.o(log_dynamic_data)
    m_nrf_log_balloc_log_mempool_logs_data_dynamic 0x2000239c   Data           4  nrf_log_frontend.o(log_dynamic_data)
    m_nrf_log_app_logs_data_dynamic          0x200023a0   Data           4  nrf_log_frontend.o(log_dynamic_data)
    m_nrf_log_nrf_sdh_logs_data_dynamic      0x200023a4   Data           4  nrf_sdh.o(log_dynamic_data)
    m_nrf_log_nrf_sdh_ble_logs_data_dynamic  0x200023a8   Data           4  nrf_sdh_ble.o(log_dynamic_data)
    m_nrf_log_nrf_sdh_soc_logs_data_dynamic  0x200023ac   Data           4  nrf_sdh_soc.o(log_dynamic_data)
    nrf_nvic_state                           0x20002ab0   Data          12  app_util_platform.o(.bss)
    _SEGGER_RTT                              0x2000308c   Data         120  segger_rtt.o(.bss)
    __initial_sp                             0x20005318   Data           0  arm_startup_nrf52.o(STACK)



==============================================================================

Memory Map of the image

  Image Entry point : 0x00026201

  Load Region LR_IROM1 (Base: 0x00026000, Size: 0x00006f24, Max: 0x0005a000, ABSOLUTE, COMPRESSED[0x00006de4])

    Execution Region ER_IROM1 (Base: 0x00026000, Size: 0x00006d8c, Max: 0x0005a000, ABSOLUTE)

    Base Addr    Size         Type   Attr      Idx    E Section Name        Object

    0x00026000   0x00000200   Data   RO         4793    RESET               arm_startup_nrf52.o
    0x00026200   0x00000000   Code   RO         4834  * .ARM.Collect$$$$00000000  mc_w.l(entry.o)
    0x00026200   0x00000004   Code   RO         5141    .ARM.Collect$$$$00000001  mc_w.l(entry2.o)
    0x00026204   0x00000004   Code   RO         5144    .ARM.Collect$$$$00000004  mc_w.l(entry5.o)
    0x00026208   0x00000000   Code   RO         5146    .ARM.Collect$$$$00000008  mc_w.l(entry7b.o)
    0x00026208   0x00000000   Code   RO         5148    .ARM.Collect$$$$0000000A  mc_w.l(entry8b.o)
    0x00026208   0x00000008   Code   RO         5149    .ARM.Collect$$$$0000000B  mc_w.l(entry9a.o)
    0x00026210   0x00000000   Code   RO         5151    .ARM.Collect$$$$0000000D  mc_w.l(entry10a.o)
    0x00026210   0x00000000   Code   RO         5153    .ARM.Collect$$$$0000000F  mc_w.l(entry11a.o)
    0x00026210   0x00000004   Code   RO         5142    .ARM.Collect$$$$00002712  mc_w.l(entry2.o)
    0x00026214   0x000000c8   Code   RO         3103    .emb_text           nrf_atfifo.o
    0x000262dc   0x000000e2   Code   RO         3242    .emb_text           nrf_atomic.o
    0x000263be   0x00000002   PAD
    0x000263c0   0x00000024   Code   RO         4794    .text               arm_startup_nrf52.o
    0x000263e4   0x00000062   Code   RO         4837    .text               mc_w.l(uldiv.o)
    0x00026446   0x0000001e   Code   RO         4839    .text               mc_w.l(llshl.o)
    0x00026464   0x00000008   Code   RO         4841    .text               mc_w.l(ctype_o.o)
    0x0002646c   0x00000024   Code   RO         4869    .text               mc_w.l(memcpya.o)
    0x00026490   0x00000024   Code   RO         4871    .text               mc_w.l(memseta.o)
    0x000264b4   0x0000000e   Code   RO         4873    .text               mc_w.l(strlen.o)
    0x000264c2   0x00000012   Code   RO         4877    .text               mc_w.l(strcpy.o)
    0x000264d4   0x00000020   Code   RO         5157    .text               mc_w.l(llushr.o)
    0x000264f4   0x00000024   Code   RO         5170    .text               mc_w.l(init.o)
    0x00026518   0x00000056   Code   RO         5184    .text               mc_w.l(__dczerorl2.o)
    0x0002656e   0x00000002   PAD
    0x00026570   0x00000164   Code   RO         1752    i.GPIOTE_IRQHandler  nrfx_gpiote.o
    0x000266d4   0x00000016   Code   RO         2734    i.NVIC_ClearPendingIRQ  app_timer.o
    0x000266ea   0x00000016   Code   RO         2735    i.NVIC_EnableIRQ    app_timer.o
    0x00026700   0x00000016   Code   RO         2736    i.NVIC_SetPendingIRQ  app_timer.o
    0x00026716   0x00000020   Code   RO         2737    i.NVIC_SetPriority  app_timer.o
    0x00026736   0x00000002   PAD
    0x00026738   0x00000058   Code   RO         1620    i.POWER_CLOCK_IRQHandler  nrfx_clock.o
    0x00026790   0x00000024   Code   RO         2738    i.RTC1_IRQHandler   app_timer.o
    0x000267b4   0x00000004   Code   RO         4329    i.SEGGER_RTT_Init   segger_rtt.o
    0x000267b8   0x0000005c   Code   RO         4343    i.SEGGER_RTT_WriteNoLock  segger_rtt.o
    0x00026814   0x00000004   Code   RO         2739    i.SWI0_EGU0_IRQHandler  app_timer.o
    0x00026818   0x00000004   Code   RO         4580    i.SWI2_EGU2_IRQHandler  nrf_sdh.o
    0x0002681c   0x0000031c   Code   RO         4802    i.SystemInit        system_nrf52.o
    0x00026b38   0x0000000c   Code   RO         2051    i.UARTE0_UART0_IRQHandler  nrfx_prs.o
    0x00026b44   0x00000068   Code   RO         4347    i._DoInit           segger_rtt.o
    0x00026bac   0x00000016   Code   RO         4348    i._GetAvailWriteSpace  segger_rtt.o
    0x00026bc2   0x0000005a   Code   RO         4350    i._WriteBlocking    segger_rtt.o
    0x00026c1c   0x00000042   Code   RO         4351    i._WriteNoCheck     segger_rtt.o
    0x00026c5e   0x00000002   PAD
    0x00026c60   0x00000010   Code   RO         4882    i.__0printf$bare    mc_w.l(printfb.o)
    0x00026c70   0x0000000e   Code   RO         5178    i.__scatterload_copy  mc_w.l(handlers.o)
    0x00026c7e   0x00000002   Code   RO         5179    i.__scatterload_null  mc_w.l(handlers.o)
    0x00026c80   0x0000000e   Code   RO         5180    i.__scatterload_zeroinit  mc_w.l(handlers.o)
    0x00026c8e   0x00000002   PAD
    0x00026c90   0x00000024   Code   RO         4581    i.__sd_nvic_app_accessible_irq  nrf_sdh.o
    0x00026cb4   0x00000016   Code   RO         4582    i.__sd_nvic_is_app_accessible_priority  nrf_sdh.o
    0x00026cca   0x00000022   Code   RO         4889    i._printf_core      mc_w.l(printfb.o)
    0x00026cec   0x00000036   Code   RO          655    i.advertising_buttons_configure  bsp_btn_ble.o
    0x00026d22   0x00000002   PAD
    0x00026d24   0x00000024   Code   RO         2443    i.app_button_enable  app_button.o
    0x00026d48   0x00000078   Code   RO         2444    i.app_button_init   app_button.o
    0x00026dc0   0x0000007c   Code   RO         2567    i.app_error_fault_handler  app_error_weak.o
    0x00026e3c   0x00000016   Code   RO         2507    i.app_error_handler_bare  app_error.o
    0x00026e52   0x00000016   Code   RO         2611    i.app_fifo_get      app_fifo.o
    0x00026e68   0x00000020   Code   RO         2612    i.app_fifo_init     app_fifo.o
    0x00026e88   0x0000001a   Code   RO         2614    i.app_fifo_put      app_fifo.o
    0x00026ea2   0x00000002   PAD
    0x00026ea4   0x00000024   Code   RO         2742    i.app_timer_create  app_timer.o
    0x00026ec8   0x00000054   Code   RO         2743    i.app_timer_init    app_timer.o
    0x00026f1c   0x00000088   Code   RO         2746    i.app_timer_start   app_timer.o
    0x00026fa4   0x00000020   Code   RO         2747    i.app_timer_stop    app_timer.o
    0x00026fc4   0x00000034   Code   RO         2909    i.app_uart_get      app_uart_fifo.o
    0x00026ff8   0x000000a4   Code   RO         2910    i.app_uart_init     app_uart_fifo.o
    0x0002709c   0x00000054   Code   RO         2911    i.app_uart_put      app_uart_fifo.o
    0x000270f0   0x00000048   Code   RO         2990    i.app_util_critical_region_enter  app_util_platform.o
    0x00027138   0x00000034   Code   RO         2991    i.app_util_critical_region_exit  app_util_platform.o
    0x0002716c   0x00000088   Code   RO         2102    i.apply_config      nrfx_uart.o
    0x000271f4   0x00000088   Code   RO         2290    i.apply_config      nrfx_uarte.o
    0x0002727c   0x00000048   Code   RO         1134    i.blcm_link_ctx_get  ble_link_ctx_manager.o
    0x000272c4   0x00000182   Code   RO          702    i.ble_advdata_encode  ble_advdata.o
    0x00027446   0x00000020   Code   RO          704    i.ble_advdata_parse  ble_advdata.o
    0x00027466   0x00000038   Code   RO          705    i.ble_advdata_search  ble_advdata.o
    0x0002749e   0x00000006   Code   RO          808    i.ble_advertising_conn_cfg_tag_set  ble_advertising.o
    0x000274a4   0x000000fa   Code   RO          809    i.ble_advertising_init  ble_advertising.o
    0x0002759e   0x0000006a   Code   RO          811    i.ble_advertising_on_ble_evt  ble_advertising.o
    0x00027608   0x00000030   Code   RO          812    i.ble_advertising_on_sys_evt  ble_advertising.o
    0x00027638   0x0000003a   Code   RO          814    i.ble_advertising_restart_without_whitelist  ble_advertising.o
    0x00027672   0x00000236   Code   RO          815    i.ble_advertising_start  ble_advertising.o
    0x000278a8   0x00000068   Code   RO          902    i.ble_conn_params_init  ble_conn_params.o
    0x00027910   0x00000012   Code   RO          977    i.ble_conn_state_conn_idx  ble_conn_state.o
    0x00027922   0x00000002   PAD
    0x00027924   0x00000014   Code   RO          990    i.ble_conn_state_valid  ble_conn_state.o
    0x00027938   0x00000060   Code   RO          708    i.ble_device_addr_encode  ble_advdata.o
    0x00027998   0x000000d0   Code   RO            5    i.ble_evt_handler   main.o
    0x00027a68   0x00000034   Code   RO          656    i.ble_evt_handler   bsp_btn_ble.o
    0x00027a9c   0x000000fc   Code   RO          904    i.ble_evt_handler   ble_conn_params.o
    0x00027b98   0x00000104   Code   RO          991    i.ble_evt_handler   ble_conn_state.o
    0x00027c9c   0x00000060   Code   RO          527    i.ble_led_timer_handler  bsp.o
    0x00027cfc   0x00000066   Code   RO         1360    i.ble_nus_data_send  ble_nus.o
    0x00027d62   0x00000002   PAD
    0x00027d64   0x00000058   Code   RO         1361    i.ble_nus_init      ble_nus.o
    0x00027dbc   0x00000070   Code   RO         1362    i.ble_nus_on_ble_evt  ble_nus.o
    0x00027e2c   0x00000008   Code   RO         1160    i.ble_srv_is_notification_enabled  ble_srv_common.o
    0x00027e34   0x0000000c   Code   RO          394    i.bsp_board_button_idx_to_pin  boards.o
    0x00027e40   0x00000020   Code   RO          395    i.bsp_board_button_state_get  boards.o
    0x00027e60   0x0000004c   Code   RO          396    i.bsp_board_init    boards.o
    0x00027eac   0x00000024   Code   RO          398    i.bsp_board_led_invert  boards.o
    0x00027ed0   0x00000010   Code   RO          399    i.bsp_board_led_off  boards.o
    0x00027ee0   0x00000010   Code   RO          400    i.bsp_board_led_on  boards.o
    0x00027ef0   0x00000012   Code   RO          402    i.bsp_board_leds_off  boards.o
    0x00027f02   0x00000002   PAD
    0x00027f04   0x00000018   Code   RO          404    i.bsp_board_pin_to_button_idx  boards.o
    0x00027f1c   0x00000038   Code   RO          657    i.bsp_btn_ble_init  bsp_btn_ble.o
    0x00027f54   0x0000001e   Code   RO          658    i.bsp_btn_ble_sleep_mode_prepare  bsp_btn_ble.o
    0x00027f72   0x00000002   PAD
    0x00027f74   0x000001a4   Code   RO          528    i.bsp_button_event_handler  bsp.o
    0x00028118   0x0000000a   Code   RO          529    i.bsp_button_is_pressed  bsp.o
    0x00028122   0x00000002   PAD
    0x00028124   0x0000004c   Code   RO            6    i.bsp_event_handler  main.o
    0x00028170   0x00000034   Code   RO          532    i.bsp_event_to_button_action_assign  bsp.o
    0x000281a4   0x00000018   Code   RO          533    i.bsp_indication_set  bsp.o
    0x000281bc   0x00000094   Code   RO          534    i.bsp_init          bsp.o
    0x00028250   0x0000007c   Code   RO          535    i.bsp_led_indication  bsp.o
    0x000282cc   0x00000006   Code   RO          537    i.bsp_wakeup_button_enable  bsp.o
    0x000282d2   0x00000002   PAD
    0x000282d4   0x00000090   Code   RO         4083    i.buf_prealloc      nrf_log_frontend.o
    0x00028364   0x0000001e   Code   RO         3454    i.buffer_add        nrf_fprintf_format.o
    0x00028382   0x00000002   PAD
    0x00028384   0x00000014   Code   RO         4084    i.buffer_is_empty   nrf_log_frontend.o
    0x00028398   0x00000008   Code   RO          538    i.button_timer_handler  bsp.o
    0x000283a0   0x0000001c   Code   RO         1753    i.channel_free      nrfx_gpiote.o
    0x000283bc   0x00000048   Code   RO         1754    i.channel_port_alloc  nrfx_gpiote.o
    0x00028404   0x00000010   Code   RO         1755    i.channel_port_get  nrfx_gpiote.o
    0x00028414   0x00000028   Code   RO         1425    i.clock_clk_started_notify  nrf_drv_clock.o
    0x0002843c   0x0000001c   Code   RO         1426    i.clock_irq_handler  nrf_drv_clock.o
    0x00028458   0x000000ac   Code   RO         2749    i.compare_reg_update  app_timer.o
    0x00028504   0x0000003e   Code   RO          992    i.conn_handle_list_get  ble_conn_state.o
    0x00028542   0x00000088   Code   RO          709    i.conn_int_encode   ble_advdata.o
    0x000285ca   0x00000004   Code   RO            7    i.conn_params_error_handler  main.o
    0x000285ce   0x00000002   PAD
    0x000285d0   0x00000048   Code   RO          905    i.conn_params_negotiation  ble_conn_params.o
    0x00028618   0x000000bc   Code   RO         1217    i.data_length_update  nrf_ble_gatt.o
    0x000286d4   0x00000098   Code   RO         2446    i.detection_delay_timeout_handler  app_button.o
    0x0002876c   0x00000014   Code   RO         4086    i.dropped_sat16_get  nrf_log_frontend.o
    0x00028780   0x00000040   Code   RO         2750    i.elapsed_ticks_acquire  app_timer.o
    0x000287c0   0x00000054   Code   RO         3579    i.event_send        nrf_fstorage_sd.o
    0x00028814   0x00000014   Code   RO         2617    i.fifo_get          app_fifo.o
    0x00028828   0x00000012   Code   RO         2618    i.fifo_put          app_fifo.o
    0x0002883a   0x00000028   Code   RO          817    i.flags_set         ble_advertising.o
    0x00028862   0x0000000e   Code   RO         3910    i.fputc             retarget.o
    0x00028870   0x00000054   Code   RO            8    i.gatt_evt_handler  main.o
    0x000288c4   0x00000030   Code   RO            9    i.gatt_init         main.o
    0x000288f4   0x00000084   Code   RO         2447    i.gpiote_event_handler  app_button.o
    0x00028978   0x00000014   Code   RO          906    i.instance_get      ble_conn_params.o
    0x0002898c   0x000000a6   Code   RO         3455    i.int_print         nrf_fprintf_format.o
    0x00028a32   0x00000002   PAD
    0x00028a34   0x00000080   Code   RO         2291    i.interrupts_enable  nrfx_uarte.o
    0x00028ab4   0x0000004c   Code   RO         4087    i.invalid_packets_pushed_str_omit  nrf_log_frontend.o
    0x00028b00   0x00000044   Code   RO          907    i.is_conn_params_ok  ble_conn_params.o
    0x00028b44   0x00000024   Code   RO          540    i.leds_off          bsp.o
    0x00028b68   0x00000048   Code   RO          541    i.leds_timer_handler  bsp.o
    0x00028bb0   0x00000018   Code   RO         1218    i.link_init         nrf_ble_gatt.o
    0x00028bc8   0x000000f8   Code   RO         2751    i.list_insertions_handler  app_timer.o
    0x00028cc0   0x0000009c   Code   RO         4088    i.log_skip          nrf_log_frontend.o
    0x00028d5c   0x00000250   Code   RO           10    i.main              main.o
    0x00028fac   0x00000064   Code   RO          710    i.manuf_specific_data_encode  ble_advdata.o
    0x00029010   0x00000076   Code   RO         3693    i.memobj_op         nrf_memobj.o
    0x00029086   0x00000002   PAD
    0x00029088   0x00000030   Code   RO         4089    i.module_idx_get    nrf_log_frontend.o
    0x000290b8   0x0000009c   Code   RO          711    i.name_encode       ble_advdata.o
    0x00029154   0x00000016   Code   RO         3109    i.nrf_atfifo_item_free  nrf_atfifo.o
    0x0002916a   0x00000016   Code   RO         3110    i.nrf_atfifo_item_get  nrf_atfifo.o
    0x00029180   0x00000016   Code   RO         3176    i.nrf_atflags_clear  nrf_atflags.o
    0x00029196   0x00000016   Code   RO         3181    i.nrf_atflags_get   nrf_atflags.o
    0x000291ac   0x00000014   Code   RO         3183    i.nrf_atflags_set   nrf_atflags.o
    0x000291c0   0x00000006   Code   RO         3244    i.nrf_atomic_flag_clear_fetch  nrf_atomic.o
    0x000291c6   0x00000006   Code   RO         3245    i.nrf_atomic_flag_set  nrf_atomic.o
    0x000291cc   0x0000000c   Code   RO         3247    i.nrf_atomic_u32_add  nrf_atomic.o
    0x000291d8   0x0000000c   Code   RO         3248    i.nrf_atomic_u32_and  nrf_atomic.o
    0x000291e4   0x0000000a   Code   RO         3251    i.nrf_atomic_u32_fetch_and  nrf_atomic.o
    0x000291ee   0x0000000a   Code   RO         3253    i.nrf_atomic_u32_fetch_store  nrf_atomic.o
    0x000291f8   0x0000000c   Code   RO         3257    i.nrf_atomic_u32_or  nrf_atomic.o
    0x00029204   0x0000000c   Code   RO         3259    i.nrf_atomic_u32_sub  nrf_atomic.o
    0x00029210   0x00000044   Code   RO         3378    i.nrf_balloc_alloc  nrf_balloc.o
    0x00029254   0x00000030   Code   RO         3379    i.nrf_balloc_free   nrf_balloc.o
    0x00029284   0x00000030   Code   RO         3380    i.nrf_balloc_init   nrf_balloc.o
    0x000292b4   0x00000010   Code   RO         1756    i.nrf_bitmask_bit_is_set  nrfx_gpiote.o
    0x000292c4   0x00000014   Code   RO         1757    i.nrf_bitmask_bit_set  nrfx_gpiote.o
    0x000292d8   0x00000018   Code   RO         1220    i.nrf_ble_gatt_att_mtu_periph_set  nrf_ble_gatt.o
    0x000292f0   0x00000022   Code   RO         1224    i.nrf_ble_gatt_init  nrf_ble_gatt.o
    0x00029312   0x00000002   PAD
    0x00029314   0x00000148   Code   RO         1225    i.nrf_ble_gatt_on_ble_evt  nrf_ble_gatt.o
    0x0002945c   0x00000016   Code   RO         1319    i.nrf_ble_qwr_conn_handle_assign  nrf_ble_qwr.o
    0x00029472   0x00000024   Code   RO         1320    i.nrf_ble_qwr_init  nrf_ble_qwr.o
    0x00029496   0x000000b6   Code   RO         1321    i.nrf_ble_qwr_on_ble_evt  nrf_ble_qwr.o
    0x0002954c   0x0000000e   Code   RO         1621    i.nrf_clock_event_check  nrfx_clock.o
    0x0002955a   0x00000010   Code   RO         1622    i.nrf_clock_event_clear  nrfx_clock.o
    0x0002956a   0x00000002   PAD
    0x0002956c   0x00000038   Code   RO         1433    i.nrf_drv_clock_init  nrf_drv_clock.o
    0x000295a4   0x00000030   Code   RO         1437    i.nrf_drv_clock_lfclk_release  nrf_drv_clock.o
    0x000295d4   0x00000068   Code   RO         1568    i.nrf_drv_uart_init  nrf_drv_uart.o
    0x0002963c   0x00000020   Code   RO         2912    i.nrf_drv_uart_rx   app_uart_fifo.o
    0x0002965c   0x00000020   Code   RO         2913    i.nrf_drv_uart_tx   app_uart_fifo.o
    0x0002967c   0x0000001a   Code   RO         3415    i.nrf_fprintf       nrf_fprintf.o
    0x00029696   0x00000018   Code   RO         3416    i.nrf_fprintf_buffer_flush  nrf_fprintf.o
    0x000296ae   0x000001da   Code   RO         3456    i.nrf_fprintf_fmt   nrf_fprintf_format.o
    0x00029888   0x00000050   Code   RO         3498    i.nrf_fstorage_is_busy  nrf_fstorage.o
    0x000298d8   0x00000018   Code   RO         3582    i.nrf_fstorage_sdh_req_handler  nrf_fstorage_sd.o
    0x000298f0   0x00000020   Code   RO         3583    i.nrf_fstorage_sdh_state_handler  nrf_fstorage_sd.o
    0x00029910   0x000000a4   Code   RO         3584    i.nrf_fstorage_sys_evt_handler  nrf_fstorage_sd.o
    0x000299b4   0x00000024   Code   RO          406    i.nrf_gpio_cfg      boards.o
    0x000299d8   0x00000024   Code   RO         1758    i.nrf_gpio_cfg      nrfx_gpiote.o
    0x000299fc   0x00000024   Code   RO         2103    i.nrf_gpio_cfg      nrfx_uart.o
    0x00029a20   0x00000024   Code   RO         2292    i.nrf_gpio_cfg      nrfx_uarte.o
    0x00029a44   0x00000012   Code   RO         2105    i.nrf_gpio_cfg_input  nrfx_uart.o
    0x00029a56   0x00000012   Code   RO         2294    i.nrf_gpio_cfg_input  nrfx_uarte.o
    0x00029a68   0x00000014   Code   RO         2106    i.nrf_gpio_cfg_output  nrfx_uart.o
    0x00029a7c   0x00000014   Code   RO         2295    i.nrf_gpio_cfg_output  nrfx_uarte.o
    0x00029a90   0x00000022   Code   RO         1760    i.nrf_gpio_cfg_sense_set  nrfx_gpiote.o
    0x00029ab2   0x00000016   Code   RO          407    i.nrf_gpio_pin_write  boards.o
    0x00029ac8   0x00000028   Code   RO         1761    i.nrf_gpio_ports_read  nrfx_gpiote.o
    0x00029af0   0x00000014   Code   RO         1762    i.nrf_gpiote_event_clear  nrfx_gpiote.o
    0x00029b04   0x00000010   Code   RO         1763    i.nrf_gpiote_event_is_set  nrfx_gpiote.o
    0x00029b14   0x00000050   Code   RO         4090    i.nrf_log_backend_add  nrf_log_frontend.o
    0x00029b64   0x00000002   Code   RO         3947    i.nrf_log_backend_rtt_flush  nrf_log_backend_rtt.o
    0x00029b66   0x00000004   Code   RO         3948    i.nrf_log_backend_rtt_init  nrf_log_backend_rtt.o
    0x00029b6a   0x00000002   Code   RO         3949    i.nrf_log_backend_rtt_panic_set  nrf_log_backend_rtt.o
    0x00029b6c   0x00000018   Code   RO         3950    i.nrf_log_backend_rtt_put  nrf_log_backend_rtt.o
    0x00029b84   0x000000c8   Code   RO         4016    i.nrf_log_backend_serial_put  nrf_log_backend_serial.o
    0x00029c4c   0x00000030   Code   RO         4092    i.nrf_log_color_id_get  nrf_log_frontend.o
    0x00029c7c   0x0000001c   Code   RO         4050    i.nrf_log_default_backends_init  nrf_log_default_backends.o
    0x00029c98   0x00000220   Code   RO         4093    i.nrf_log_frontend_dequeue  nrf_log_frontend.o
    0x00029eb8   0x00000008   Code   RO         4095    i.nrf_log_frontend_std_0  nrf_log_frontend.o
    0x00029ec0   0x0000000e   Code   RO         4096    i.nrf_log_frontend_std_1  nrf_log_frontend.o
    0x00029ece   0x00000010   Code   RO         4097    i.nrf_log_frontend_std_2  nrf_log_frontend.o
    0x00029ede   0x00000002   PAD
    0x00029ee0   0x000000ac   Code   RO         4270    i.nrf_log_hexdump_entry_process  nrf_log_str_formatter.o
    0x00029f8c   0x00000058   Code   RO         4102    i.nrf_log_init      nrf_log_frontend.o
    0x00029fe4   0x00000014   Code   RO         4103    i.nrf_log_module_cnt_get  nrf_log_frontend.o
    0x00029ff8   0x0000001c   Code   RO         4106    i.nrf_log_module_name_get  nrf_log_frontend.o
    0x0002a014   0x00000028   Code   RO         4107    i.nrf_log_panic     nrf_log_frontend.o
    0x0002a03c   0x000000b6   Code   RO         4271    i.nrf_log_std_entry_process  nrf_log_str_formatter.o
    0x0002a0f2   0x00000060   Code   RO         3694    i.nrf_memobj_alloc  nrf_memobj.o
    0x0002a152   0x00000032   Code   RO         3695    i.nrf_memobj_free   nrf_memobj.o
    0x0002a184   0x00000008   Code   RO         3696    i.nrf_memobj_get    nrf_memobj.o
    0x0002a18c   0x00000004   Code   RO         3697    i.nrf_memobj_pool_init  nrf_memobj.o
    0x0002a190   0x0000001e   Code   RO         3698    i.nrf_memobj_put    nrf_memobj.o
    0x0002a1ae   0x0000000c   Code   RO         3699    i.nrf_memobj_read   nrf_memobj.o
    0x0002a1ba   0x0000000c   Code   RO         3700    i.nrf_memobj_write  nrf_memobj.o
    0x0002a1c6   0x00000002   PAD
    0x0002a1c8   0x00000028   Code   RO         3772    i.nrf_pwr_mgmt_init  nrf_pwr_mgmt.o
    0x0002a1f0   0x00000044   Code   RO         3773    i.nrf_pwr_mgmt_run  nrf_pwr_mgmt.o
    0x0002a234   0x00000004   Code   RO           11    i.nrf_qwr_error_handler  main.o
    0x0002a238   0x00000014   Code   RO         4711    i.nrf_sdh_ble_app_ram_start_get  nrf_sdh_ble.o
    0x0002a24c   0x00000154   Code   RO         4712    i.nrf_sdh_ble_default_cfg_set  nrf_sdh_ble.o
    0x0002a3a0   0x0000012c   Code   RO         4713    i.nrf_sdh_ble_enable  nrf_sdh_ble.o
    0x0002a4cc   0x00000060   Code   RO         4714    i.nrf_sdh_ble_evts_poll  nrf_sdh_ble.o
    0x0002a52c   0x00000054   Code   RO         4583    i.nrf_sdh_disable_request  nrf_sdh.o
    0x0002a580   0x00000090   Code   RO         4584    i.nrf_sdh_enable_request  nrf_sdh.o
    0x0002a610   0x00000024   Code   RO         4585    i.nrf_sdh_evts_poll  nrf_sdh.o
    0x0002a634   0x0000000c   Code   RO         4586    i.nrf_sdh_is_enabled  nrf_sdh.o
    0x0002a640   0x0000001c   Code   RO         4588    i.nrf_sdh_request_continue  nrf_sdh.o
    0x0002a65c   0x0000003c   Code   RO         4762    i.nrf_sdh_soc_evts_poll  nrf_sdh_soc.o
    0x0002a698   0x0000000a   Code   RO         3841    i.nrf_section_iter_init  nrf_section_iter.o
    0x0002a6a2   0x00000024   Code   RO         3842    i.nrf_section_iter_item_set  nrf_section_iter.o
    0x0002a6c6   0x00000020   Code   RO         3843    i.nrf_section_iter_next  nrf_section_iter.o
    0x0002a6e6   0x00000002   PAD
    0x0002a6e8   0x00000038   Code   RO         3876    i.nrf_strerror_find  nrf_strerror.o
    0x0002a720   0x00000014   Code   RO         3877    i.nrf_strerror_get  nrf_strerror.o
    0x0002a734   0x0000000a   Code   RO         2107    i.nrf_uart_event_check  nrfx_uart.o
    0x0002a73e   0x0000000c   Code   RO         2108    i.nrf_uart_event_clear  nrfx_uart.o
    0x0002a74a   0x0000000c   Code   RO         2109    i.nrf_uart_int_enable_check  nrfx_uart.o
    0x0002a756   0x0000000a   Code   RO         2296    i.nrf_uarte_event_check  nrfx_uarte.o
    0x0002a760   0x0000000c   Code   RO         2297    i.nrf_uarte_event_clear  nrfx_uarte.o
    0x0002a76c   0x0000002c   Code   RO         1627    i.nrfx_clock_enable  nrfx_clock.o
    0x0002a798   0x00000020   Code   RO         1630    i.nrfx_clock_init   nrfx_clock.o
    0x0002a7b8   0x0000001c   Code   RO         1633    i.nrfx_clock_lfclk_stop  nrfx_clock.o
    0x0002a7d4   0x00000010   Code   RO         2752    i.nrfx_coredep_delay_us  app_timer.o
    0x0002a7e4   0x000000a4   Code   RO         1768    i.nrfx_gpiote_in_event_enable  nrfx_gpiote.o
    0x0002a888   0x000000d0   Code   RO         1769    i.nrfx_gpiote_in_init  nrfx_gpiote.o
    0x0002a958   0x00000014   Code   RO         1770    i.nrfx_gpiote_in_is_set  nrfx_gpiote.o
    0x0002a96c   0x00000070   Code   RO         1772    i.nrfx_gpiote_init  nrfx_gpiote.o
    0x0002a9dc   0x00000014   Code   RO         1773    i.nrfx_gpiote_is_init  nrfx_gpiote.o
    0x0002a9f0   0x00000010   Code   RO         2298    i.nrfx_is_in_ram    nrfx_uarte.o
    0x0002aa00   0x0000003a   Code   RO         2052    i.nrfx_prs_acquire  nrfx_prs.o
    0x0002aa3a   0x00000002   PAD
    0x0002aa3c   0x00000010   Code   RO         2110    i.nrfx_uart_0_irq_handler  nrfx_uart.o
    0x0002aa4c   0x000000d4   Code   RO         2112    i.nrfx_uart_init    nrfx_uart.o
    0x0002ab20   0x000000ec   Code   RO         2113    i.nrfx_uart_rx      nrfx_uart.o
    0x0002ac0c   0x000000a4   Code   RO         2118    i.nrfx_uart_tx      nrfx_uart.o
    0x0002acb0   0x00000020   Code   RO         2120    i.nrfx_uart_tx_in_progress  nrfx_uart.o
    0x0002acd0   0x00000010   Code   RO         2299    i.nrfx_uarte_0_irq_handler  nrfx_uarte.o
    0x0002ace0   0x0000006c   Code   RO         2301    i.nrfx_uarte_init   nrfx_uarte.o
    0x0002ad4c   0x00000104   Code   RO         2302    i.nrfx_uarte_rx     nrfx_uarte.o
    0x0002ae50   0x00000090   Code   RO         2305    i.nrfx_uarte_tx     nrfx_uarte.o
    0x0002aee0   0x0000001c   Code   RO         2307    i.nrfx_uarte_tx_in_progress  nrfx_uarte.o
    0x0002aefc   0x00000090   Code   RO           12    i.nus_data_handler  main.o
    0x0002af8c   0x00000024   Code   RO           13    i.on_adv_evt        main.o
    0x0002afb0   0x0000001c   Code   RO           14    i.on_conn_params_evt  main.o
    0x0002afcc   0x0000006a   Code   RO         1363    i.on_connect        ble_nus.o
    0x0002b036   0x00000002   PAD
    0x0002b038   0x000000a0   Code   RO         1226    i.on_connected_evt  nrf_ble_gatt.o
    0x0002b0d8   0x000000a4   Code   RO         1227    i.on_exchange_mtu_request_evt  nrf_ble_gatt.o
    0x0002b17c   0x00000084   Code   RO         1364    i.on_write          ble_nus.o
    0x0002b200   0x00000012   Code   RO          818    i.phy_is_valid      ble_advertising.o
    0x0002b212   0x00000002   PAD
    0x0002b214   0x00000018   Code   RO         1789    i.pin_in_use_by_port  nrfx_gpiote.o
    0x0002b22c   0x00000018   Code   RO         1790    i.pin_in_use_by_te  nrfx_gpiote.o
    0x0002b244   0x0000003c   Code   RO         4273    i.postfix_process   nrf_log_str_formatter.o
    0x0002b280   0x00000098   Code   RO         4274    i.prefix_process    nrf_log_str_formatter.o
    0x0002b318   0x00000018   Code   RO         2054    i.prs_box_get       nrfx_prs.o
    0x0002b330   0x00000014   Code   RO         3585    i.queue_free        nrf_fstorage_sd.o
    0x0002b344   0x000000a0   Code   RO         3586    i.queue_process     nrf_fstorage_sd.o
    0x0002b3e4   0x0000003c   Code   RO         2753    i.rtc1_stop         app_timer.o
    0x0002b420   0x00000032   Code   RO         2122    i.rx_byte           nrfx_uart.o
    0x0002b452   0x000000a2   Code   RO         1365    i.rx_char_add       ble_nus.o
    0x0002b4f4   0x00000016   Code   RO         2123    i.rx_done_event     nrfx_uart.o
    0x0002b50a   0x00000018   Code   RO         2309    i.rx_done_event     nrfx_uarte.o
    0x0002b522   0x00000020   Code   RO         2124    i.rx_enable         nrfx_uart.o
    0x0002b542   0x00000042   Code   RO         4591    i.sd_nvic_SetPriority  nrf_sdh.o
    0x0002b584   0x00000050   Code   RO         1440    i.sd_state_evt_handler  nrf_drv_clock.o
    0x0002b5d4   0x00000030   Code   RO         4592    i.sdh_request_observer_notify  nrf_sdh.o
    0x0002b604   0x0000002c   Code   RO         4593    i.sdh_state_observer_notify  nrf_sdh.o
    0x0002b630   0x00000010   Code   RO          908    i.send_error_evt    ble_conn_params.o
    0x0002b640   0x00000050   Code   RO         3951    i.serial_tx         nrf_log_backend_rtt.o
    0x0002b690   0x00000088   Code   RO          712    i.service_data_encode  ble_advdata.o
    0x0002b718   0x00000028   Code   RO           15    i.sleep_mode_enter  main.o
    0x0002b740   0x00000018   Code   RO         1441    i.soc_evt_handler   nrf_drv_clock.o
    0x0002b758   0x00000038   Code   RO         4594    i.softdevice_evt_irq_disable  nrf_sdh.o
    0x0002b790   0x00000050   Code   RO         4595    i.softdevices_evt_irq_enable  nrf_sdh.o
    0x0002b7e0   0x0000008c   Code   RO         4109    i.std_n             nrf_log_frontend.o
    0x0002b86c   0x00000080   Code   RO         2754    i.timer_list_handler  app_timer.o
    0x0002b8ec   0x0000003c   Code   RO         2755    i.timer_list_insert  app_timer.o
    0x0002b928   0x00000060   Code   RO         2756    i.timer_list_remove  app_timer.o
    0x0002b988   0x00000048   Code   RO         2757    i.timer_stop_op_schedule  app_timer.o
    0x0002b9d0   0x00000074   Code   RO         2758    i.timer_timeouts_check  app_timer.o
    0x0002ba44   0x00000020   Code   RO         2125    i.tx_byte           nrfx_uart.o
    0x0002ba64   0x000000da   Code   RO         1366    i.tx_char_add       ble_nus.o
    0x0002bb3e   0x0000001a   Code   RO         2126    i.tx_done_event     nrfx_uart.o
    0x0002bb58   0x00000070   Code   RO           16    i.uart_event_handle  main.o
    0x0002bbc8   0x000000a0   Code   RO         2914    i.uart_event_handler  app_uart_fifo.o
    0x0002bc68   0x00000030   Code   RO         1569    i.uart_evt_handler  nrf_drv_uart.o
    0x0002bc98   0x00000128   Code   RO         2127    i.uart_irq_handler  nrfx_uart.o
    0x0002bdc0   0x00000030   Code   RO         1570    i.uarte_evt_handler  nrf_drv_uart.o
    0x0002bdf0   0x000000f4   Code   RO         2310    i.uarte_irq_handler  nrfx_uarte.o
    0x0002bee4   0x0000000a   Code   RO          713    i.uint16_encode     ble_advdata.o
    0x0002beee   0x00000002   PAD
    0x0002bef0   0x000000b4   Code   RO         3457    i.unsigned_print    nrf_fprintf_format.o
    0x0002bfa4   0x00000068   Code   RO          909    i.update_timeout_handler  ble_conn_params.o
    0x0002c00c   0x00000018   Code   RO          819    i.use_whitelist     ble_advertising.o
    0x0002c024   0x00000024   Code   RO         1322    i.user_mem_reply    nrf_ble_qwr.o
    0x0002c048   0x00000030   Code   RO         2759    i.user_op_alloc     app_timer.o
    0x0002c078   0x00000030   Code   RO          714    i.uuid_list_encode  ble_advdata.o
    0x0002c0a8   0x0000009e   Code   RO          715    i.uuid_list_sized_encode  ble_advdata.o
    0x0002c146   0x00000038   Code   RO          542    i.wakeup_button_cfg  bsp.o
    0x0002c17e   0x00000002   PAD
    0x0002c180   0x00000018   Data   RO           18    .constdata          main.o
    0x0002c198   0x00000003   Data   RO          408    .constdata          boards.o
    0x0002c19b   0x00000001   PAD
    0x0002c19c   0x00000014   Data   RO          546    .constdata          bsp.o
    0x0002c1b0   0x00000016   Data   RO         1228    .constdata          nrf_ble_gatt.o
    0x0002c1c6   0x00000002   PAD
    0x0002c1c8   0x00000010   Data   RO         1367    .constdata          ble_nus.o
    0x0002c1d8   0x00000004   Data   RO         1792    .constdata          nrfx_gpiote.o
    0x0002c1dc   0x00000004   Data   RO         2130    .constdata          nrfx_uart.o
    0x0002c1e0   0x00000004   Data   RO         2313    .constdata          nrfx_uarte.o
    0x0002c1e4   0x00000008   Data   RO         2449    .constdata          app_button.o
    0x0002c1ec   0x00000004   PAD
    0x0002c1f0   0x00000006   Data   RO         2761    .constdata          app_timer.o
    0x0002c1f6   0x00000002   PAD
    0x0002c1f8   0x00000020   Data   RO         2916    .constdata          app_uart_fifo.o
    0x0002c218   0x00000010   Data   RO         3458    .constdata          nrf_fprintf_format.o
    0x0002c228   0x00000010   Data   RO         3594    .constdata          nrf_fstorage_sd.o
    0x0002c238   0x00000018   Data   RO         3777    .constdata          nrf_pwr_mgmt.o
    0x0002c250   0x0000000c   Data   RO         3778    .constdata          nrf_pwr_mgmt.o
    0x0002c25c   0x0000013c   Data   RO         3878    .constdata          nrf_strerror.o
    0x0002c398   0x0000000c   Data   RO         3953    .constdata          nrf_log_backend_rtt.o
    0x0002c3a4   0x0000000c   PAD
    0x0002c3b0   0x00000006   Data   RO         3954    .constdata          nrf_log_backend_rtt.o
    0x0002c3b6   0x00000002   PAD
    0x0002c3b8   0x00000010   Data   RO         4596    .constdata          nrf_sdh.o
    0x0002c3c8   0x00000028   Data   RO         4597    .constdata          nrf_sdh.o
    0x0002c3f0   0x00000010   Data   RO         4598    .constdata          nrf_sdh.o
    0x0002c400   0x00000010   Data   RO         4599    .constdata          nrf_sdh.o
    0x0002c410   0x00000020   Data   RO         4715    .constdata          nrf_sdh_ble.o
    0x0002c430   0x00000010   Data   RO         4716    .constdata          nrf_sdh_ble.o
    0x0002c440   0x00000010   Data   RO         4763    .constdata          nrf_sdh_soc.o
    0x0002c450   0x0000000c   Data   RO         4764    .constdata          nrf_sdh_soc.o
    0x0002c45c   0x00000081   Data   RO         4842    .constdata          mc_w.l(ctype_o.o)
    0x0002c4dd   0x00000003   PAD
    0x0002c4e0   0x00000004   Data   RO         4843    .constdata          mc_w.l(ctype_o.o)
    0x0002c4e4   0x000000a2   Data   RO         1229    .conststring        nrf_ble_gatt.o
    0x0002c586   0x00000002   PAD
    0x0002c588   0x000003eb   Data   RO         3879    .conststring        nrf_strerror.o
    0x0002c973   0x00000001   PAD
    0x0002c974   0x00000066   Data   RO         4275    .conststring        nrf_log_str_formatter.o
    0x0002c9da   0x00000002   PAD
    0x0002c9dc   0x000001cf   Data   RO         4717    .conststring        nrf_sdh_ble.o
    0x0002cbab   0x00000001   PAD
    0x0002cbac   0x0000000d   Data   RO         1230    .conststrlit        nrf_ble_gatt.o
    0x0002cbb9   0x00000003   PAD
    0x0002cbbc   0x00000008   Data   RO         1368    .conststrlit        ble_nus.o
    0x0002cbc4   0x00000006   Data   RO         1447    .conststrlit        nrf_drv_clock.o
    0x0002cbca   0x00000002   PAD
    0x0002cbcc   0x00000006   Data   RO         1637    .conststrlit        nrfx_clock.o
    0x0002cbd2   0x00000002   PAD
    0x0002cbd4   0x00000007   Data   RO         1796    .conststrlit        nrfx_gpiote.o
    0x0002cbdb   0x00000001   PAD
    0x0002cbdc   0x00000004   Data   RO         2056    .conststrlit        nrfx_prs.o
    0x0002cbe0   0x00000005   Data   RO         2133    .conststrlit        nrfx_uart.o
    0x0002cbe5   0x00000003   PAD
    0x0002cbe8   0x00000006   Data   RO         2316    .conststrlit        nrfx_uarte.o
    0x0002cbee   0x00000002   PAD
    0x0002cbf0   0x0000000d   Data   RO         3506    .conststrlit        nrf_fstorage.o
    0x0002cbfd   0x00000003   PAD
    0x0002cc00   0x0000000e   Data   RO         3596    .conststrlit        nrf_fstorage_sd.o
    0x0002cc0e   0x00000002   PAD
    0x0002cc10   0x00000009   Data   RO         3779    .conststrlit        nrf_pwr_mgmt.o
    0x0002cc19   0x00000003   PAD
    0x0002cc1c   0x00000018   Data   RO         4112    .conststrlit        nrf_log_frontend.o
    0x0002cc34   0x00000008   Data   RO         4600    .conststrlit        nrf_sdh.o
    0x0002cc3c   0x0000000c   Data   RO         4718    .conststrlit        nrf_sdh_ble.o
    0x0002cc48   0x0000000c   Data   RO         4765    .conststrlit        nrf_sdh_soc.o
    0x0002cc54   0x00000020   Data   RO         5176    Region$$Table       anon$$obj.o
    0x0002cc74   0x00000008   Data   RO         1231    log_const_data      nrf_ble_gatt.o
    0x0002cc7c   0x00000008   Data   RO         1369    log_const_data      ble_nus.o
    0x0002cc84   0x00000008   Data   RO         1448    log_const_data      nrf_drv_clock.o
    0x0002cc8c   0x00000008   Data   RO         1639    log_const_data      nrfx_clock.o
    0x0002cc94   0x00000008   Data   RO         1797    log_const_data      nrfx_gpiote.o
    0x0002cc9c   0x00000008   Data   RO         2058    log_const_data      nrfx_prs.o
    0x0002cca4   0x00000008   Data   RO         2134    log_const_data      nrfx_uart.o
    0x0002ccac   0x00000008   Data   RO         2317    log_const_data      nrfx_uarte.o
    0x0002ccb4   0x00000008   Data   RO         3507    log_const_data      nrf_fstorage.o
    0x0002ccbc   0x00000008   Data   RO         3599    log_const_data      nrf_fstorage_sd.o
    0x0002ccc4   0x00000008   Data   RO         3781    log_const_data      nrf_pwr_mgmt.o
    0x0002cccc   0x00000010   Data   RO         4115    log_const_data      nrf_log_frontend.o
    0x0002ccdc   0x00000008   Data   RO         4602    log_const_data      nrf_sdh.o
    0x0002cce4   0x00000008   Data   RO         4720    log_const_data      nrf_sdh_ble.o
    0x0002ccec   0x00000008   Data   RO         4766    log_const_data      nrf_sdh_soc.o
    0x0002ccf4   0x00000018   Data   RO         4117    nrf_balloc          nrf_log_frontend.o
    0x0002cd0c   0x00000008   Data   RO          996    sdh_ble_observers0  ble_conn_state.o
    0x0002cd14   0x00000010   Data   RO           22    sdh_ble_observers1  main.o
    0x0002cd24   0x00000008   Data   RO          660    sdh_ble_observers1  bsp_btn_ble.o
    0x0002cd2c   0x00000008   Data   RO          912    sdh_ble_observers1  ble_conn_params.o
    0x0002cd34   0x00000010   Data   RO           23    sdh_ble_observers2  main.o
    0x0002cd44   0x00000008   Data   RO           24    sdh_ble_observers3  main.o
    0x0002cd4c   0x00000008   Data   RO         3601    sdh_req_observers0  nrf_fstorage_sd.o
    0x0002cd54   0x00000008   Data   RO         1450    sdh_soc_observers0  nrf_drv_clock.o
    0x0002cd5c   0x00000008   Data   RO         3602    sdh_soc_observers0  nrf_fstorage_sd.o
    0x0002cd64   0x00000008   Data   RO           25    sdh_soc_observers1  main.o
    0x0002cd6c   0x00000008   Data   RO         4722    sdh_stack_observers0  nrf_sdh_ble.o
    0x0002cd74   0x00000008   Data   RO         4768    sdh_stack_observers0  nrf_sdh_soc.o
    0x0002cd7c   0x00000008   Data   RO         1451    sdh_state_observers0  nrf_drv_clock.o
    0x0002cd84   0x00000008   Data   RO         3603    sdh_state_observers0  nrf_fstorage_sd.o


    Execution Region RW_IRAM1 (Base: 0x20002218, Size: 0x00003100, Max: 0x00010000, ABSOLUTE, COMPRESSED[0x00000058])

    Base Addr    Size         Type   Attr      Idx    E Section Name        Object

    0x20002218   0x00000008   Data   RW           19    .data               main.o
    0x20002220   0x00000028   Data   RW           20    .data               main.o
    0x20002248   0x00000004   Data   RW           21    .data               main.o
    0x2000224c   0x00000018   Data   RW          547    .data               bsp.o
    0x20002264   0x00000008   Data   RW          659    .data               bsp_btn_ble.o
    0x2000226c   0x00000008   Data   RW          911    .data               ble_conn_params.o
    0x20002274   0x0000000c   Data   RW         1571    .data               nrf_drv_uart.o
    0x20002280   0x00000008   Data   RW         1638    .data               nrfx_clock.o
    0x20002288   0x00000008   Data   RW         2057    .data               nrfx_prs.o
    0x20002290   0x00000020   Data   RW         2450    .data               app_button.o
    0x200022b0   0x00000014   Data   RW         2762    .data               app_timer.o
    0x200022c4   0x0000001c   Data   RW         2917    .data               app_uart_fifo.o
    0x200022e0   0x00000014   Data   RW         3597    .data               nrf_fstorage_sd.o
    0x200022f4   0x00000008   Data   RW         3598    .data               nrf_fstorage_sd.o
    0x200022fc   0x00000008   Data   RW         3780    .data               nrf_pwr_mgmt.o
    0x20002304   0x00000004   Data   RW         3911    .data               retarget.o
    0x20002308   0x00000001   Data   RW         3955    .data               nrf_log_backend_rtt.o
    0x20002309   0x00000003   PAD
    0x2000230c   0x0000000c   Data   RW         4051    .data               nrf_log_default_backends.o
    0x20002318   0x00000008   Data   RW         4113    .data               nrf_log_frontend.o
    0x20002320   0x00000008   Data   RW         4114    .data               nrf_log_frontend.o
    0x20002328   0x00000040   Data   RW         4276    .data               nrf_log_str_formatter.o
    0x20002368   0x00000003   Data   RW         4601    .data               nrf_sdh.o
    0x2000236b   0x00000001   Data   RW         4719    .data               nrf_sdh_ble.o
    0x2000236c   0x00000004   Data   RW         4803    .data               system_nrf52.o
    0x20002370   0x00000004   Data   RW         1232    log_dynamic_data    nrf_ble_gatt.o
    0x20002374   0x00000004   Data   RW         1370    log_dynamic_data    ble_nus.o
    0x20002378   0x00000004   Data   RW         1449    log_dynamic_data    nrf_drv_clock.o
    0x2000237c   0x00000004   Data   RW         1640    log_dynamic_data    nrfx_clock.o
    0x20002380   0x00000004   Data   RW         1798    log_dynamic_data    nrfx_gpiote.o
    0x20002384   0x00000004   Data   RW         2059    log_dynamic_data    nrfx_prs.o
    0x20002388   0x00000004   Data   RW         2135    log_dynamic_data    nrfx_uart.o
    0x2000238c   0x00000004   Data   RW         2318    log_dynamic_data    nrfx_uarte.o
    0x20002390   0x00000004   Data   RW         3508    log_dynamic_data    nrf_fstorage.o
    0x20002394   0x00000004   Data   RW         3600    log_dynamic_data    nrf_fstorage_sd.o
    0x20002398   0x00000004   Data   RW         3782    log_dynamic_data    nrf_pwr_mgmt.o
    0x2000239c   0x00000008   Data   RW         4116    log_dynamic_data    nrf_log_frontend.o
    0x200023a4   0x00000004   Data   RW         4603    log_dynamic_data    nrf_sdh.o
    0x200023a8   0x00000004   Data   RW         4721    log_dynamic_data    nrf_sdh_ble.o
    0x200023ac   0x00000004   Data   RW         4767    log_dynamic_data    nrf_sdh_soc.o
    0x200023b0   0x000003cc   Zero   RW           17    .bss                main.o
    0x2000277c   0x00000020   Zero   RW          543    .bss                bsp.o
    0x2000279c   0x00000020   Zero   RW          544    .bss                bsp.o
    0x200027bc   0x00000020   Zero   RW          545    .bss                bsp.o
    0x200027dc   0x00000050   Zero   RW          910    .bss                ble_conn_params.o
    0x2000282c   0x00000078   Zero   RW          995    .bss                ble_conn_state.o
    0x200028a4   0x00000014   Zero   RW         1442    .bss                nrf_drv_clock.o
    0x200028b8   0x0000005c   Zero   RW         1791    .bss                nrfx_gpiote.o
    0x20002914   0x0000002c   Zero   RW         2128    .bss                nrfx_uart.o
    0x20002940   0x00000024   Zero   RW         2311    .bss                nrfx_uarte.o
    0x20002964   0x00000020   Zero   RW         2448    .bss                app_button.o
    0x20002984   0x0000010c   Zero   RW         2760    .bss                app_timer.o
    0x20002a90   0x00000020   Zero   RW         2915    .bss                app_uart_fifo.o
    0x20002ab0   0x0000000c   Zero   RW         2996    .bss                app_util_platform.o
    0x20002abc   0x000000a0   Zero   RW         3593    .bss                nrf_fstorage_sd.o
    0x20002b5c   0x0000000c   Zero   RW         3776    .bss                nrf_pwr_mgmt.o
    0x20002b68   0x00000040   Zero   RW         3952    .bss                nrf_log_backend_rtt.o
    0x20002ba8   0x000000c0   Zero   RW         4110    .bss                nrf_log_frontend.o
    0x20002c68   0x00000424   Zero   RW         4111    .bss                nrf_log_frontend.o
    0x2000308c   0x00000288   Zero   RW         4352    .bss                segger_rtt.o
    0x20003314   0x00000004   PAD
    0x20003318   0x00002000   Zero   RW         4791    STACK               arm_startup_nrf52.o


==============================================================================

Image component sizes


      Code (inc. data)   RO Data    RW Data    ZI Data      Debug   Object Name

       440         36          8         32         32      13658   app_button.o
        22          0          0          0          0       2589   app_error.o
       124         40          0          0          0      30665   app_error_weak.o
       118          0          0          0          0       5474   app_fifo.o
      1506        118          6         20        268      50067   app_timer.o
       524         60         32         28         32      21930   app_uart_fifo.o
       124         14          0          0         12       9786   app_util_platform.o
        36          8        512          0       8192        980   arm_startup_nrf52.o
      1314          0          0          0          0      39080   ble_advdata.o
      1116          6          0          0          0      13884   ble_advertising.o
       636         44          8          8         80       9843   ble_conn_params.o
       360         10          8          0        120       7299   ble_conn_state.o
        72          0          0          0          0       1780   ble_link_ctx_manager.o
       920          4         32          4          0       9460   ble_nus.o
         8          0          0          0          0       1590   ble_srv_common.o
       288         34          3          0          0      47185   boards.o
      1052        278         20         24         96      16467   bsp.o
       192          8          8          8          0       5152   bsp_btn_ble.o
      1376        290         72         52        972     169480   main.o
       244          0          0          0          0       5985   nrf_atfifo.o
        64          0          0          0          0       3228   nrf_atflags.o
       306          0          0          0          0       8683   nrf_atomic.o
       164          0          0          0          0       3908   nrf_balloc.o
       922        254        205          4          0      37882   nrf_ble_gatt.o
       276          0          0          0          0       5033   nrf_ble_qwr.o
       276         34         30          4         20      38434   nrf_drv_clock.o
       200         26          0         12          0      18356   nrf_drv_uart.o
        50          0          0          0          0       3797   nrf_fprintf.o
       850          4         16          0          0       5818   nrf_fprintf_format.o
        80         10         21          4          0       2860   nrf_fstorage.o
       484         42         62         32        160      10301   nrf_fstorage_sd.o
       112         18         18          1         64       6949   nrf_log_backend_rtt.o
       200          0          0          0          0      11067   nrf_log_backend_serial.o
        28          6          0         12          0       3458   nrf_log_default_backends.o
      1490        118         64         24       1252      31365   nrf_log_frontend.o
       566        108        102         64          0       6200   nrf_log_str_formatter.o
       330          0          0          0          0      10223   nrf_memobj.o
       108         16         53         12         12      36787   nrf_pwr_mgmt.o
       660         60        104          7          0      44544   nrf_sdh.o
       756        224        539          5          0       6417   nrf_sdh_ble.o
        60          4         56          4          0       2780   nrf_sdh_soc.o
        78          0          0          0          0       3044   nrf_section_iter.o
        76         10       1319          0          0       3011   nrf_strerror.o
       222         28         14         12          0      42200   nrfx_clock.o
      1226         92         19          4         92      60322   nrfx_gpiote.o
        94         16         12         12          0       4181   nrfx_prs.o
      1362         36         17          4         44      32978   nrfx_uart.o
      1200         38         18          4         36      25209   nrfx_uarte.o
        14          0          0          4          0       3078   retarget.o
       378         34          0          0        648       9601   segger_rtt.o
       796         70          0          4          0       3143   system_nrf52.o

    ----------------------------------------------------------------------
     23950       2198       3460        408      12136     947211   Object Totals
         0          0         32          0          0          0   (incl. Generated)
        50          0         50          3          4          0   (incl. Padding)

    ----------------------------------------------------------------------

      Code (inc. data)   RO Data    RW Data    ZI Data      Debug   Library Member Name

        86          0          0          0          0          0   __dczerorl2.o
         8          4        133          0          0         68   ctype_o.o
         0          0          0          0          0          0   entry.o
         0          0          0          0          0          0   entry10a.o
         0          0          0          0          0          0   entry11a.o
         8          4          0          0          0          0   entry2.o
         4          0          0          0          0          0   entry5.o
         0          0          0          0          0          0   entry7b.o
         0          0          0          0          0          0   entry8b.o
         8          4          0          0          0          0   entry9a.o
        30          0          0          0          0          0   handlers.o
        36          8          0          0          0         68   init.o
        30          0          0          0          0         68   llshl.o
        32          0          0          0          0         68   llushr.o
        36          0          0          0          0         68   memcpya.o
        36          0          0          0          0        108   memseta.o
        50          8          0          0          0        152   printfb.o
        18          0          0          0          0         68   strcpy.o
        14          0          0          0          0         68   strlen.o
        98          0          0          0          0         92   uldiv.o

    ----------------------------------------------------------------------
       498         28        136          0          0        828   Library Totals
         4          0          3          0          0          0   (incl. Padding)

    ----------------------------------------------------------------------

      Code (inc. data)   RO Data    RW Data    ZI Data      Debug   Library Name

       494         28        133          0          0        828   mc_w.l

    ----------------------------------------------------------------------
       498         28        136          0          0        828   Library Totals

    ----------------------------------------------------------------------

==============================================================================


      Code (inc. data)   RO Data    RW Data    ZI Data      Debug   

     24448       2226       3596        408      12136     918811   Grand Totals
     24448       2226       3596         88      12136     918811   ELF Image Totals (compressed)
     24448       2226       3596         88          0          0   ROM Totals

==============================================================================

    Total RO  Size (Code + RO Data)                28044 (  27.39kB)
    Total RW  Size (RW Data + ZI Data)             12544 (  12.25kB)
    Total ROM Size (Code + RO Data + RW Data)      28132 (  27.47kB)

==============================================================================

