<html>
<body>
<pre>
<h1>礦ision Build Log</h1>
<h2>Tool Versions:</h2>
IDE-Version: μVision V5.23.0.0
Copyright (C) 2017 ARM Ltd and ARM Germany GmbH. All rights reserved.
License Information: kuangtiao Microsoft, Microsoft, LIC=50DWF-6FXYT-8WQ2D-8FIHV-48UHP-NGFZL
 
Tool Versions:
Toolchain:       MDK-ARM Professional  Version: 5.23
Toolchain Path:  d:\Keil_v5\ARM\ARMCC\Bin
C Compiler:      Armcc.exe V5.06 update 4 (build 422)
Assembler:       Armasm.exe V5.06 update 4 (build 422)
Linker/Locator:  ArmLink.exe V5.06 update 4 (build 422)
Library Manager: ArmAr.exe V5.06 update 4 (build 422)
Hex Converter:   FromElf.exe V5.06 update 4 (build 422)
CPU DLL:         
Dialog DLL:      
Target DLL:      Segger\JL2CM3.dll V2.99.23.0
Dialog DLL:      TCM.DLL V1.27.0.0
 
<h2>Project:</h2>
F:\防丢器\ZX-N52S_开发板资料\6.官方SDK\6.官方SDK\SDK15.0\nRF5SDK1500a53641a\nRF5_SDK_15.0.0_a53641a\examples\ble_peripheral\ble_app_gatts_c\pca10040\s132\arm5_no_packs\ble_app_gatts_c_pca10040_s132.uvprojx
Project File Date:  03/22/2018

<h2>Output:</h2>
*** Using Compiler 'V5.06 update 4 (build 422)', folder: 'd:\Keil_v5\ARM\ARMCC\Bin'
Build target 'nrf52832_xxaa'
compiling boards.c...
compiling app_adv.c...
compiling main.c...
compiling bsp.c...
..\..\..\..\..\..\components\libraries\bsp\bsp.c(56): warning:  #550-D: variable "m_stable_state"  was set but never used
  static bsp_indication_t m_stable_state        = BSP_INDICATE_IDLE;
..\..\..\..\..\..\components\libraries\bsp\bsp.c(428): warning:  #177-D: function "alert_timer_handler"  was declared but never referenced
  static void alert_timer_handler(void * p_context)
..\..\..\..\..\..\components\libraries\bsp\bsp.c: 2 warnings, 0 errors
compiling bsp_btn_ble.c...
..\..\..\..\..\..\components\libraries\bsp\bsp_btn_ble.c(105): warning:  #177-D: function "connection_buttons_configure"  was declared but never referenced
  static uint32_t connection_buttons_configure()
..\..\..\..\..\..\components\libraries\bsp\bsp_btn_ble.c: 1 warning, 0 errors
compiling ble_advdata.c...
compiling ble_conn_state.c...
compiling ble_advertising.c...
compiling ble_db_discovery.c...
compiling ble_srv_common.c...
compiling gatt_cache_manager.c...
compiling gatts_cache_manager.c...
compiling nrf_ble_gatt.c...
compiling id_manager.c...
compiling nrf_ble_qwr.c...
compiling peer_database.c...
compiling peer_data_storage.c...
compiling peer_id.c...
compiling pm_buffer.c...
compiling peer_manager.c...
compiling pm_mutex.c...
compiling security_dispatcher.c...
compiling security_manager.c...
compiling nrf_ble_gatts_c.c...
compiling nrf_drv_clock.c...
compiling nrf_drv_uart.c...
compiling nrfx_clock.c...
compiling nrfx_power_clock.c...
compiling nrfx_gpiote.c...
compiling nrfx_uarte.c...
compiling nrfx_uart.c...
compiling nrfx_prs.c...
compiling app_error.c...
compiling app_button.c...
compiling app_error_handler_keil.c...
compiling app_error_weak.c...
compiling app_scheduler.c...
compiling app_timer.c...
compiling app_util_platform.c...
compiling crc16.c...
compiling fds.c...
compiling hardfault_implementation.c...
compiling nrf_assert.c...
compiling nrf_atflags.c...
compiling nrf_atfifo.c...
compiling nrf_atomic.c...
compiling nrf_fprintf.c...
compiling nrf_balloc.c...
compiling nrf_fprintf_format.c...
compiling nrf_fstorage_sd.c...
compiling nrf_fstorage.c...
compiling nrf_memobj.c...
compiling nrf_section_iter.c...
compiling nrf_pwr_mgmt.c...
compiling nrf_strerror.c...
compiling nrf_log_backend_rtt.c...
compiling nrf_log_backend_serial.c...
compiling nrf_log_backend_uart.c...
compiling nrf_log_default_backends.c...
compiling nrf_log_frontend.c...
compiling nrf_log_str_formatter.c...
compiling SEGGER_RTT_Syscalls_KEIL.c...
compiling SEGGER_RTT.c...
compiling SEGGER_RTT_printf.c...
compiling nrf_sdh_ble.c...
compiling nrf_sdh.c...
assembling arm_startup_nrf52.s...
compiling nrf_sdh_soc.c...
compiling system_nrf52.c...
linking...
Program Size: Code=38736 RO-data=4368 RW-data=1252 ZI-data=12388  
FromELF: creating hex file...
".\_build\nrf52832_xxaa.axf" - 0 Error(s), 3 Warning(s).

<h2>Software Packages used:</h2>

Package Vendor: ARM
                http://www.keil.com/pack/ARM.CMSIS.4.5.0.pack
                ARM::CMSIS:CORE:4.3.0
                CMSIS (Cortex Microcontroller Software Interface Standard)
   * Component: CORE Version: 4.3.0

Package Vendor: NordicSemiconductor
                http://developer.nordicsemi.com/nRF5_SDK/pieces/nRF_DeviceFamilyPack/NordicSemiconductor.nRF_DeviceFamilyPack.8.16.0.pack
                NordicSemiconductor::Device:Startup:8.16.0
                Nordic Semiconductor nRF ARM devices Device Family Pack with Nordic License.
   * Component: Startup Version: 8.16.0

<h2>Collection of Component include folders:</h2>
  .\RTE\_nrf52832_xxaa
  d:\Keil_v5\ARM\PACK\ARM\CMSIS\4.5.0\CMSIS\Include
  d:\Keil_v5\ARM\PACK\NordicSemiconductor\nRF_DeviceFamilyPack\8.16.0\Device\Include
  d:\Keil_v5\ARM\PACK\NordicSemiconductor\nRF_DeviceFamilyPack_NordicLicense\8.27.0\Device\Include

<h2>Collection of Component Files used:</h2>

   * Component: ARM::CMSIS:CORE:4.3.0

   * Component: NordicSemiconductor::Device:Startup:8.16.0
      Source file:   Device\Source\arm\arm_startup_nrf52.s
      Source file:   Device\Source\system_nrf52.c
      Include file:  Device\Include\system_nrf52.h
Build Time Elapsed:  00:00:53
</pre>
</body>
</html>
