Component: ARM Compiler 5.06 update 4 (build 422) Tool: armlink [4d35d2]

==============================================================================

Section Cross References

    app_adv.o(i.advertising_init) refers to memseta.o(.text) for __aeabi_memclr4
    app_adv.o(i.advertising_init) refers to ble_advertising.o(i.ble_advertising_init) for ble_advertising_init
    app_adv.o(i.advertising_init) refers to app_error.o(i.app_error_handler_bare) for app_error_handler_bare
    app_adv.o(i.advertising_init) refers to ble_advertising.o(i.ble_advertising_conn_cfg_tag_set) for ble_advertising_conn_cfg_tag_set
    app_adv.o(i.advertising_init) refers to app_adv.o(i.on_adv_evt) for on_adv_evt
    app_adv.o(i.advertising_init) refers to app_adv.o(.bss) for .bss
    app_adv.o(i.advertising_start) refers to nrf_log_frontend.o(i.nrf_log_frontend_std_0) for nrf_log_frontend_std_0
    app_adv.o(i.advertising_start) refers to peer_manager.o(i.pm_peers_delete) for pm_peers_delete
    app_adv.o(i.advertising_start) refers to ble_advertising.o(i.ble_advertising_start) for ble_advertising_start
    app_adv.o(i.advertising_start) refers to app_error.o(i.app_error_handler_bare) for app_error_handler_bare
    app_adv.o(i.advertising_start) refers to nrf_log_frontend.o(log_dynamic_data) for m_nrf_log_app_logs_data_dynamic
    app_adv.o(i.advertising_start) refers to app_adv.o(.bss) for .bss
    app_adv.o(i.on_adv_evt) refers to nrf_log_frontend.o(i.nrf_log_frontend_std_0) for nrf_log_frontend_std_0
    app_adv.o(i.on_adv_evt) refers to bsp.o(i.bsp_indication_set) for bsp_indication_set
    app_adv.o(i.on_adv_evt) refers to app_error.o(i.app_error_handler_bare) for app_error_handler_bare
    app_adv.o(i.on_adv_evt) refers to nrf_log_frontend.o(log_dynamic_data) for m_nrf_log_app_logs_data_dynamic
    app_adv.o(sdh_ble_observers1) refers to ble_advertising.o(i.ble_advertising_on_ble_evt) for ble_advertising_on_ble_evt
    app_adv.o(sdh_ble_observers1) refers to app_adv.o(.bss) for m_advertising
    app_adv.o(sdh_soc_observers1) refers to ble_advertising.o(i.ble_advertising_on_sys_evt) for ble_advertising_on_sys_evt
    app_adv.o(sdh_soc_observers1) refers to app_adv.o(.bss) for m_advertising
    main.o(i.assert_nrf_callback) refers to app_error_handler_keil.o(.emb_text) for app_error_handler
    main.o(i.ble_evt_handler) refers to app_error.o(i.app_error_handler_bare) for app_error_handler_bare
    main.o(i.ble_evt_handler) refers to nrf_log_frontend.o(i.nrf_log_frontend_std_0) for nrf_log_frontend_std_0
    main.o(i.ble_evt_handler) refers to bsp.o(i.bsp_indication_set) for bsp_indication_set
    main.o(i.ble_evt_handler) refers to nrf_ble_qwr.o(i.nrf_ble_qwr_conn_handle_assign) for nrf_ble_qwr_conn_handle_assign
    main.o(i.ble_evt_handler) refers to nrf_log_frontend.o(log_dynamic_data) for m_nrf_log_app_logs_data_dynamic
    main.o(i.ble_evt_handler) refers to main.o(.bss) for .bss
    main.o(i.db_disc_handler) refers to nrf_ble_gatts_c.o(i.nrf_ble_gatts_c_on_db_disc_evt) for nrf_ble_gatts_c_on_db_disc_evt
    main.o(i.db_disc_handler) refers to main.o(.bss) for .bss
    main.o(i.gatts_evt_handler) refers to nrf_log_frontend.o(i.nrf_log_frontend_std_0) for nrf_log_frontend_std_0
    main.o(i.gatts_evt_handler) refers to nrf_log_frontend.o(i.nrf_log_frontend_std_1) for nrf_log_frontend_std_1
    main.o(i.gatts_evt_handler) refers to nrf_ble_gatts_c.o(i.nrf_ble_gatts_c_handles_assign) for nrf_ble_gatts_c_handles_assign
    main.o(i.gatts_evt_handler) refers to app_error.o(i.app_error_handler_bare) for app_error_handler_bare
    main.o(i.gatts_evt_handler) refers to peer_manager.o(i.pm_peer_id_get) for pm_peer_id_get
    main.o(i.gatts_evt_handler) refers to memcpya.o(.text) for __aeabi_memcpy
    main.o(i.gatts_evt_handler) refers to peer_manager.o(i.pm_peer_data_remote_db_store) for pm_peer_data_remote_db_store
    main.o(i.gatts_evt_handler) refers to fds.o(i.fds_gc) for fds_gc
    main.o(i.gatts_evt_handler) refers to nrf_ble_gatts_c.o(i.nrf_ble_gatts_c_enable_indication) for nrf_ble_gatts_c_enable_indication
    main.o(i.gatts_evt_handler) refers to nrf_log_frontend.o(log_dynamic_data) for m_nrf_log_app_logs_data_dynamic
    main.o(i.gatts_evt_handler) refers to main.o(.conststring) for .conststring
    main.o(i.gatts_evt_handler) refers to main.o(.bss) for .bss
    main.o(i.main) refers to main.o(i.modules_init) for modules_init
    main.o(i.main) refers to nrf_log_frontend.o(i.nrf_log_frontend_std_0) for nrf_log_frontend_std_0
    main.o(i.main) refers to app_adv.o(i.advertising_start) for advertising_start
    main.o(i.main) refers to nrf_log_frontend.o(i.nrf_log_frontend_dequeue) for nrf_log_frontend_dequeue
    main.o(i.main) refers to nrf_pwr_mgmt.o(i.nrf_pwr_mgmt_run) for nrf_pwr_mgmt_run
    main.o(i.main) refers to nrf_log_frontend.o(log_dynamic_data) for m_nrf_log_app_logs_data_dynamic
    main.o(i.main) refers to main.o(.data) for .data
[...]
    pdb_raw_store                            0x0002cf4b   Thumb Code     8  peer_database.o(i.pdb_raw_store)
    pdb_write_buf_get                        0x0002cf55   Thumb Code   190  peer_database.o(i.pdb_write_buf_get)
    pdb_write_buf_release                    0x0002d019   Thumb Code    40  peer_database.o(i.pdb_write_buf_release)
    pdb_write_buf_store                      0x0002d041   Thumb Code    40  peer_database.o(i.pdb_write_buf_store)
    pdb_write_buf_store_prepare              0x0002d069   Thumb Code    98  peer_database.o(i.pdb_write_buf_store_prepare)
    pds_init                                 0x0002d0e1   Thumb Code    98  peer_data_storage.o(i.pds_init)
    pds_next_deleted_peer_id_get             0x0002d14d   Thumb Code     4  peer_data_storage.o(i.pds_next_deleted_peer_id_get)
    pds_next_peer_id_get                     0x0002d151   Thumb Code     4  peer_data_storage.o(i.pds_next_peer_id_get)
    pds_peer_data_iterate                    0x0002d155   Thumb Code    84  peer_data_storage.o(i.pds_peer_data_iterate)
    pds_peer_data_iterate_prepare            0x0002d1ad   Thumb Code    10  peer_data_storage.o(i.pds_peer_data_iterate_prepare)
    pds_peer_data_read                       0x0002d1bd   Thumb Code   104  peer_data_storage.o(i.pds_peer_data_read)
    pds_peer_data_store                      0x0002d225   Thumb Code   150  peer_data_storage.o(i.pds_peer_data_store)
    pds_peer_id_allocate                     0x0002d2bb   Thumb Code     8  peer_data_storage.o(i.pds_peer_id_allocate)
    pds_peer_id_free                         0x0002d2c3   Thumb Code    22  peer_data_storage.o(i.pds_peer_id_free)
    pds_peer_id_is_allocated                 0x0002d2d9   Thumb Code     4  peer_data_storage.o(i.pds_peer_id_is_allocated)
    pds_space_reserve                        0x0002d2dd   Thumb Code    46  peer_data_storage.o(i.pds_space_reserve)
    pds_space_reserve_cancel                 0x0002d30b   Thumb Code    16  peer_data_storage.o(i.pds_space_reserve_cancel)
    peer_id_allocate                         0x0002d415   Thumb Code     6  peer_id.o(i.peer_id_allocate)
    peer_id_delete                           0x0002d421   Thumb Code    32  peer_id.o(i.peer_id_delete)
    peer_id_free                             0x0002d445   Thumb Code    24  peer_id.o(i.peer_id_free)
    peer_id_get_next_deleted                 0x0002d461   Thumb Code     6  peer_id.o(i.peer_id_get_next_deleted)
    peer_id_get_next_used                    0x0002d46d   Thumb Code    42  peer_id.o(i.peer_id_get_next_used)
    peer_id_init                             0x0002d49d   Thumb Code    36  peer_id.o(i.peer_id_init)
    peer_id_is_allocated                     0x0002d4c5   Thumb Code    16  peer_id.o(i.peer_id_is_allocated)
    peer_id_is_deleted                       0x0002d4d9   Thumb Code    16  peer_id.o(i.peer_id_is_deleted)
    peer_manager_init                        0x0002d509   Thumb Code   116  main.o(i.peer_manager_init)
    pm_buffer_block_acquire                  0x0002d5c9   Thumb Code    92  pm_buffer.o(i.pm_buffer_block_acquire)
    pm_buffer_init                           0x0002d625   Thumb Code    64  pm_buffer.o(i.pm_buffer_init)
    pm_buffer_ptr_get                        0x0002d665   Thumb Code    40  pm_buffer.o(i.pm_buffer_ptr_get)
    pm_buffer_release                        0x0002d68d   Thumb Code    46  pm_buffer.o(i.pm_buffer_release)
    pm_conn_sec_config_reply                 0x0002d6bb   Thumb Code    10  peer_manager.o(i.pm_conn_sec_config_reply)
    pm_gcm_evt_handler                       0x0002d8d9   Thumb Code     4  peer_manager.o(i.pm_gcm_evt_handler)
    pm_im_evt_handler                        0x0002d8dd   Thumb Code     4  peer_manager.o(i.pm_im_evt_handler)
    pm_init                                  0x0002d8e1   Thumb Code    70  peer_manager.o(i.pm_init)
    pm_mutex_init                            0x0002d92d   Thumb Code    14  pm_mutex.o(i.pm_mutex_init)
    pm_mutex_lock                            0x0002d93b   Thumb Code    26  pm_mutex.o(i.pm_mutex_lock)
    pm_mutex_lock_first_available            0x0002d955   Thumb Code    54  pm_mutex.o(i.pm_mutex_lock_first_available)
    pm_mutex_lock_status_get                 0x0002d98b   Thumb Code    24  pm_mutex.o(i.pm_mutex_lock_status_get)
    pm_mutex_unlock                          0x0002d9a3   Thumb Code    58  pm_mutex.o(i.pm_mutex_unlock)
    pm_pdb_evt_handler                       0x0002d9dd   Thumb Code   276  peer_manager.o(i.pm_pdb_evt_handler)
    pm_peer_data_load                        0x0002daf5   Thumb Code    96  peer_manager.o(i.pm_peer_data_load)
    pm_peer_data_remote_db_load              0x0002db59   Thumb Code    10  peer_manager.o(i.pm_peer_data_remote_db_load)
    pm_peer_data_remote_db_store             0x0002db63   Thumb Code    16  peer_manager.o(i.pm_peer_data_remote_db_store)
    pm_peer_data_store                       0x0002db75   Thumb Code   114  peer_manager.o(i.pm_peer_data_store)
    pm_peer_delete                           0x0002dbed   Thumb Code    14  peer_manager.o(i.pm_peer_delete)
    pm_peer_id_get                           0x0002dc01   Thumb Code    30  peer_manager.o(i.pm_peer_id_get)
    pm_peer_ranks_get                        0x0002dc25   Thumb Code   176  peer_manager.o(i.pm_peer_ranks_get)
    pm_peers_delete                          0x0002dcdd   Thumb Code    98  peer_manager.o(i.pm_peers_delete)
    pm_register                              0x0002dd45   Thumb Code    34  peer_manager.o(i.pm_register)
    pm_sec_params_set                        0x0002dd71   Thumb Code    14  peer_manager.o(i.pm_sec_params_set)
    pm_sm_evt_handler                        0x0002dd85   Thumb Code    10  peer_manager.o(i.pm_sm_evt_handler)
    sm_ble_evt_handler                       0x0002e8f1   Thumb Code    22  security_manager.o(i.sm_ble_evt_handler)
    sm_conn_sec_config_reply                 0x0002e911   Thumb Code     4  security_manager.o(i.sm_conn_sec_config_reply)
    sm_init                                  0x0002e915   Thumb Code    70  security_manager.o(i.sm_init)
    sm_pdb_evt_handler                       0x0002e961   Thumb Code    76  security_manager.o(i.sm_pdb_evt_handler)
    sm_sec_params_set                        0x0002e9b9   Thumb Code    46  security_manager.o(i.sm_sec_params_set)
    sm_smd_evt_handler                       0x0002e9ed   Thumb Code    92  security_manager.o(i.sm_smd_evt_handler)
    smd_ble_evt_handler                      0x0002ea4d   Thumb Code   234  security_dispatcher.o(i.smd_ble_evt_handler)
    smd_conn_sec_config_reply                0x0002eb41   Thumb Code    10  security_dispatcher.o(i.smd_conn_sec_config_reply)
    smd_init                                 0x0002eb51   Thumb Code    84  security_dispatcher.o(i.smd_init)
    smd_link_secure                          0x0002eba9   Thumb Code    34  security_dispatcher.o(i.smd_link_secure)
    smd_params_reply                         0x0002ebcd   Thumb Code   242  security_dispatcher.o(i.smd_params_reply)
    write_buf_store                          0x0002f5d5   Thumb Code   124  peer_database.o(i.write_buf_store)
    nrf_fstorage_sd                          0x0002fbc0   Data          32  nrf_fstorage_sd.o(.constdata)
    nrf_log_backend_uart_api                 0x0002fd40   Data          12  nrf_log_backend_uart.o(.constdata)
    m_ram_start                              0x0002fde4   Data           4  nrf_sdh_ble.o(.constdata)
    __ctype_table                            0x0002fe10   Data         129  ctype_o.o(.constdata)
    Region$$Table$$Base                      0x00030710   Number         0  anon$$obj.o(Region$$Table)
    Region$$Table$$Limit                     0x00030730   Number         0  anon$$obj.o(Region$$Table)
    log_const_data$$Base                     0x00030730   Number         0  ble_db_discovery.o(log_const_data)
    m_nrf_log_ble_db_disc_logs_data_const    0x00030730   Data           8  ble_db_discovery.o(log_const_data)
    m_nrf_log_nrf_ble_gatt_logs_data_const   0x00030738   Data           8  nrf_ble_gatt.o(log_const_data)
    m_nrf_log_nrf_ble_gatts_c_logs_data_const 0x00030740   Data           8  nrf_ble_gatts_c.o(log_const_data)
    m_nrf_log_clock_logs_data_const          0x00030748   Data           8  nrf_drv_clock.o(log_const_data)
    m_nrf_log_CLOCK_logs_data_const          0x00030750   Data           8  nrfx_clock.o(log_const_data)
    m_nrf_log_GPIOTE_logs_data_const         0x00030758   Data           8  nrfx_gpiote.o(log_const_data)
    m_nrf_log_PRS_logs_data_const            0x00030760   Data           8  nrfx_prs.o(log_const_data)
    m_nrf_log_UART_logs_data_const           0x00030768   Data           8  nrfx_uart.o(log_const_data)
    m_nrf_log_UARTE_logs_data_const          0x00030770   Data           8  nrfx_uarte.o(log_const_data)
    m_nrf_log_atfifo_m_queue_logs_data_const 0x00030778   Data           8  fds.o(log_const_data)
    m_nrf_log_nrf_fstorage_logs_data_const   0x00030780   Data           8  nrf_fstorage.o(log_const_data)
    m_nrf_log_atfifo_m_fifo_logs_data_const  0x00030788   Data           8  nrf_fstorage_sd.o(log_const_data)
    m_nrf_log_pwr_mgmt_logs_data_const       0x00030790   Data           8  nrf_pwr_mgmt.o(log_const_data)
    m_nrf_log_balloc_log_mempool_logs_data_const 0x00030798   Data           8  nrf_log_frontend.o(log_const_data)
    m_nrf_log_app_logs_data_const            0x000307a0   Data           8  nrf_log_frontend.o(log_const_data)
    m_nrf_log_nrf_sdh_logs_data_const        0x000307a8   Data           8  nrf_sdh.o(log_const_data)
    m_nrf_log_nrf_sdh_ble_logs_data_const    0x000307b0   Data           8  nrf_sdh_ble.o(log_const_data)
    m_nrf_log_nrf_sdh_soc_logs_data_const    0x000307b8   Data           8  nrf_sdh_soc.o(log_const_data)
    log_const_data$$Limit                    0x000307c0   Number         0  nrf_sdh_soc.o(log_const_data)
    log_mempool                              0x000307c0   Data          24  nrf_log_frontend.o(nrf_balloc)
    sdh_ble_observers0$$Base                 0x000307d8   Number         0  ble_conn_state.o(sdh_ble_observers0)
    sdh_ble_observers0$$Limit                0x000307e0   Number         0  ble_conn_state.o(sdh_ble_observers0)
    sdh_ble_observers1$$Base                 0x000307e0   Number         0  app_adv.o(sdh_ble_observers1)
    sdh_ble_observers1$$Limit                0x00030808   Number         0  peer_manager.o(sdh_ble_observers1)
    sdh_ble_observers2$$Base                 0x00030808   Number         0  main.o(sdh_ble_observers2)
    sdh_ble_observers2$$Limit                0x00030818   Number         0  main.o(sdh_ble_observers2)
    sdh_ble_observers3$$Base                 0x00030818   Number         0  main.o(sdh_ble_observers3)
    m_req_obs                                0x00030820   Data           8  nrf_fstorage_sd.o(sdh_req_observers0)
    sdh_ble_observers3$$Limit                0x00030820   Number         0  main.o(sdh_ble_observers3)
    sdh_req_observers0$$Base                 0x00030820   Number         0  nrf_fstorage_sd.o(sdh_req_observers0)
    sdh_req_observers0$$Limit                0x00030828   Number         0  nrf_fstorage_sd.o(sdh_req_observers0)
    sdh_soc_observers0$$Base                 0x00030828   Number         0  nrf_drv_clock.o(sdh_soc_observers0)
    sdh_soc_observers0$$Limit                0x00030838   Number         0  nrf_fstorage_sd.o(sdh_soc_observers0)
    sdh_soc_observers1$$Base                 0x00030838   Number         0  app_adv.o(sdh_soc_observers1)
    sdh_soc_observers1$$Limit                0x00030840   Number         0  app_adv.o(sdh_soc_observers1)
    sdh_stack_observers0$$Base               0x00030840   Number         0  nrf_sdh_ble.o(sdh_stack_observers0)
    sdh_stack_observers0$$Limit              0x00030850   Number         0  nrf_sdh_soc.o(sdh_stack_observers0)
    sdh_state_observers0$$Base               0x00030850   Number         0  nrf_drv_clock.o(sdh_state_observers0)
    sdh_state_observers0$$Limit              0x00030860   Number         0  nrf_fstorage_sd.o(sdh_state_observers0)
    Image$$RW_IRAM1$$Base                    0x20002218   Number         0  anon$$obj.o ABSOLUTE
    nrf_drv_uart_use_easy_dma                0x20002568   Data           1  nrf_drv_uart.o(.data)
    m_uart                                   0x20002628   Data          20  nrf_log_backend_uart.o(.data)
    SystemCoreClock                          0x2000269c   Data           4  system_nrf52.o(.data)
    fs_data$$Base                            0x200026a0   Number         0  fds.o(fs_data)
    m_fs                                     0x200026a0   Data          20  fds.o(fs_data)
    fs_data$$Limit                           0x200026b4   Number         0  fds.o(fs_data)
    log_dynamic_data$$Base                   0x200026b4   Number         0  ble_db_discovery.o(log_dynamic_data)
    m_nrf_log_ble_db_disc_logs_data_dynamic  0x200026b4   Data           4  ble_db_discovery.o(log_dynamic_data)
    m_nrf_log_nrf_ble_gatt_logs_data_dynamic 0x200026b8   Data           4  nrf_ble_gatt.o(log_dynamic_data)
    m_nrf_log_nrf_ble_gatts_c_logs_data_dynamic 0x200026bc   Data           4  nrf_ble_gatts_c.o(log_dynamic_data)
    m_nrf_log_clock_logs_data_dynamic        0x200026c0   Data           4  nrf_drv_clock.o(log_dynamic_data)
    m_nrf_log_CLOCK_logs_data_dynamic        0x200026c4   Data           4  nrfx_clock.o(log_dynamic_data)
    m_nrf_log_GPIOTE_logs_data_dynamic       0x200026c8   Data           4  nrfx_gpiote.o(log_dynamic_data)
    m_nrf_log_PRS_logs_data_dynamic          0x200026cc   Data           4  nrfx_prs.o(log_dynamic_data)
    m_nrf_log_UART_logs_data_dynamic         0x200026d0   Data           4  nrfx_uart.o(log_dynamic_data)
    m_nrf_log_UARTE_logs_data_dynamic        0x200026d4   Data           4  nrfx_uarte.o(log_dynamic_data)
    m_nrf_log_atfifo_m_queue_logs_data_dynamic 0x200026d8   Data           4  fds.o(log_dynamic_data)
    m_nrf_log_nrf_fstorage_logs_data_dynamic 0x200026dc   Data           4  nrf_fstorage.o(log_dynamic_data)
    m_nrf_log_atfifo_m_fifo_logs_data_dynamic 0x200026e0   Data           4  nrf_fstorage_sd.o(log_dynamic_data)
    m_nrf_log_pwr_mgmt_logs_data_dynamic     0x200026e4   Data           4  nrf_pwr_mgmt.o(log_dynamic_data)
    m_nrf_log_balloc_log_mempool_logs_data_dynamic 0x200026e8   Data           4  nrf_log_frontend.o(log_dynamic_data)
    m_nrf_log_app_logs_data_dynamic          0x200026ec   Data           4  nrf_log_frontend.o(log_dynamic_data)
    m_nrf_log_nrf_sdh_logs_data_dynamic      0x200026f0   Data           4  nrf_sdh.o(log_dynamic_data)
    m_nrf_log_nrf_sdh_ble_logs_data_dynamic  0x200026f4   Data           4  nrf_sdh_ble.o(log_dynamic_data)
    m_nrf_log_nrf_sdh_soc_logs_data_dynamic  0x200026f8   Data           4  nrf_sdh_soc.o(log_dynamic_data)
    nrf_nvic_state                           0x200030a4   Data          12  app_util_platform.o(.bss)
    __initial_sp                             0x20005760   Data           0  arm_startup_nrf52.o(STACK)



==============================================================================

Memory Map of the image

  Image Entry point : 0x00026201

  Load Region LR_IROM1 (Base: 0x00026000, Size: 0x0000ad44, Max: 0x0005a000, ABSOLUTE, COMPRESSED[0x0000a8c4])

    Execution Region ER_IROM1 (Base: 0x00026000, Size: 0x0000a860, Max: 0x0005a000, ABSOLUTE)

    Base Addr    Size         Type   Attr      Idx    E Section Name        Object

    0x00026000   0x00000200   Data   RO         6577    RESET               arm_startup_nrf52.o
    0x00026200   0x00000000   Code   RO         6618  * .ARM.Collect$$$$00000000  mc_w.l(entry.o)
    0x00026200   0x00000004   Code   RO         6672    .ARM.Collect$$$$00000001  mc_w.l(entry2.o)
    0x00026204   0x00000004   Code   RO         6675    .ARM.Collect$$$$00000004  mc_w.l(entry5.o)
    0x00026208   0x00000000   Code   RO         6677    .ARM.Collect$$$$00000008  mc_w.l(entry7b.o)
    0x00026208   0x00000000   Code   RO         6679    .ARM.Collect$$$$0000000A  mc_w.l(entry8b.o)
    0x00026208   0x00000008   Code   RO         6680    .ARM.Collect$$$$0000000B  mc_w.l(entry9a.o)
    0x00026210   0x00000000   Code   RO         6682    .ARM.Collect$$$$0000000D  mc_w.l(entry10a.o)
    0x00026210   0x00000000   Code   RO         6684    .ARM.Collect$$$$0000000F  mc_w.l(entry11a.o)
    0x00026210   0x00000004   Code   RO         6673    .ARM.Collect$$$$00002712  mc_w.l(entry2.o)
    0x00026214   0x000000c8   Code   RO         4790    .emb_text           nrf_atfifo.o
    0x000262dc   0x000000e2   Code   RO         4926    .emb_text           nrf_atomic.o
    0x000263be   0x00000002   PAD
    0x000263c0   0x00000024   Code   RO         6578    .text               arm_startup_nrf52.o
    0x000263e4   0x00000062   Code   RO         6626    .text               mc_w.l(uldiv.o)
    0x00026446   0x0000001e   Code   RO         6628    .text               mc_w.l(llshl.o)
    0x00026464   0x00000008   Code   RO         6630    .text               mc_w.l(ctype_o.o)
    0x0002646c   0x00000024   Code   RO         6658    .text               mc_w.l(memcpya.o)
    0x00026490   0x00000024   Code   RO         6660    .text               mc_w.l(memseta.o)
    0x000264b4   0x0000000e   Code   RO         6662    .text               mc_w.l(strlen.o)
    0x000264c2   0x0000001a   Code   RO         6666    .text               mc_w.l(memcmp.o)
    0x000264dc   0x00000020   Code   RO         6687    .text               mc_w.l(llushr.o)
    0x000264fc   0x00000024   Code   RO         6690    .text               mc_w.l(init.o)
    0x00026520   0x00000056   Code   RO         6700    .text               mc_w.l(__dczerorl2.o)
    0x00026576   0x00000002   PAD
    0x00026578   0x00000164   Code   RO         3248    i.GPIOTE_IRQHandler  nrfx_gpiote.o
    0x000266dc   0x00000016   Code   RO         4157    i.NVIC_ClearPendingIRQ  app_timer.o
    0x000266f2   0x00000016   Code   RO         4158    i.NVIC_EnableIRQ    app_timer.o
    0x00026708   0x00000016   Code   RO         4159    i.NVIC_SetPendingIRQ  app_timer.o
    0x0002671e   0x00000020   Code   RO         4160    i.NVIC_SetPriority  app_timer.o
    0x0002673e   0x00000002   PAD
    0x00026740   0x00000058   Code   RO         3116    i.POWER_CLOCK_IRQHandler  nrfx_clock.o
    0x00026798   0x00000024   Code   RO         4161    i.RTC1_IRQHandler   app_timer.o
    0x000267bc   0x00000004   Code   RO         4162    i.SWI0_EGU0_IRQHandler  app_timer.o
    0x000267c0   0x00000004   Code   RO         6364    i.SWI2_EGU2_IRQHandler  nrf_sdh.o
    0x000267c4   0x0000031c   Code   RO         6586    i.SystemInit        system_nrf52.o
    0x00026ae0   0x0000000c   Code   RO         3547    i.UARTE0_UART0_IRQHandler  nrfx_prs.o
    0x00026aec   0x0000000e   Code   RO         6694    i.__scatterload_copy  mc_w.l(handlers.o)
    0x00026afa   0x00000002   Code   RO         6695    i.__scatterload_null  mc_w.l(handlers.o)
    0x00026afc   0x0000000e   Code   RO         6696    i.__scatterload_zeroinit  mc_w.l(handlers.o)
    0x00026b0a   0x00000002   PAD
    0x00026b0c   0x00000024   Code   RO         6365    i.__sd_nvic_app_accessible_irq  nrf_sdh.o
    0x00026b30   0x00000016   Code   RO         6366    i.__sd_nvic_is_app_accessible_priority  nrf_sdh.o
    0x00026b46   0x00000026   Code   RO         1461    i.addr_compare      id_manager.o
    0x00026b6c   0x0000000c   Code   RO         5178    i.addr_is_aligned32  nrf_fstorage.o
    0x00026b78   0x00000018   Code   RO         5179    i.addr_is_within_bounds  nrf_fstorage.o
    0x00026b90   0x00000036   Code   RO          672    i.advertising_buttons_configure  bsp_btn_ble.o
    0x00026bc6   0x00000002   PAD
    0x00026bc8   0x00000054   Code   RO            4    i.advertising_init  app_adv.o
    0x00026c1c   0x00000048   Code   RO            5    i.advertising_start  app_adv.o
    0x00026c64   0x00000052   Code   RO         1462    i.ah                id_manager.o
    0x00026cb6   0x00000002   PAD
    0x00026cb8   0x0000000c   Code   RO         2562    i.allow_repairing   security_dispatcher.o
    0x00026cc4   0x00000024   Code   RO         3939    i.app_button_enable  app_button.o
    0x00026ce8   0x00000078   Code   RO         3940    i.app_button_init   app_button.o
    0x00026d60   0x0000007c   Code   RO         4063    i.app_error_fault_handler  app_error_weak.o
    0x00026ddc   0x00000016   Code   RO         4003    i.app_error_handler_bare  app_error.o
    0x00026df2   0x00000002   PAD
    0x00026df4   0x00000024   Code   RO         4165    i.app_timer_create  app_timer.o
    0x00026e18   0x00000054   Code   RO         4166    i.app_timer_init    app_timer.o
    0x00026e6c   0x00000088   Code   RO         4169    i.app_timer_start   app_timer.o
    0x00026ef4   0x00000020   Code   RO         4170    i.app_timer_stop    app_timer.o
    0x00026f14   0x00000048   Code   RO         4330    i.app_util_critical_region_enter  app_util_platform.o
    0x00026f5c   0x00000034   Code   RO         4331    i.app_util_critical_region_exit  app_util_platform.o
    0x00026f90   0x00000088   Code   RO         3598    i.apply_config      nrfx_uart.o
    0x00027018   0x00000088   Code   RO         3786    i.apply_config      nrfx_uarte.o
    0x000270a0   0x00000004   Code   RO         1260    i.apply_pending_handle  gatt_cache_manager.o
    0x000270a4   0x000000d0   Code   RO         2563    i.auth_status_success_process  security_dispatcher.o
    0x00027174   0x00000182   Code   RO          719    i.ble_advdata_encode  ble_advdata.o
    0x000272f6   0x00000020   Code   RO          721    i.ble_advdata_parse  ble_advdata.o
    0x00027316   0x00000038   Code   RO          722    i.ble_advdata_search  ble_advdata.o
    0x0002734e   0x00000006   Code   RO          825    i.ble_advertising_conn_cfg_tag_set  ble_advertising.o
    0x00027354   0x000000fa   Code   RO          826    i.ble_advertising_init  ble_advertising.o
    0x0002744e   0x0000006a   Code   RO          828    i.ble_advertising_on_ble_evt  ble_advertising.o
    0x000274b8   0x00000030   Code   RO          829    i.ble_advertising_on_sys_evt  ble_advertising.o
    0x000274e8   0x00000236   Code   RO          832    i.ble_advertising_start  ble_advertising.o
    0x0002771e   0x00000002   PAD
    0x00027720   0x00000020   Code   RO          925    i.ble_conn_state_encrypted  ble_conn_state.o
    0x00027740   0x0000002c   Code   RO          927    i.ble_conn_state_for_each_set_user_flag  ble_conn_state.o
    0x0002776c   0x00000024   Code   RO          932    i.ble_conn_state_role  ble_conn_state.o
    0x00027790   0x00000018   Code   RO          934    i.ble_conn_state_user_flag_acquire  ble_conn_state.o
    0x000277a8   0x00000030   Code   RO          935    i.ble_conn_state_user_flag_get  ble_conn_state.o
    0x000277d8   0x00000040   Code   RO          936    i.ble_conn_state_user_flag_set  ble_conn_state.o
    0x00027818   0x00000014   Code   RO          937    i.ble_conn_state_valid  ble_conn_state.o
    0x0002782c   0x00000040   Code   RO         1082    i.ble_db_discovery_evt_register  ble_db_discovery.o
    0x0002786c   0x0000001c   Code   RO         1083    i.ble_db_discovery_init  ble_db_discovery.o
    0x00027888   0x00000090   Code   RO         1084    i.ble_db_discovery_on_ble_evt  ble_db_discovery.o
    0x00027918   0x00000028   Code   RO         1085    i.ble_db_discovery_start  ble_db_discovery.o
    0x00027940   0x00000060   Code   RO          725    i.ble_device_addr_encode  ble_advdata.o
    0x000279a0   0x000000b8   Code   RO          291    i.ble_evt_handler   main.o
    0x00027a58   0x00000034   Code   RO          673    i.ble_evt_handler   bsp_btn_ble.o
    0x00027a8c   0x00000104   Code   RO          938    i.ble_evt_handler   ble_conn_state.o
    0x00027b90   0x00000028   Code   RO         2186    i.ble_evt_handler   peer_manager.o
    0x00027bb8   0x00000020   Code   RO          423    i.bsp_board_button_state_get  boards.o
    0x00027bd8   0x00000040   Code   RO          424    i.bsp_board_init    boards.o
    0x00027c18   0x00000024   Code   RO          426    i.bsp_board_led_invert  boards.o
    0x00027c3c   0x00000010   Code   RO          427    i.bsp_board_led_off  boards.o
    0x00027c4c   0x00000010   Code   RO          428    i.bsp_board_led_on  boards.o
    0x00027c5c   0x00000020   Code   RO          429    i.bsp_board_led_state_get  boards.o
    0x00027c7c   0x00000006   Code   RO          430    i.bsp_board_leds_off  boards.o
    0x00027c82   0x00000006   Code   RO          431    i.bsp_board_leds_on  boards.o
    0x00027c88   0x00000018   Code   RO          432    i.bsp_board_pin_to_button_idx  boards.o
    0x00027ca0   0x00000038   Code   RO          674    i.bsp_btn_ble_init  bsp_btn_ble.o
    0x00027cd8   0x00000070   Code   RO          555    i.bsp_button_event_handler  bsp.o
    0x00027d48   0x0000000a   Code   RO          556    i.bsp_button_is_pressed  bsp.o
    0x00027d52   0x00000002   PAD
    0x00027d54   0x00000034   Code   RO          559    i.bsp_event_to_button_action_assign  bsp.o
    0x00027d88   0x00000018   Code   RO          560    i.bsp_indication_set  bsp.o
    0x00027da0   0x00000088   Code   RO          561    i.bsp_init          bsp.o
    0x00027e28   0x0000019c   Code   RO          562    i.bsp_led_indication  bsp.o
    0x00027fc4   0x00000090   Code   RO         5763    i.buf_prealloc      nrf_log_frontend.o
    0x00028054   0x0000001e   Code   RO         5138    i.buffer_add        nrf_fprintf_format.o
    0x00028072   0x00000002   PAD
    0x00028074   0x00000014   Code   RO         5764    i.buffer_is_empty   nrf_log_frontend.o
    0x00028088   0x00000008   Code   RO          565    i.button_timer_handler  bsp.o
    0x00028090   0x0000001c   Code   RO         3249    i.channel_free      nrfx_gpiote.o
    0x000280ac   0x00000048   Code   RO         3250    i.channel_port_alloc  nrfx_gpiote.o
    0x000280f4   0x00000010   Code   RO         3251    i.channel_port_get  nrfx_gpiote.o
    0x00028104   0x00000042   Code   RO         1086    i.characteristics_discover  ble_db_discovery.o
    0x00028146   0x00000038   Code   RO         2096    i.claim             peer_id.o
    0x0002817e   0x00000002   PAD
    0x00028180   0x00000028   Code   RO         2918    i.clock_clk_started_notify  nrf_drv_clock.o
    0x000281a8   0x0000001c   Code   RO         2919    i.clock_irq_handler  nrf_drv_clock.o
    0x000281c4   0x000000ac   Code   RO         4172    i.compare_reg_update  app_timer.o
    0x00028270   0x0000003e   Code   RO          939    i.conn_handle_list_get  ble_conn_state.o
    0x000282ae   0x00000088   Code   RO          726    i.conn_int_encode   ble_advdata.o
    0x00028336   0x00000002   PAD
    0x00028338   0x00000044   Code   RO         2564    i.conn_sec_failure  security_dispatcher.o
    0x0002837c   0x000000bc   Code   RO         1649    i.data_length_update  nrf_ble_gatt.o
    0x00028438   0x0000000c   Code   RO          292    i.db_disc_handler   main.o
    0x00028444   0x00000080   Code   RO         1261    i.db_update_pending_handle  gatt_cache_manager.o
    0x000284c4   0x00000080   Code   RO         4425    i.delete_execute    fds.o
    0x00028544   0x0000008c   Code   RO         1087    i.descriptors_discover  ble_db_discovery.o
    0x000285d0   0x00000098   Code   RO         3942    i.detection_delay_timeout_handler  app_button.o
    0x00028668   0x00000090   Code   RO         1088    i.discovery_complete_evt_trigger  ble_db_discovery.o
    0x000286f8   0x0000003c   Code   RO         1089    i.discovery_error_evt_trigger  ble_db_discovery.o
    0x00028734   0x0000005c   Code   RO         1090    i.discovery_start   ble_db_discovery.o
    0x00028790   0x00000014   Code   RO         5766    i.dropped_sat16_get  nrf_log_frontend.o
    0x000287a4   0x00000040   Code   RO         4173    i.elapsed_ticks_acquire  app_timer.o
    0x000287e4   0x0000000a   Code   RO         2565    i.encryption_failure  security_dispatcher.o
    0x000287ee   0x00000002   PAD
    0x000287f0   0x0000004c   Code   RO         5262    i.erase             nrf_fstorage_sd.o
    0x0002883c   0x00000074   Code   RO         4426    i.event_prepare     fds.o
    0x000288b0   0x00000020   Code   RO         4427    i.event_send        fds.o
    0x000288d0   0x00000054   Code   RO         5263    i.event_send        nrf_fstorage_sd.o
    0x00028924   0x00000074   Code   RO         2695    i.events_send_from_err_code  security_manager.o
    0x00028998   0x0000001c   Code   RO         1262    i.evt_send          gatt_cache_manager.o
    0x000289b4   0x0000002c   Code   RO         2187    i.evt_send          peer_manager.o
    0x000289e0   0x0000001c   Code   RO         2566    i.evt_send          security_dispatcher.o
    0x000289fc   0x0000000c   Code   RO         2696    i.evt_send          security_manager.o
    0x00028a08   0x00000002   Code   RO          293    i.fds_evt_handler   main.o
    0x00028a0a   0x00000002   PAD
    0x00028a0c   0x000000cc   Code   RO         1789    i.fds_evt_handler   peer_data_storage.o
    0x00028ad8   0x00000044   Code   RO         4429    i.fds_file_delete   fds.o
    0x00028b1c   0x0000003c   Code   RO         4430    i.fds_gc            fds.o
    0x00028b58   0x000000d0   Code   RO         4431    i.fds_init          fds.o
    0x00028c28   0x00000040   Code   RO         4432    i.fds_record_close  fds.o
    0x00028c68   0x0000000e   Code   RO         4434    i.fds_record_find   fds.o
    0x00028c76   0x00000010   Code   RO         4435    i.fds_record_find_by_key  fds.o
    0x00028c86   0x00000010   Code   RO         4436    i.fds_record_find_in_file  fds.o
    0x00028c96   0x00000010   Code   RO         4437    i.fds_record_id_from_desc  fds.o
    0x00028ca6   0x00000002   PAD
    0x00028ca8   0x00000048   Code   RO         4439    i.fds_record_open   fds.o
    0x00028cf0   0x0000000e   Code   RO         4440    i.fds_record_update  fds.o
    0x00028cfe   0x00000008   Code   RO         4441    i.fds_record_write  fds.o
    0x00028d06   0x0000000c   Code   RO         4442    i.fds_record_write_reserved  fds.o
    0x00028d12   0x00000002   PAD
    0x00028d14   0x0000002c   Code   RO         4443    i.fds_register      fds.o
    0x00028d40   0x00000030   Code   RO         4444    i.fds_reserve       fds.o
    0x00028d70   0x00000048   Code   RO         4445    i.fds_reserve_cancel  fds.o
    0x00028db8   0x00000014   Code   RO         1790    i.file_id_within_pm_range  peer_data_storage.o
    0x00028dcc   0x00000012   Code   RO         2567    i.flag_id_init      security_dispatcher.o
    0x00028dde   0x00000012   Code   RO         2697    i.flag_id_init      security_manager.o
    0x00028df0   0x00000028   Code   RO          834    i.flags_set         ble_advertising.o
    0x00028e18   0x00000054   Code   RO         2698    i.flags_set_from_err_code  security_manager.o
    0x00028e6c   0x00000030   Code   RO          940    i.for_each_set_flag  ble_conn_state.o
    0x00028e9c   0x00000006   Code   RO         4447    i.fs_event_handler  fds.o
    0x00028ea2   0x00000002   PAD
    0x00028ea4   0x0000016c   Code   RO          294    i.gatts_evt_handler  main.o
    0x00029010   0x0000000a   Code   RO         2840    i.gatts_gatt_handles_are_valid  nrf_ble_gatts_c.o
    0x0002901a   0x00000002   PAD
    0x0002901c   0x00000074   Code   RO         4448    i.gc_execute        fds.o
    0x00029090   0x0000004c   Code   RO         4449    i.gc_next_page      fds.o
    0x000290dc   0x00000040   Code   RO         4450    i.gc_page_erase     fds.o
    0x0002911c   0x00000034   Code   RO         4451    i.gc_record_copy    fds.o
    0x00029150   0x00000024   Code   RO         4452    i.gc_record_find_next  fds.o
    0x00029174   0x00000088   Code   RO         4453    i.gc_state_advance  fds.o
    0x000291fc   0x0000009c   Code   RO         1263    i.gcm_ble_evt_handler  gatt_cache_manager.o
    0x00029298   0x00000030   Code   RO         1264    i.gcm_im_evt_handler  gatt_cache_manager.o
    0x000292c8   0x00000050   Code   RO         1265    i.gcm_init          gatt_cache_manager.o
    0x00029318   0x00000078   Code   RO         1268    i.gcm_pdb_evt_handler  gatt_cache_manager.o
    0x00029390   0x00000038   Code   RO         1463    i.get_connection_by_conn_handle  id_manager.o
    0x000293c8   0x00000030   Code   RO         1464    i.get_free_connection  id_manager.o
    0x000293f8   0x00000084   Code   RO         3943    i.gpiote_event_handler  app_button.o
    0x0002947c   0x0000001c   Code   RO         1385    i.gscm_db_change_notification_done  gatts_cache_manager.o
    0x00029498   0x00000014   Code   RO         1386    i.gscm_init         gatts_cache_manager.o
    0x000294ac   0x0000006a   Code   RO         1388    i.gscm_local_db_cache_apply  gatts_cache_manager.o
    0x00029516   0x00000082   Code   RO         1389    i.gscm_local_db_cache_update  gatts_cache_manager.o
    0x00029598   0x00000018   Code   RO         1390    i.gscm_pdb_evt_handler  gatts_cache_manager.o
    0x000295b0   0x0000001e   Code   RO         1391    i.gscm_service_changed_ind_needed  gatts_cache_manager.o
    0x000295ce   0x00000002   PAD
    0x000295d0   0x00000038   Code   RO         1392    i.gscm_service_changed_ind_send  gatts_cache_manager.o
    0x00029608   0x00000026   Code   RO         4454    i.header_check      fds.o
    0x0002962e   0x00000012   Code   RO         4455    i.header_has_next   fds.o
    0x00029640   0x00000046   Code   RO         1465    i.im_address_resolve  id_manager.o
    0x00029686   0x00000002   PAD
    0x00029688   0x00000030   Code   RO         1466    i.im_ble_addr_get   id_manager.o
    0x000296b8   0x000000c8   Code   RO         1467    i.im_ble_evt_handler  id_manager.o
    0x00029780   0x0000002c   Code   RO         1468    i.im_conn_handle_get  id_manager.o
    0x000297ac   0x00000038   Code   RO         1470    i.im_find_duplicate_bonding_data  id_manager.o
    0x000297e4   0x00000040   Code   RO         1473    i.im_init           id_manager.o
    0x00029824   0x00000072   Code   RO         1474    i.im_is_duplicate_bonding_data  id_manager.o
    0x00029896   0x00000018   Code   RO         1475    i.im_master_id_is_valid  id_manager.o
    0x000298ae   0x0000002a   Code   RO         1476    i.im_master_ids_compare  id_manager.o
    0x000298d8   0x00000004   Code   RO         1477    i.im_new_peer_id    id_manager.o
    0x000298dc   0x00000026   Code   RO         1478    i.im_peer_free      id_manager.o
    0x00029902   0x00000002   PAD
    0x00029904   0x00000020   Code   RO         1479    i.im_peer_id_get_by_conn_handle  id_manager.o
    0x00029924   0x0000003c   Code   RO         1480    i.im_peer_id_get_by_master_id  id_manager.o
    0x00029960   0x00000034   Code   RO         5264    i.init              nrf_fstorage_sd.o
    0x00029994   0x000000c8   Code   RO         4456    i.init_execute      fds.o
    0x00029a5c   0x000000a6   Code   RO         5139    i.int_print         nrf_fprintf_format.o
    0x00029b02   0x00000002   PAD
    0x00029b04   0x00000080   Code   RO         3787    i.interrupts_enable  nrfx_uarte.o
    0x00029b84   0x0000004c   Code   RO         5767    i.invalid_packets_pushed_str_omit  nrf_log_frontend.o
    0x00029bd0   0x00000010   Code   RO         5265    i.is_busy           nrf_fstorage_sd.o
    0x00029be0   0x0000004c   Code   RO         1091    i.is_desc_discovery_reqd  ble_db_discovery.o
    0x00029c2c   0x00000014   Code   RO         1485    i.is_valid_irk      id_manager.o
    0x00029c40   0x0000000c   Code   RO         4457    i.is_word_aligned   fds.o
    0x00029c4c   0x00000014   Code   RO          567    i.leds_off          bsp.o
    0x00029c60   0x00000006   Code   RO          568    i.leds_timer_handler  bsp.o
    0x00029c66   0x00000014   Code   RO         1650    i.link_init         nrf_ble_gatt.o
    0x00029c7a   0x00000002   PAD
    0x00029c7c   0x000000b8   Code   RO         2699    i.link_secure       security_manager.o
    0x00029d34   0x0000008c   Code   RO         2568    i.link_secure_failure  security_dispatcher.o
    0x00029dc0   0x0000002c   Code   RO         2700    i.link_secure_pending_handle  security_manager.o
    0x00029dec   0x000000f8   Code   RO         4174    i.list_insertions_handler  app_timer.o
    0x00029ee4   0x00000068   Code   RO         1269    i.local_db_apply_in_evt  gatt_cache_manager.o
    0x00029f4c   0x00000010   Code   RO         1270    i.local_db_update   gatt_cache_manager.o
    0x00029f5c   0x00000032   Code   RO         2509    i.lock_by_mask      pm_mutex.o
    0x00029f8e   0x00000002   PAD
    0x00029f90   0x0000009c   Code   RO         5768    i.log_skip          nrf_log_frontend.o
    0x0002a02c   0x00000054   Code   RO          295    i.main              main.o
    0x0002a080   0x00000064   Code   RO          727    i.manuf_specific_data_encode  ble_advdata.o
    0x0002a0e4   0x00000076   Code   RO         5377    i.memobj_op         nrf_memobj.o
    0x0002a15a   0x00000002   PAD
    0x0002a15c   0x00000030   Code   RO         5769    i.module_idx_get    nrf_log_frontend.o
    0x0002a18c   0x00000144   Code   RO          296    i.modules_init      main.o
    0x0002a2d0   0x0000009c   Code   RO          728    i.name_encode       ble_advdata.o
    0x0002a36c   0x00000058   Code   RO         1486    i.new_connection    id_manager.o
    0x0002a3c4   0x00000014   Code   RO         2701    i.new_context_get   security_manager.o
    0x0002a3d8   0x00000030   Code   RO         2097    i.next_id_get       peer_id.o
    0x0002a408   0x00000010   Code   RO         4792    i.nrf_atfifo_clear  nrf_atfifo.o
    0x0002a418   0x00000026   Code   RO         4794    i.nrf_atfifo_init   nrf_atfifo.o
    0x0002a43e   0x00000016   Code   RO         4795    i.nrf_atfifo_item_alloc  nrf_atfifo.o
    0x0002a454   0x00000016   Code   RO         4796    i.nrf_atfifo_item_free  nrf_atfifo.o
    0x0002a46a   0x00000016   Code   RO         4797    i.nrf_atfifo_item_get  nrf_atfifo.o
    0x0002a480   0x00000016   Code   RO         4798    i.nrf_atfifo_item_put  nrf_atfifo.o
    0x0002a496   0x00000016   Code   RO         4860    i.nrf_atflags_clear  nrf_atflags.o
    0x0002a4ac   0x00000020   Code   RO         4862    i.nrf_atflags_fetch_set  nrf_atflags.o
    0x0002a4cc   0x0000004a   Code   RO         4864    i.nrf_atflags_find_and_set_flag  nrf_atflags.o
    0x0002a516   0x00000016   Code   RO         4865    i.nrf_atflags_get   nrf_atflags.o
    0x0002a52c   0x00000014   Code   RO         4867    i.nrf_atflags_set   nrf_atflags.o
    0x0002a540   0x00000006   Code   RO         4928    i.nrf_atomic_flag_clear_fetch  nrf_atomic.o
    0x0002a546   0x00000006   Code   RO         4929    i.nrf_atomic_flag_set  nrf_atomic.o
    0x0002a54c   0x00000006   Code   RO         4930    i.nrf_atomic_flag_set_fetch  nrf_atomic.o
    0x0002a552   0x0000000c   Code   RO         4931    i.nrf_atomic_u32_add  nrf_atomic.o
    0x0002a55e   0x0000000c   Code   RO         4932    i.nrf_atomic_u32_and  nrf_atomic.o
    0x0002a56a   0x0000000a   Code   RO         4934    i.nrf_atomic_u32_fetch_add  nrf_atomic.o
    0x0002a574   0x0000000a   Code   RO         4935    i.nrf_atomic_u32_fetch_and  nrf_atomic.o
    0x0002a57e   0x0000000a   Code   RO         4936    i.nrf_atomic_u32_fetch_or  nrf_atomic.o
    0x0002a588   0x0000000a   Code   RO         4937    i.nrf_atomic_u32_fetch_store  nrf_atomic.o
    0x0002a592   0x0000000c   Code   RO         4941    i.nrf_atomic_u32_or  nrf_atomic.o
    0x0002a59e   0x0000000c   Code   RO         4943    i.nrf_atomic_u32_sub  nrf_atomic.o
    0x0002a5aa   0x00000044   Code   RO         5062    i.nrf_balloc_alloc  nrf_balloc.o
    0x0002a5ee   0x00000030   Code   RO         5063    i.nrf_balloc_free   nrf_balloc.o
    0x0002a61e   0x00000030   Code   RO         5064    i.nrf_balloc_init   nrf_balloc.o
    0x0002a64e   0x00000010   Code   RO         3252    i.nrf_bitmask_bit_is_set  nrfx_gpiote.o
    0x0002a65e   0x00000014   Code   RO         3253    i.nrf_bitmask_bit_set  nrfx_gpiote.o
    0x0002a672   0x00000022   Code   RO         1656    i.nrf_ble_gatt_init  nrf_ble_gatt.o
    0x0002a694   0x00000148   Code   RO         1657    i.nrf_ble_gatt_on_ble_evt  nrf_ble_gatt.o
    0x0002a7dc   0x0000004c   Code   RO         2841    i.nrf_ble_gatts_c_enable_indication  nrf_ble_gatts_c.o
    0x0002a828   0x0000002a   Code   RO         2842    i.nrf_ble_gatts_c_handles_assign  nrf_ble_gatts_c.o
    0x0002a852   0x00000002   PAD
    0x0002a854   0x00000038   Code   RO         2843    i.nrf_ble_gatts_c_init  nrf_ble_gatts_c.o
    0x0002a88c   0x0000008e   Code   RO         2844    i.nrf_ble_gatts_c_on_ble_evt  nrf_ble_gatts_c.o
    0x0002a91a   0x00000002   PAD
    0x0002a91c   0x00000080   Code   RO         2845    i.nrf_ble_gatts_c_on_db_disc_evt  nrf_ble_gatts_c.o
    0x0002a99c   0x00000016   Code   RO         1748    i.nrf_ble_qwr_conn_handle_assign  nrf_ble_qwr.o
    0x0002a9b2   0x00000024   Code   RO         1749    i.nrf_ble_qwr_init  nrf_ble_qwr.o
    0x0002a9d6   0x000000b6   Code   RO         1750    i.nrf_ble_qwr_on_ble_evt  nrf_ble_qwr.o
    0x0002aa8c   0x0000000e   Code   RO         3117    i.nrf_clock_event_check  nrfx_clock.o
    0x0002aa9a   0x00000010   Code   RO         3118    i.nrf_clock_event_clear  nrfx_clock.o
    0x0002aaaa   0x00000002   PAD
    0x0002aaac   0x00000038   Code   RO         2926    i.nrf_drv_clock_init  nrf_drv_clock.o
    0x0002aae4   0x00000030   Code   RO         2930    i.nrf_drv_clock_lfclk_release  nrf_drv_clock.o
    0x0002ab14   0x00000068   Code   RO         3064    i.nrf_drv_uart_init  nrf_drv_uart.o
    0x0002ab7c   0x0000001a   Code   RO         5099    i.nrf_fprintf       nrf_fprintf.o
    0x0002ab96   0x00000018   Code   RO         5100    i.nrf_fprintf_buffer_flush  nrf_fprintf.o
    0x0002abae   0x000001da   Code   RO         5140    i.nrf_fprintf_fmt   nrf_fprintf_format.o
    0x0002ad88   0x0000012c   Code   RO         5180    i.nrf_fstorage_erase  nrf_fstorage.o
    0x0002aeb4   0x00000088   Code   RO         5181    i.nrf_fstorage_init  nrf_fstorage.o
    0x0002af3c   0x00000050   Code   RO         5182    i.nrf_fstorage_is_busy  nrf_fstorage.o
    0x0002af8c   0x00000018   Code   RO         5266    i.nrf_fstorage_sdh_req_handler  nrf_fstorage_sd.o
    0x0002afa4   0x00000020   Code   RO         5267    i.nrf_fstorage_sdh_state_handler  nrf_fstorage_sd.o
    0x0002afc4   0x000000a4   Code   RO         5268    i.nrf_fstorage_sys_evt_handler  nrf_fstorage_sd.o
    0x0002b068   0x000001d4   Code   RO         5187    i.nrf_fstorage_write  nrf_fstorage.o
    0x0002b23c   0x00000024   Code   RO          434    i.nrf_gpio_cfg      boards.o
    0x0002b260   0x00000024   Code   RO         3254    i.nrf_gpio_cfg      nrfx_gpiote.o
    0x0002b284   0x00000024   Code   RO         3599    i.nrf_gpio_cfg      nrfx_uart.o
    0x0002b2a8   0x00000024   Code   RO         3788    i.nrf_gpio_cfg      nrfx_uarte.o
    0x0002b2cc   0x00000012   Code   RO         3600    i.nrf_gpio_cfg_default  nrfx_uart.o
    0x0002b2de   0x00000012   Code   RO         3789    i.nrf_gpio_cfg_default  nrfx_uarte.o
    0x0002b2f0   0x00000012   Code   RO         3601    i.nrf_gpio_cfg_input  nrfx_uart.o
    0x0002b302   0x00000012   Code   RO         3790    i.nrf_gpio_cfg_input  nrfx_uarte.o
    0x0002b314   0x00000014   Code   RO         3602    i.nrf_gpio_cfg_output  nrfx_uart.o
    0x0002b328   0x00000014   Code   RO         3791    i.nrf_gpio_cfg_output  nrfx_uarte.o
    0x0002b33c   0x00000022   Code   RO         3256    i.nrf_gpio_cfg_sense_set  nrfx_gpiote.o
    0x0002b35e   0x00000016   Code   RO          435    i.nrf_gpio_pin_write  boards.o
    0x0002b374   0x00000028   Code   RO         3257    i.nrf_gpio_ports_read  nrfx_gpiote.o
    0x0002b39c   0x00000014   Code   RO         3258    i.nrf_gpiote_event_clear  nrfx_gpiote.o
    0x0002b3b0   0x00000010   Code   RO         3259    i.nrf_gpiote_event_is_set  nrfx_gpiote.o
    0x0002b3c0   0x00000050   Code   RO         5770    i.nrf_log_backend_add  nrf_log_frontend.o
    0x0002b410   0x000000c8   Code   RO         5611    i.nrf_log_backend_serial_put  nrf_log_backend_serial.o
    0x0002b4d8   0x00000002   Code   RO         5651    i.nrf_log_backend_uart_flush  nrf_log_backend_uart.o
    0x0002b4da   0x00000006   Code   RO         5652    i.nrf_log_backend_uart_init  nrf_log_backend_uart.o
    0x0002b4e0   0x0000002c   Code   RO         5653    i.nrf_log_backend_uart_panic_set  nrf_log_backend_uart.o
    0x0002b50c   0x00000018   Code   RO         5654    i.nrf_log_backend_uart_put  nrf_log_backend_uart.o
    0x0002b524   0x00000030   Code   RO         5772    i.nrf_log_color_id_get  nrf_log_frontend.o
    0x0002b554   0x0000001c   Code   RO         5730    i.nrf_log_default_backends_init  nrf_log_default_backends.o
    0x0002b570   0x00000220   Code   RO         5773    i.nrf_log_frontend_dequeue  nrf_log_frontend.o
    0x0002b790   0x00000008   Code   RO         5775    i.nrf_log_frontend_std_0  nrf_log_frontend.o
    0x0002b798   0x0000000e   Code   RO         5776    i.nrf_log_frontend_std_1  nrf_log_frontend.o
    0x0002b7a6   0x00000010   Code   RO         5777    i.nrf_log_frontend_std_2  nrf_log_frontend.o
    0x0002b7b6   0x00000012   Code   RO         5778    i.nrf_log_frontend_std_3  nrf_log_frontend.o
    0x0002b7c8   0x00000014   Code   RO         5779    i.nrf_log_frontend_std_4  nrf_log_frontend.o
    0x0002b7dc   0x000000ac   Code   RO         5950    i.nrf_log_hexdump_entry_process  nrf_log_str_formatter.o
    0x0002b888   0x00000058   Code   RO         5782    i.nrf_log_init      nrf_log_frontend.o
    0x0002b8e0   0x00000014   Code   RO         5783    i.nrf_log_module_cnt_get  nrf_log_frontend.o
    0x0002b8f4   0x0000001c   Code   RO         5786    i.nrf_log_module_name_get  nrf_log_frontend.o
    0x0002b910   0x00000028   Code   RO         5787    i.nrf_log_panic     nrf_log_frontend.o
    0x0002b938   0x000000b6   Code   RO         5951    i.nrf_log_std_entry_process  nrf_log_str_formatter.o
    0x0002b9ee   0x00000060   Code   RO         5378    i.nrf_memobj_alloc  nrf_memobj.o
    0x0002ba4e   0x00000032   Code   RO         5379    i.nrf_memobj_free   nrf_memobj.o
    0x0002ba80   0x00000008   Code   RO         5380    i.nrf_memobj_get    nrf_memobj.o
    0x0002ba88   0x00000004   Code   RO         5381    i.nrf_memobj_pool_init  nrf_memobj.o
    0x0002ba8c   0x0000001e   Code   RO         5382    i.nrf_memobj_put    nrf_memobj.o
    0x0002baaa   0x0000000c   Code   RO         5383    i.nrf_memobj_read   nrf_memobj.o
    0x0002bab6   0x0000000c   Code   RO         5384    i.nrf_memobj_write  nrf_memobj.o
    0x0002bac2   0x00000002   PAD
    0x0002bac4   0x00000028   Code   RO         5456    i.nrf_pwr_mgmt_init  nrf_pwr_mgmt.o
    0x0002baec   0x00000044   Code   RO         5457    i.nrf_pwr_mgmt_run  nrf_pwr_mgmt.o
    0x0002bb30   0x00000004   Code   RO          297    i.nrf_qwr_error_handler  main.o
    0x0002bb34   0x00000014   Code   RO         6495    i.nrf_sdh_ble_app_ram_start_get  nrf_sdh_ble.o
    0x0002bb48   0x00000104   Code   RO         6496    i.nrf_sdh_ble_default_cfg_set  nrf_sdh_ble.o
    0x0002bc4c   0x0000012c   Code   RO         6497    i.nrf_sdh_ble_enable  nrf_sdh_ble.o
    0x0002bd78   0x0000005c   Code   RO         6498    i.nrf_sdh_ble_evts_poll  nrf_sdh_ble.o
    0x0002bdd4   0x00000054   Code   RO         6367    i.nrf_sdh_disable_request  nrf_sdh.o
    0x0002be28   0x00000090   Code   RO         6368    i.nrf_sdh_enable_request  nrf_sdh.o
    0x0002beb8   0x00000024   Code   RO         6369    i.nrf_sdh_evts_poll  nrf_sdh.o
    0x0002bedc   0x0000000c   Code   RO         6370    i.nrf_sdh_is_enabled  nrf_sdh.o
    0x0002bee8   0x0000001c   Code   RO         6372    i.nrf_sdh_request_continue  nrf_sdh.o
    0x0002bf04   0x0000003c   Code   RO         6546    i.nrf_sdh_soc_evts_poll  nrf_sdh_soc.o
    0x0002bf40   0x0000000a   Code   RO         5525    i.nrf_section_iter_init  nrf_section_iter.o
    0x0002bf4a   0x00000024   Code   RO         5526    i.nrf_section_iter_item_set  nrf_section_iter.o
    0x0002bf6e   0x00000020   Code   RO         5527    i.nrf_section_iter_next  nrf_section_iter.o
    0x0002bf8e   0x00000002   PAD
    0x0002bf90   0x00000038   Code   RO         5560    i.nrf_strerror_find  nrf_strerror.o
    0x0002bfc8   0x00000014   Code   RO         5561    i.nrf_strerror_get  nrf_strerror.o
    0x0002bfdc   0x0000000a   Code   RO         3603    i.nrf_uart_event_check  nrfx_uart.o
    0x0002bfe6   0x0000000c   Code   RO         3604    i.nrf_uart_event_clear  nrfx_uart.o
    0x0002bff2   0x0000000c   Code   RO         3605    i.nrf_uart_int_enable_check  nrfx_uart.o
    0x0002bffe   0x0000000a   Code   RO         3792    i.nrf_uarte_event_check  nrfx_uarte.o
    0x0002c008   0x0000000c   Code   RO         3793    i.nrf_uarte_event_clear  nrfx_uarte.o
    0x0002c014   0x0000002c   Code   RO         3123    i.nrfx_clock_enable  nrfx_clock.o
    0x0002c040   0x00000020   Code   RO         3126    i.nrfx_clock_init   nrfx_clock.o
    0x0002c060   0x0000001c   Code   RO         3129    i.nrfx_clock_lfclk_stop  nrfx_clock.o
    0x0002c07c   0x00000010   Code   RO         4175    i.nrfx_coredep_delay_us  app_timer.o
    0x0002c08c   0x000000a4   Code   RO         3264    i.nrfx_gpiote_in_event_enable  nrfx_gpiote.o
    0x0002c130   0x000000d0   Code   RO         3265    i.nrfx_gpiote_in_init  nrfx_gpiote.o
    0x0002c200   0x00000014   Code   RO         3266    i.nrfx_gpiote_in_is_set  nrfx_gpiote.o
    0x0002c214   0x00000070   Code   RO         3268    i.nrfx_gpiote_init  nrfx_gpiote.o
    0x0002c284   0x00000014   Code   RO         3269    i.nrfx_gpiote_is_init  nrfx_gpiote.o
    0x0002c298   0x00000010   Code   RO         3794    i.nrfx_is_in_ram    nrfx_uarte.o
    0x0002c2a8   0x0000003a   Code   RO         3548    i.nrfx_prs_acquire  nrfx_prs.o
    0x0002c2e2   0x00000012   Code   RO         3549    i.nrfx_prs_release  nrfx_prs.o
    0x0002c2f4   0x00000010   Code   RO         3606    i.nrfx_uart_0_irq_handler  nrfx_uart.o
    0x0002c304   0x000000d4   Code   RO         3608    i.nrfx_uart_init    nrfx_uart.o
    0x0002c3d8   0x000000a4   Code   RO         3614    i.nrfx_uart_tx      nrfx_uart.o
    0x0002c47c   0x00000020   Code   RO         3616    i.nrfx_uart_tx_in_progress  nrfx_uart.o
    0x0002c49c   0x000000b4   Code   RO         3617    i.nrfx_uart_uninit  nrfx_uart.o
    0x0002c550   0x00000010   Code   RO         3795    i.nrfx_uarte_0_irq_handler  nrfx_uarte.o
    0x0002c560   0x0000006c   Code   RO         3797    i.nrfx_uarte_init   nrfx_uarte.o
    0x0002c5cc   0x00000090   Code   RO         3801    i.nrfx_uarte_tx     nrfx_uarte.o
    0x0002c65c   0x0000001c   Code   RO         3803    i.nrfx_uarte_tx_in_progress  nrfx_uarte.o
    0x0002c678   0x000000b0   Code   RO         3804    i.nrfx_uarte_uninit  nrfx_uarte.o
    0x0002c728   0x0000006c   Code   RO            6    i.on_adv_evt        app_adv.o
    0x0002c794   0x00000114   Code   RO         1092    i.on_characteristic_discovery_rsp  ble_db_discovery.o
    0x0002c8a8   0x000000a0   Code   RO         1658    i.on_connected_evt  nrf_ble_gatt.o
    0x0002c948   0x000000f0   Code   RO         1093    i.on_descriptor_discovery_rsp  ble_db_discovery.o
    0x0002ca38   0x000000a4   Code   RO         1659    i.on_exchange_mtu_request_evt  nrf_ble_gatt.o
    0x0002cadc   0x0000006c   Code   RO         1094    i.on_primary_srv_discovery_rsp  ble_db_discovery.o
    0x0002cb48   0x0000007c   Code   RO         1095    i.on_srv_disc_completion  ble_db_discovery.o
    0x0002cbc4   0x00000024   Code   RO         4458    i.page_identify     fds.o
    0x0002cbe8   0x0000001c   Code   RO         4459    i.page_offsets_update  fds.o
    0x0002cc04   0x0000006c   Code   RO         4460    i.page_scan         fds.o
    0x0002cc70   0x0000001c   Code   RO         4461    i.page_tag_write_data  fds.o
    0x0002cc8c   0x00000024   Code   RO         4462    i.page_tag_write_swap  fds.o
    0x0002ccb0   0x0000011c   Code   RO         4463    i.pages_init        fds.o
    0x0002cdcc   0x0000000c   Code   RO         2569    i.pairing           security_dispatcher.o
    0x0002cdd8   0x00000006   Code   RO         2702    i.params_reply_pending_handle  security_manager.o
    0x0002cdde   0x00000028   Code   RO         2703    i.params_req_send   security_manager.o
    0x0002ce06   0x00000002   PAD
    0x0002ce08   0x0000001c   Code   RO         1928    i.pdb_evt_send      peer_database.o
    0x0002ce24   0x0000004c   Code   RO         1929    i.pdb_init          peer_database.o
    0x0002ce70   0x00000004   Code   RO         1931    i.pdb_next_deleted_peer_id_get  peer_database.o
    0x0002ce74   0x00000004   Code   RO         1932    i.pdb_next_peer_id_get  peer_database.o
    0x0002ce78   0x00000074   Code   RO         1933    i.pdb_pds_evt_handler  peer_database.o
    0x0002ceec   0x00000004   Code   RO         1934    i.pdb_peer_allocate  peer_database.o
    0x0002cef0   0x00000010   Code   RO         1935    i.pdb_peer_data_load  peer_database.o
    0x0002cf00   0x00000006   Code   RO         1936    i.pdb_peer_data_ptr_get  peer_database.o
    0x0002cf06   0x00000044   Code   RO         1937    i.pdb_peer_free     peer_database.o
    0x0002cf4a   0x00000008   Code   RO         1938    i.pdb_raw_store     peer_database.o
    0x0002cf52   0x00000002   PAD
    0x0002cf54   0x000000c4   Code   RO         1939    i.pdb_write_buf_get  peer_database.o
    0x0002d018   0x00000028   Code   RO         1940    i.pdb_write_buf_release  peer_database.o
    0x0002d040   0x00000028   Code   RO         1941    i.pdb_write_buf_store  peer_database.o
    0x0002d068   0x00000068   Code   RO         1942    i.pdb_write_buf_store_prepare  peer_database.o
    0x0002d0d0   0x00000010   Code   RO         1791    i.pds_evt_send      peer_data_storage.o
    0x0002d0e0   0x0000006c   Code   RO         1792    i.pds_init          peer_data_storage.o
    0x0002d14c   0x00000004   Code   RO         1793    i.pds_next_deleted_peer_id_get  peer_data_storage.o
    0x0002d150   0x00000004   Code   RO         1794    i.pds_next_peer_id_get  peer_data_storage.o
    0x0002d154   0x00000058   Code   RO         1797    i.pds_peer_data_iterate  peer_data_storage.o
    0x0002d1ac   0x00000010   Code   RO         1798    i.pds_peer_data_iterate_prepare  peer_data_storage.o
    0x0002d1bc   0x00000068   Code   RO         1799    i.pds_peer_data_read  peer_data_storage.o
    0x0002d224   0x00000096   Code   RO         1800    i.pds_peer_data_store  peer_data_storage.o
    0x0002d2ba   0x00000008   Code   RO         1801    i.pds_peer_id_allocate  peer_data_storage.o
    0x0002d2c2   0x00000016   Code   RO         1802    i.pds_peer_id_free  peer_data_storage.o
    0x0002d2d8   0x00000004   Code   RO         1803    i.pds_peer_id_is_allocated  peer_data_storage.o
    0x0002d2dc   0x0000002e   Code   RO         1804    i.pds_space_reserve  peer_data_storage.o
    0x0002d30a   0x00000010   Code   RO         1805    i.pds_space_reserve_cancel  peer_data_storage.o
    0x0002d31a   0x00000002   PAD
    0x0002d31c   0x0000000c   Code   RO         2570    i.peer_created      security_dispatcher.o
    0x0002d328   0x00000006   Code   RO         1943    i.peer_data_const_point_to_buffer  peer_database.o
    0x0002d32e   0x00000002   PAD
    0x0002d330   0x00000078   Code   RO         1806    i.peer_data_delete_process  peer_data_storage.o
    0x0002d3a8   0x00000030   Code   RO         1807    i.peer_data_find    peer_data_storage.o
    0x0002d3d8   0x00000020   Code   RO         1808    i.peer_data_id_is_valid  peer_data_storage.o
    0x0002d3f8   0x0000001a   Code   RO         1944    i.peer_data_point_to_buffer  peer_database.o
    0x0002d412   0x00000002   PAD
    0x0002d414   0x0000000c   Code   RO         2098    i.peer_id_allocate  peer_id.o
    0x0002d420   0x00000024   Code   RO         2099    i.peer_id_delete    peer_id.o
    0x0002d444   0x0000001c   Code   RO         2100    i.peer_id_free      peer_id.o
    0x0002d460   0x0000000c   Code   RO         2101    i.peer_id_get_next_deleted  peer_id.o
    0x0002d46c   0x00000030   Code   RO         2102    i.peer_id_get_next_used  peer_id.o
    0x0002d49c   0x00000028   Code   RO         2103    i.peer_id_init      peer_id.o
    0x0002d4c4   0x00000014   Code   RO         2104    i.peer_id_is_allocated  peer_id.o
    0x0002d4d8   0x00000014   Code   RO         2105    i.peer_id_is_deleted  peer_id.o
    0x0002d4ec   0x0000001c   Code   RO         1487    i.peer_id_set       id_manager.o
    0x0002d508   0x0000007c   Code   RO          298    i.peer_manager_init  main.o
    0x0002d584   0x00000012   Code   RO          835    i.phy_is_valid      ble_advertising.o
    0x0002d596   0x00000002   PAD
    0x0002d598   0x00000018   Code   RO         3285    i.pin_in_use_by_port  nrfx_gpiote.o
    0x0002d5b0   0x00000018   Code   RO         3286    i.pin_in_use_by_te  nrfx_gpiote.o
    0x0002d5c8   0x0000005c   Code   RO         2467    i.pm_buffer_block_acquire  pm_buffer.o
    0x0002d624   0x00000040   Code   RO         2468    i.pm_buffer_init    pm_buffer.o
    0x0002d664   0x00000028   Code   RO         2469    i.pm_buffer_ptr_get  pm_buffer.o
    0x0002d68c   0x0000002e   Code   RO         2470    i.pm_buffer_release  pm_buffer.o
    0x0002d6ba   0x0000000a   Code   RO         2190    i.pm_conn_sec_config_reply  peer_manager.o
    0x0002d6c4   0x00000214   Code   RO          299    i.pm_evt_handler    main.o
    0x0002d8d8   0x00000004   Code   RO         2195    i.pm_gcm_evt_handler  peer_manager.o
    0x0002d8dc   0x00000004   Code   RO         2198    i.pm_im_evt_handler  peer_manager.o
    0x0002d8e0   0x0000004c   Code   RO         2199    i.pm_init           peer_manager.o
    0x0002d92c   0x0000000e   Code   RO         2510    i.pm_mutex_init     pm_mutex.o
    0x0002d93a   0x0000001a   Code   RO         2511    i.pm_mutex_lock     pm_mutex.o
    0x0002d954   0x00000036   Code   RO         2512    i.pm_mutex_lock_first_available  pm_mutex.o
    0x0002d98a   0x00000018   Code   RO         2513    i.pm_mutex_lock_status_get  pm_mutex.o
    0x0002d9a2   0x0000003a   Code   RO         2514    i.pm_mutex_unlock   pm_mutex.o
    0x0002d9dc   0x00000118   Code   RO         2203    i.pm_pdb_evt_handler  peer_manager.o
    0x0002daf4   0x00000064   Code   RO         2210    i.pm_peer_data_load  peer_manager.o
    0x0002db58   0x0000000a   Code   RO         2211    i.pm_peer_data_remote_db_load  peer_manager.o
    0x0002db62   0x00000010   Code   RO         2212    i.pm_peer_data_remote_db_store  peer_manager.o
    0x0002db72   0x00000002   PAD
    0x0002db74   0x00000078   Code   RO         2213    i.pm_peer_data_store  peer_manager.o
    0x0002dbec   0x00000014   Code   RO         2214    i.pm_peer_delete    peer_manager.o
    0x0002dc00   0x00000024   Code   RO         2215    i.pm_peer_id_get    peer_manager.o
    0x0002dc24   0x000000b8   Code   RO         2218    i.pm_peer_ranks_get  peer_manager.o
    0x0002dcdc   0x00000068   Code   RO         2219    i.pm_peers_delete   peer_manager.o
    0x0002dd44   0x0000002c   Code   RO         2222    i.pm_register       peer_manager.o
    0x0002dd70   0x00000014   Code   RO         2223    i.pm_sec_params_set  peer_manager.o
    0x0002dd84   0x0000000a   Code   RO         2224    i.pm_sm_evt_handler  peer_manager.o
    0x0002dd8e   0x00000002   PAD
    0x0002dd90   0x0000003c   Code   RO         5953    i.postfix_process   nrf_log_str_formatter.o
    0x0002ddcc   0x00000098   Code   RO         5954    i.prefix_process    nrf_log_str_formatter.o
    0x0002de64   0x00000018   Code   RO         3550    i.prs_box_get       nrfx_prs.o
    0x0002de7c   0x0000001c   Code   RO         4464    i.queue_buf_get     fds.o
    0x0002de98   0x00000010   Code   RO         4465    i.queue_buf_store   fds.o
    0x0002dea8   0x00000014   Code   RO         5269    i.queue_free        nrf_fstorage_sd.o
    0x0002debc   0x000000a0   Code   RO         4466    i.queue_process     fds.o
    0x0002df5c   0x000000a0   Code   RO         5270    i.queue_process     nrf_fstorage_sd.o
    0x0002dffc   0x0000001c   Code   RO         4467    i.queue_start       fds.o
    0x0002e018   0x00000024   Code   RO         5271    i.queue_start       nrf_fstorage_sd.o
    0x0002e03c   0x00000028   Code   RO         2227    i.rank_vars_update  peer_manager.o
    0x0002e064   0x0000000e   Code   RO         5272    i.read              nrf_fstorage_sd.o
    0x0002e072   0x00000002   PAD
    0x0002e074   0x0000007c   Code   RO         1945    i.reattempt_previous_operations  peer_database.o
    0x0002e0f0   0x00000088   Code   RO         4468    i.record_find       fds.o
    0x0002e178   0x000000a0   Code   RO         4469    i.record_find_by_desc  fds.o
    0x0002e218   0x0000005c   Code   RO         4470    i.record_find_next  fds.o
    0x0002e274   0x00000038   Code   RO         4471    i.record_header_flag_dirty  fds.o
    0x0002e2ac   0x00000038   Code   RO         1096    i.registered_handler_get  ble_db_discovery.o
    0x0002e2e4   0x00000010   Code   RO         2107    i.release           peer_id.o
    0x0002e2f4   0x00000004   Code   RO         5273    i.rmap              nrf_fstorage_sd.o
    0x0002e2f8   0x0000003c   Code   RO         4176    i.rtc1_stop         app_timer.o
    0x0002e334   0x00000032   Code   RO         3618    i.rx_byte           nrfx_uart.o
    0x0002e366   0x00000016   Code   RO         3619    i.rx_done_event     nrfx_uart.o
    0x0002e37c   0x00000018   Code   RO         3805    i.rx_done_event     nrfx_uarte.o
    0x0002e394   0x00000024   Code   RO         1271    i.sc_send_pending_handle  gatt_cache_manager.o
    0x0002e3b8   0x00000042   Code   RO         6375    i.sd_nvic_SetPriority  nrf_sdh.o
    0x0002e3fa   0x00000002   PAD
    0x0002e3fc   0x00000050   Code   RO         2933    i.sd_state_evt_handler  nrf_drv_clock.o
    0x0002e44c   0x00000030   Code   RO         6376    i.sdh_request_observer_notify  nrf_sdh.o
    0x0002e47c   0x0000002c   Code   RO         6377    i.sdh_state_observer_notify  nrf_sdh.o
    0x0002e4a8   0x000000a2   Code   RO         2571    i.sec_info_request_process  security_dispatcher.o
    0x0002e54a   0x00000002   PAD
    0x0002e54c   0x0000006c   Code   RO         2572    i.sec_keyset_fill   security_dispatcher.o
    0x0002e5b8   0x00000076   Code   RO         2704    i.sec_params_verify  security_manager.o
    0x0002e62e   0x00000002   PAD
    0x0002e630   0x00000038   Code   RO         2573    i.sec_proc_housekeeping  security_dispatcher.o
    0x0002e668   0x00000068   Code   RO         2574    i.sec_proc_start    security_dispatcher.o
    0x0002e6d0   0x00000022   Code   RO         2575    i.send_config_req   security_dispatcher.o
    0x0002e6f2   0x00000002   PAD
    0x0002e6f4   0x00000028   Code   RO         1272    i.send_unexpected_error  gatt_cache_manager.o
    0x0002e71c   0x00000028   Code   RO         2576    i.send_unexpected_error  security_dispatcher.o
    0x0002e744   0x00000040   Code   RO         5655    i.serial_tx         nrf_log_backend_uart.o
    0x0002e784   0x00000014   Code   RO         1273    i.service_changed_pending_flags_check  gatt_cache_manager.o
    0x0002e798   0x00000044   Code   RO         1393    i.service_changed_pending_set  gatts_cache_manager.o
    0x0002e7dc   0x0000008c   Code   RO         1274    i.service_changed_send_in_evt  gatt_cache_manager.o
    0x0002e868   0x00000088   Code   RO          729    i.service_data_encode  ble_advdata.o
    0x0002e8f0   0x00000020   Code   RO         2705    i.sm_ble_evt_handler  security_manager.o
    0x0002e910   0x00000004   Code   RO         2706    i.sm_conn_sec_config_reply  security_manager.o
    0x0002e914   0x0000004c   Code   RO         2707    i.sm_init           security_manager.o
    0x0002e960   0x00000058   Code   RO         2710    i.sm_pdb_evt_handler  security_manager.o
    0x0002e9b8   0x00000034   Code   RO         2712    i.sm_sec_params_set  security_manager.o
    0x0002e9ec   0x00000060   Code   RO         2713    i.sm_smd_evt_handler  security_manager.o
    0x0002ea4c   0x000000f4   Code   RO         2577    i.smd_ble_evt_handler  security_dispatcher.o
    0x0002eb40   0x00000010   Code   RO         2578    i.smd_conn_sec_config_reply  security_dispatcher.o
    0x0002eb50   0x00000058   Code   RO         2579    i.smd_init          security_dispatcher.o
    0x0002eba8   0x00000022   Code   RO         2580    i.smd_link_secure   security_dispatcher.o
    0x0002ebca   0x00000002   PAD
    0x0002ebcc   0x000000fc   Code   RO         2581    i.smd_params_reply  security_dispatcher.o
    0x0002ecc8   0x00000040   Code   RO         2714    i.smd_params_reply_perform  security_manager.o
    0x0002ed08   0x00000018   Code   RO         2934    i.soc_evt_handler   nrf_drv_clock.o
    0x0002ed20   0x00000038   Code   RO         6378    i.softdevice_evt_irq_disable  nrf_sdh.o
    0x0002ed58   0x00000050   Code   RO         6379    i.softdevices_evt_irq_enable  nrf_sdh.o
    0x0002eda8   0x0000008c   Code   RO         5789    i.std_n             nrf_log_frontend.o
    0x0002ee34   0x00000080   Code   RO         4177    i.timer_list_handler  app_timer.o
    0x0002eeb4   0x0000003c   Code   RO         4178    i.timer_list_insert  app_timer.o
    0x0002eef0   0x00000060   Code   RO         4179    i.timer_list_remove  app_timer.o
    0x0002ef50   0x00000048   Code   RO         4180    i.timer_stop_op_schedule  app_timer.o
    0x0002ef98   0x00000074   Code   RO         4181    i.timer_timeouts_check  app_timer.o
    0x0002f00c   0x00000020   Code   RO         3621    i.tx_byte           nrfx_uart.o
    0x0002f02c   0x0000001a   Code   RO         3622    i.tx_done_event     nrfx_uart.o
    0x0002f046   0x00000002   PAD
    0x0002f048   0x00000030   Code   RO         3065    i.uart_evt_handler  nrf_drv_uart.o
    0x0002f078   0x0000000c   Code   RO         5656    i.uart_evt_handler  nrf_log_backend_uart.o
    0x0002f084   0x00000050   Code   RO         5657    i.uart_init         nrf_log_backend_uart.o
    0x0002f0d4   0x00000128   Code   RO         3623    i.uart_irq_handler  nrfx_uart.o
    0x0002f1fc   0x00000030   Code   RO         3066    i.uarte_evt_handler  nrf_drv_uart.o
    0x0002f22c   0x000000f4   Code   RO         3806    i.uarte_irq_handler  nrfx_uarte.o
    0x0002f320   0x0000000a   Code   RO          730    i.uint16_encode     ble_advdata.o
    0x0002f32a   0x00000002   PAD
    0x0002f32c   0x00000020   Code   RO         5274    i.uninit            nrf_fstorage_sd.o
    0x0002f34c   0x000000b4   Code   RO         5141    i.unsigned_print    nrf_fprintf_format.o
    0x0002f400   0x00000014   Code   RO         1275    i.update_pending_flags_check  gatt_cache_manager.o
    0x0002f414   0x00000018   Code   RO          836    i.use_whitelist     ble_advertising.o
    0x0002f42c   0x0000000c   Code   RO          941    i.user_flag_is_acquired  ble_conn_state.o
    0x0002f438   0x00000024   Code   RO         1751    i.user_mem_reply    nrf_ble_qwr.o
    0x0002f45c   0x00000030   Code   RO         4182    i.user_op_alloc     app_timer.o
    0x0002f48c   0x00000030   Code   RO          731    i.uuid_list_encode  ble_advdata.o
    0x0002f4bc   0x0000009e   Code   RO          732    i.uuid_list_sized_encode  ble_advdata.o
    0x0002f55a   0x00000004   Code   RO         5275    i.wmap              nrf_fstorage_sd.o
    0x0002f55e   0x00000002   PAD
    0x0002f560   0x00000050   Code   RO         5276    i.write             nrf_fstorage_sd.o
    0x0002f5b0   0x00000024   Code   RO         1946    i.write_buf_length_words_set  peer_database.o
    0x0002f5d4   0x00000084   Code   RO         1947    i.write_buf_store   peer_database.o
    0x0002f658   0x00000034   Code   RO         1948    i.write_buffer_record_find  peer_database.o
    0x0002f68c   0x00000028   Code   RO         1949    i.write_buffer_record_find_next  peer_database.o
    0x0002f6b4   0x0000001e   Code   RO         1950    i.write_buffer_record_invalidate  peer_database.o
    0x0002f6d2   0x00000002   PAD
    0x0002f6d4   0x0000002c   Code   RO         1951    i.write_buffer_record_release  peer_database.o
    0x0002f700   0x000000e8   Code   RO         4473    i.write_enqueue     fds.o
    0x0002f7e8   0x000000f4   Code   RO         4474    i.write_execute     fds.o
    0x0002f8dc   0x00000018   Code   RO         4475    i.write_space_free  fds.o
    0x0002f8f4   0x0000005c   Code   RO         4476    i.write_space_reserve  fds.o
    0x0002f950   0x00000002   Data   RO          436    .constdata          boards.o
    0x0002f952   0x00000002   PAD
    0x0002f954   0x00000014   Data   RO          573    .constdata          bsp.o
    0x0002f968   0x0000007c   Data   RO         1098    .constdata          ble_db_discovery.o
    0x0002f9e4   0x00000050   Data   RO         1276    .constdata          gatt_cache_manager.o
    0x0002fa34   0x00000004   Data   RO         1394    .constdata          gatts_cache_manager.o
    0x0002fa38   0x00000010   Data   RO         1395    .constdata          gatts_cache_manager.o
    0x0002fa48   0x00000004   Data   RO         1396    .constdata          gatts_cache_manager.o
    0x0002fa4c   0x00000008   Data   RO         1490    .constdata          id_manager.o
    0x0002fa54   0x00000016   Data   RO         1660    .constdata          nrf_ble_gatt.o
    0x0002fa6a   0x00000002   PAD
    0x0002fa6c   0x00000018   Data   RO         1809    .constdata          peer_data_storage.o
    0x0002fa84   0x00000010   Data   RO         1953    .constdata          peer_database.o
    0x0002fa94   0x00000010   Data   RO         2229    .constdata          peer_manager.o
    0x0002faa4   0x00000054   Data   RO         2583    .constdata          security_dispatcher.o
    0x0002faf8   0x00000004   Data   RO         2715    .constdata          security_manager.o
    0x0002fafc   0x00000010   Data   RO         2846    .constdata          nrf_ble_gatts_c.o
    0x0002fb0c   0x00000004   Data   RO         3288    .constdata          nrfx_gpiote.o
    0x0002fb10   0x00000004   Data   RO         3626    .constdata          nrfx_uart.o
    0x0002fb14   0x00000004   Data   RO         3809    .constdata          nrfx_uarte.o
    0x0002fb18   0x00000008   Data   RO         3945    .constdata          app_button.o
    0x0002fb20   0x00000006   Data   RO         4184    .constdata          app_timer.o
    0x0002fb26   0x00000002   PAD
    0x0002fb28   0x00000018   Data   RO         4478    .constdata          fds.o
    0x0002fb40   0x00000010   Data   RO         5142    .constdata          nrf_fprintf_format.o
    0x0002fb50   0x0000005e   Data   RO         5188    .constdata          nrf_fstorage.o
    0x0002fbae   0x00000002   PAD
    0x0002fbb0   0x00000010   Data   RO         5278    .constdata          nrf_fstorage_sd.o
    0x0002fbc0   0x00000020   Data   RO         5279    .constdata          nrf_fstorage_sd.o
    0x0002fbe0   0x00000018   Data   RO         5461    .constdata          nrf_pwr_mgmt.o
    0x0002fbf8   0x0000000c   Data   RO         5462    .constdata          nrf_pwr_mgmt.o
    0x0002fc04   0x0000013c   Data   RO         5562    .constdata          nrf_strerror.o
    0x0002fd40   0x0000000c   Data   RO         5659    .constdata          nrf_log_backend_uart.o
    0x0002fd4c   0x00000020   Data   RO         5660    .constdata          nrf_log_backend_uart.o
    0x0002fd6c   0x00000010   Data   RO         6380    .constdata          nrf_sdh.o
    0x0002fd7c   0x00000028   Data   RO         6381    .constdata          nrf_sdh.o
    0x0002fda4   0x00000010   Data   RO         6382    .constdata          nrf_sdh.o
    0x0002fdb4   0x00000010   Data   RO         6383    .constdata          nrf_sdh.o
    0x0002fdc4   0x00000020   Data   RO         6499    .constdata          nrf_sdh_ble.o
    0x0002fde4   0x00000010   Data   RO         6500    .constdata          nrf_sdh_ble.o
    0x0002fdf4   0x00000010   Data   RO         6547    .constdata          nrf_sdh_soc.o
    0x0002fe04   0x0000000c   Data   RO         6548    .constdata          nrf_sdh_soc.o
    0x0002fe10   0x00000081   Data   RO         6631    .constdata          mc_w.l(ctype_o.o)
    0x0002fe91   0x00000003   PAD
    0x0002fe94   0x00000004   Data   RO         6632    .constdata          mc_w.l(ctype_o.o)
    0x0002fe98   0x000000dc   Data   RO          301    .conststring        main.o
    0x0002ff74   0x000000a2   Data   RO         1661    .conststring        nrf_ble_gatt.o
    0x00030016   0x00000002   PAD
    0x00030018   0x0000004f   Data   RO         5189    .conststring        nrf_fstorage.o
    0x00030067   0x00000001   PAD
    0x00030068   0x000003eb   Data   RO         5563    .conststring        nrf_strerror.o
    0x00030453   0x00000001   PAD
    0x00030454   0x00000066   Data   RO         5955    .conststring        nrf_log_str_formatter.o
    0x000304ba   0x00000002   PAD
    0x000304bc   0x00000188   Data   RO         6501    .conststring        nrf_sdh_ble.o
    0x00030644   0x0000000c   Data   RO         1099    .conststrlit        ble_db_discovery.o
    0x00030650   0x0000000d   Data   RO         1662    .conststrlit        nrf_ble_gatt.o
    0x0003065d   0x00000003   PAD
    0x00030660   0x00000010   Data   RO         2847    .conststrlit        nrf_ble_gatts_c.o
    0x00030670   0x00000006   Data   RO         2940    .conststrlit        nrf_drv_clock.o
    0x00030676   0x00000002   PAD
    0x00030678   0x00000006   Data   RO         3133    .conststrlit        nrfx_clock.o
    0x0003067e   0x00000002   PAD
    0x00030680   0x00000007   Data   RO         3292    .conststrlit        nrfx_gpiote.o
    0x00030687   0x00000001   PAD
    0x00030688   0x00000004   Data   RO         3552    .conststrlit        nrfx_prs.o
    0x0003068c   0x00000005   Data   RO         3629    .conststrlit        nrfx_uart.o
    0x00030691   0x00000003   PAD
    0x00030694   0x00000006   Data   RO         3812    .conststrlit        nrfx_uarte.o
    0x0003069a   0x00000002   PAD
    0x0003069c   0x0000000f   Data   RO         4479    .conststrlit        fds.o
    0x000306ab   0x00000001   PAD
    0x000306ac   0x0000000d   Data   RO         5190    .conststrlit        nrf_fstorage.o
    0x000306b9   0x00000003   PAD
    0x000306bc   0x0000000e   Data   RO         5280    .conststrlit        nrf_fstorage_sd.o
    0x000306ca   0x00000002   PAD
    0x000306cc   0x00000009   Data   RO         5463    .conststrlit        nrf_pwr_mgmt.o
    0x000306d5   0x00000003   PAD
    0x000306d8   0x00000018   Data   RO         5792    .conststrlit        nrf_log_frontend.o
    0x000306f0   0x00000008   Data   RO         6384    .conststrlit        nrf_sdh.o
    0x000306f8   0x0000000c   Data   RO         6502    .conststrlit        nrf_sdh_ble.o
    0x00030704   0x0000000c   Data   RO         6549    .conststrlit        nrf_sdh_soc.o
    0x00030710   0x00000020   Data   RO         6692    Region$$Table       anon$$obj.o
    0x00030730   0x00000008   Data   RO         1101    log_const_data      ble_db_discovery.o
    0x00030738   0x00000008   Data   RO         1663    log_const_data      nrf_ble_gatt.o
    0x00030740   0x00000008   Data   RO         2848    log_const_data      nrf_ble_gatts_c.o
    0x00030748   0x00000008   Data   RO         2941    log_const_data      nrf_drv_clock.o
    0x00030750   0x00000008   Data   RO         3135    log_const_data      nrfx_clock.o
    0x00030758   0x00000008   Data   RO         3293    log_const_data      nrfx_gpiote.o
    0x00030760   0x00000008   Data   RO         3554    log_const_data      nrfx_prs.o
    0x00030768   0x00000008   Data   RO         3630    log_const_data      nrfx_uart.o
    0x00030770   0x00000008   Data   RO         3813    log_const_data      nrfx_uarte.o
    0x00030778   0x00000008   Data   RO         4483    log_const_data      fds.o
    0x00030780   0x00000008   Data   RO         5191    log_const_data      nrf_fstorage.o
    0x00030788   0x00000008   Data   RO         5283    log_const_data      nrf_fstorage_sd.o
    0x00030790   0x00000008   Data   RO         5465    log_const_data      nrf_pwr_mgmt.o
    0x00030798   0x00000010   Data   RO         5795    log_const_data      nrf_log_frontend.o
    0x000307a8   0x00000008   Data   RO         6386    log_const_data      nrf_sdh.o
    0x000307b0   0x00000008   Data   RO         6504    log_const_data      nrf_sdh_ble.o
    0x000307b8   0x00000008   Data   RO         6550    log_const_data      nrf_sdh_soc.o
    0x000307c0   0x00000018   Data   RO         5797    nrf_balloc          nrf_log_frontend.o
    0x000307d8   0x00000008   Data   RO          943    sdh_ble_observers0  ble_conn_state.o
    0x000307e0   0x00000008   Data   RO            8    sdh_ble_observers1  app_adv.o
    0x000307e8   0x00000010   Data   RO          303    sdh_ble_observers1  main.o
    0x000307f8   0x00000008   Data   RO          677    sdh_ble_observers1  bsp_btn_ble.o
    0x00030800   0x00000008   Data   RO         2231    sdh_ble_observers1  peer_manager.o
    0x00030808   0x00000010   Data   RO          304    sdh_ble_observers2  main.o
    0x00030818   0x00000008   Data   RO          305    sdh_ble_observers3  main.o
    0x00030820   0x00000008   Data   RO         5285    sdh_req_observers0  nrf_fstorage_sd.o
    0x00030828   0x00000008   Data   RO         2943    sdh_soc_observers0  nrf_drv_clock.o
    0x00030830   0x00000008   Data   RO         5286    sdh_soc_observers0  nrf_fstorage_sd.o
    0x00030838   0x00000008   Data   RO            9    sdh_soc_observers1  app_adv.o
    0x00030840   0x00000008   Data   RO         6506    sdh_stack_observers0  nrf_sdh_ble.o
    0x00030848   0x00000008   Data   RO         6552    sdh_stack_observers0  nrf_sdh_soc.o
    0x00030850   0x00000008   Data   RO         2944    sdh_state_observers0  nrf_drv_clock.o
    0x00030858   0x00000008   Data   RO         5287    sdh_state_observers0  nrf_fstorage_sd.o


    Execution Region RW_IRAM1 (Base: 0x20002218, Size: 0x00003548, Max: 0x0000dde8, ABSOLUTE, COMPRESSED[0x00000064])

    Base Addr    Size         Type   Attr      Idx    E Section Name        Object

    0x20002218   0x000002ce   Data   RW          302    .data               main.o
    0x200024e6   0x00000002   PAD
    0x200024e8   0x00000010   Data   RW          574    .data               bsp.o
    0x200024f8   0x00000008   Data   RW          676    .data               bsp_btn_ble.o
    0x20002500   0x00000010   Data   RW         1100    .data               ble_db_discovery.o
    0x20002510   0x0000000c   Data   RW         1277    .data               gatt_cache_manager.o
    0x2000251c   0x00000006   Data   RW         1397    .data               gatts_cache_manager.o
    0x20002522   0x00000003   Data   RW         1491    .data               id_manager.o
    0x20002525   0x00000003   PAD
    0x20002528   0x0000000c   Data   RW         1810    .data               peer_data_storage.o
    0x20002534   0x00000003   Data   RW         1954    .data               peer_database.o
    0x20002537   0x00000001   PAD
    0x20002538   0x00000010   Data   RW         2230    .data               peer_manager.o
    0x20002548   0x00000006   Data   RW         2584    .data               security_dispatcher.o
    0x2000254e   0x00000002   PAD
    0x20002550   0x00000015   Data   RW         2716    .data               security_manager.o
    0x20002565   0x00000003   PAD
    0x20002568   0x0000000c   Data   RW         3067    .data               nrf_drv_uart.o
    0x20002574   0x00000008   Data   RW         3134    .data               nrfx_clock.o
    0x2000257c   0x00000008   Data   RW         3553    .data               nrfx_prs.o
    0x20002584   0x00000004   PAD
    0x20002588   0x00000020   Data   RW         3946    .data               app_button.o
    0x200025a8   0x00000014   Data   RW         4185    .data               app_timer.o
    0x200025bc   0x00000014   Data   RW         4480    .data               fds.o
    0x200025d0   0x00000030   Data   RW         4481    .data               fds.o
    0x20002600   0x00000014   Data   RW         5281    .data               nrf_fstorage_sd.o
    0x20002614   0x00000008   Data   RW         5282    .data               nrf_fstorage_sd.o
    0x2000261c   0x00000008   Data   RW         5464    .data               nrf_pwr_mgmt.o
    0x20002624   0x00000018   Data   RW         5661    .data               nrf_log_backend_uart.o
    0x2000263c   0x0000000c   Data   RW         5731    .data               nrf_log_default_backends.o
    0x20002648   0x00000008   Data   RW         5793    .data               nrf_log_frontend.o
    0x20002650   0x00000008   Data   RW         5794    .data               nrf_log_frontend.o
    0x20002658   0x00000040   Data   RW         5956    .data               nrf_log_str_formatter.o
    0x20002698   0x00000003   Data   RW         6385    .data               nrf_sdh.o
    0x2000269b   0x00000001   Data   RW         6503    .data               nrf_sdh_ble.o
    0x2000269c   0x00000004   Data   RW         6587    .data               system_nrf52.o
    0x200026a0   0x00000014   Data   RW         4482    fs_data             fds.o
    0x200026b4   0x00000004   Data   RW         1102    log_dynamic_data    ble_db_discovery.o
    0x200026b8   0x00000004   Data   RW         1664    log_dynamic_data    nrf_ble_gatt.o
    0x200026bc   0x00000004   Data   RW         2849    log_dynamic_data    nrf_ble_gatts_c.o
    0x200026c0   0x00000004   Data   RW         2942    log_dynamic_data    nrf_drv_clock.o
    0x200026c4   0x00000004   Data   RW         3136    log_dynamic_data    nrfx_clock.o
    0x200026c8   0x00000004   Data   RW         3294    log_dynamic_data    nrfx_gpiote.o
    0x200026cc   0x00000004   Data   RW         3555    log_dynamic_data    nrfx_prs.o
    0x200026d0   0x00000004   Data   RW         3631    log_dynamic_data    nrfx_uart.o
    0x200026d4   0x00000004   Data   RW         3814    log_dynamic_data    nrfx_uarte.o
    0x200026d8   0x00000004   Data   RW         4484    log_dynamic_data    fds.o
    0x200026dc   0x00000004   Data   RW         5192    log_dynamic_data    nrf_fstorage.o
    0x200026e0   0x00000004   Data   RW         5284    log_dynamic_data    nrf_fstorage_sd.o
    0x200026e4   0x00000004   Data   RW         5466    log_dynamic_data    nrf_pwr_mgmt.o
    0x200026e8   0x00000008   Data   RW         5796    log_dynamic_data    nrf_log_frontend.o
    0x200026f0   0x00000004   Data   RW         6387    log_dynamic_data    nrf_sdh.o
    0x200026f4   0x00000004   Data   RW         6505    log_dynamic_data    nrf_sdh_ble.o
    0x200026f8   0x00000004   Data   RW         6551    log_dynamic_data    nrf_sdh_soc.o
    0x200026fc   0x000000b8   Zero   RW            7    .bss                app_adv.o
    0x200027b4   0x000000b8   Zero   RW          300    .bss                main.o
    0x2000286c   0x00000020   Zero   RW          570    .bss                bsp.o
    0x2000288c   0x00000020   Zero   RW          571    .bss                bsp.o
    0x200028ac   0x00000020   Zero   RW          572    .bss                bsp.o
    0x200028cc   0x00000078   Zero   RW          942    .bss                ble_conn_state.o
    0x20002944   0x00000318   Zero   RW         1097    .bss                ble_db_discovery.o
    0x20002c5c   0x00000100   Zero   RW         1489    .bss                id_manager.o
    0x20002d5c   0x000000d0   Zero   RW         1952    .bss                peer_database.o
    0x20002e2c   0x00000040   Zero   RW         2108    .bss                peer_id.o
    0x20002e6c   0x0000000c   Zero   RW         2228    .bss                peer_manager.o
    0x20002e78   0x00000040   Zero   RW         2582    .bss                security_dispatcher.o
    0x20002eb8   0x00000014   Zero   RW         2935    .bss                nrf_drv_clock.o
    0x20002ecc   0x0000005c   Zero   RW         3287    .bss                nrfx_gpiote.o
    0x20002f28   0x0000002c   Zero   RW         3624    .bss                nrfx_uart.o
    0x20002f54   0x00000024   Zero   RW         3807    .bss                nrfx_uarte.o
    0x20002f78   0x00000020   Zero   RW         3944    .bss                app_button.o
    0x20002f98   0x0000010c   Zero   RW         4183    .bss                app_timer.o
    0x200030a4   0x0000000c   Zero   RW         4336    .bss                app_util_platform.o
    0x200030b0   0x000000e0   Zero   RW         4477    .bss                fds.o
    0x20003190   0x000000a0   Zero   RW         5277    .bss                nrf_fstorage_sd.o
    0x20003230   0x0000000c   Zero   RW         5460    .bss                nrf_pwr_mgmt.o
    0x2000323c   0x00000040   Zero   RW         5658    .bss                nrf_log_backend_uart.o
    0x2000327c   0x000000c0   Zero   RW         5790    .bss                nrf_log_frontend.o
    0x2000333c   0x00000424   Zero   RW         5791    .bss                nrf_log_frontend.o
    0x20003760   0x00002000   Zero   RW         6575    STACK               arm_startup_nrf52.o


==============================================================================

Image component sizes


      Code (inc. data)   RO Data    RW Data    ZI Data      Debug   Object Name

       264         84         16          0        184     139478   app_adv.o
       440         36          8         32         32      13646   app_button.o
        22          0          0          0          0       2585   app_error.o
       124         40          0          0          0      30661   app_error_weak.o
         0          0          0          0          0      22042   app_scheduler.o
      1506        118          6         20        268      50027   app_timer.o
       124         14          0          0         12       9778   app_util_platform.o
        36          8        512          0       8192        980   arm_startup_nrf52.o
      1314          0          0          0          0      39048   ble_advdata.o
      1058          6          0          0          0      12912   ble_advertising.o
       650         46          8          0        120      13431   ble_conn_state.o
      1658         78        144         20        792      20115   ble_db_discovery.o
       290         32          2          0          0      47897   boards.o
       780         68         20         16         96      14032   bsp.o
       162          8          8          8          0       4367   bsp_btn_ble.o
      3550        328         47         92        224      54258   fds.o
       940         94         80         12          0      20520   gatt_cache_manager.o
       462         32         24          6          0       9189   gatts_cache_manager.o
      1156         58          8          3        256      20345   id_manager.o
      1630        464        260        718        184      42883   main.o
       342          0          0          0          0       7230   nrf_atfifo.o
       170          0          0          0          0       5144   nrf_atflags.o
       332          0          0          0          0      10974   nrf_atomic.o
       164          0          0          0          0       3908   nrf_balloc.o
       894        254        205          4          0      36968   nrf_ble_gatt.o
       454          8         40          4          0      42340   nrf_ble_gatts_c.o
       276          0          0          0          0       5033   nrf_ble_qwr.o
       276         34         30          4         20      38410   nrf_drv_clock.o
       200         26          0         12          0      18332   nrf_drv_uart.o
        50          0          0          0          0       3793   nrf_fprintf.o
       850          4         16          0          0       5810   nrf_fprintf_format.o
      1020        432        194          4          0       9652   nrf_fstorage.o
       798         82         94         32        160      17393   nrf_fstorage_sd.o
       200          0          0          0          0      11839   nrf_log_backend_serial.o
       232         44         44         24         64      22070   nrf_log_backend_uart.o
        28          6          0         12          0       3459   nrf_log_default_backends.o
      1528        118         64         24       1252      33143   nrf_log_frontend.o
       566        108        102         64          0       6184   nrf_log_str_formatter.o
       330          0          0          0          0      10207   nrf_memobj.o
       108         16         53         12         12      36775   nrf_pwr_mgmt.o
       660         60        104          7          0      44520   nrf_sdh.o
       672        224        468          5          0       6341   nrf_sdh_ble.o
        60          4         56          4          0       2772   nrf_sdh_soc.o
        78          0          0          0          0       3044   nrf_section_iter.o
        76         10       1319          0          0       3003   nrf_strerror.o
       222         28         14         12          0      42164   nrfx_clock.o
      1226         92         19          4         92      60282   nrfx_gpiote.o
       112         16         12         12          0       4972   nrfx_prs.o
      1292         40         17          4         44      32886   nrfx_uart.o
      1134         44         18          4         36      25785   nrfx_uarte.o
      1010         46         24         12          0      18500   peer_data_storage.o
      1200         60         16          3        208      26618   peer_database.o
       336         38          0          0         64       9971   peer_id.o
      1162         78         24         16         12      21215   peer_manager.o
       242          0          0          0          0       4795   pm_buffer.o
       226          0          0          0          0       5833   pm_mutex.o
      1646         88         84          6         64      28754   security_dispatcher.o
      1054         70          4         21          0      50328   security_manager.o
       796         70          0          4          0       3139   system_nrf52.o

    ----------------------------------------------------------------------
     38280       3614       4232       1252      12388    1291780   Object Totals
         0          0         32          0          0          0   (incl. Generated)
        92          0         36         15          0          0   (incl. Padding)

    ----------------------------------------------------------------------

      Code (inc. data)   RO Data    RW Data    ZI Data      Debug   Library Member Name

        86          0          0          0          0          0   __dczerorl2.o
         8          4        133          0          0         68   ctype_o.o
         0          0          0          0          0          0   entry.o
         0          0          0          0          0          0   entry10a.o
         0          0          0          0          0          0   entry11a.o
         8          4          0          0          0          0   entry2.o
         4          0          0          0          0          0   entry5.o
         0          0          0          0          0          0   entry7b.o
         0          0          0          0          0          0   entry8b.o
         8          4          0          0          0          0   entry9a.o
        30          0          0          0          0          0   handlers.o
        36          8          0          0          0         68   init.o
        30          0          0          0          0         68   llshl.o
        32          0          0          0          0         68   llushr.o
        26          0          0          0          0         80   memcmp.o
        36          0          0          0          0         68   memcpya.o
        36          0          0          0          0        108   memseta.o
        14          0          0          0          0         68   strlen.o
        98          0          0          0          0         92   uldiv.o

    ----------------------------------------------------------------------
       456         20        136          0          0        688   Library Totals
         4          0          3          0          0          0   (incl. Padding)

    ----------------------------------------------------------------------

      Code (inc. data)   RO Data    RW Data    ZI Data      Debug   Library Name

       452         20        133          0          0        688   mc_w.l

    ----------------------------------------------------------------------
       456         20        136          0          0        688   Library Totals

    ----------------------------------------------------------------------

==============================================================================


      Code (inc. data)   RO Data    RW Data    ZI Data      Debug   

     38736       3634       4368       1252      12388    1240844   Grand Totals
     38736       3634       4368        100      12388    1240844   ELF Image Totals (compressed)
     38736       3634       4368        100          0          0   ROM Totals

==============================================================================

    Total RO  Size (Code + RO Data)                43104 (  42.09kB)
    Total RW  Size (RW Data + ZI Data)             13640 (  13.32kB)
    Total ROM Size (Code + RO Data + RW Data)      43204 (  42.19kB)

==============================================================================

